Copyright 1986-2022 Xilinx, Inc. All Rights Reserved. Copyright 2022-2025 Advanced Micro Devices, Inc. All Rights Reserved.
--------------------------------------------------------------------------------------------------------------------------------------------------------------------------------------------
| Tool Version : Vivado v.2025.2 (win64) Build 6299465 Fri Nov 14 19:35:11 GMT 2025
| Date         : Sat Jan 10 23:12:32 2026
| Host         : STUDIOPC running 64-bit major release  (build 9200)
| Command      : report_methodology -file mbv_system_wrapper_methodology_drc_routed.rpt -pb mbv_system_wrapper_methodology_drc_routed.pb -rpx mbv_system_wrapper_methodology_drc_routed.rpx
| Design       : mbv_system_wrapper
| Device       : xc7a35ticsg324-1L
| Speed File   : -1L
| Design State : Fully Routed
--------------------------------------------------------------------------------------------------------------------------------------------------------------------------------------------

Report Methodology

Table of Contents
-----------------
1. REPORT SUMMARY
2. REPORT DETAILS

1. REPORT SUMMARY
-----------------
            Netlist: netlist
          Floorplan: design_1
      Design limits: <entire design considered>
             Max checks: <unlimited>
             Checks found: 15
+-----------+----------+---------------------------------------------+--------+
| Rule      | Severity | Description                                 | Checks |
+-----------+----------+---------------------------------------------+--------+
| LUTAR-1   | Warning  | LUT drives async reset alert                | 2      |
| TIMING-9  | Warning  | Unknown CDC Logic                           | 1      |
| TIMING-18 | Warning  | Missing input or output delay               | 11     |
| ULMTCS-1  | Warning  | Control Sets use limits recommend reduction | 1      |
+-----------+----------+---------------------------------------------+--------+

2. REPORT DETAILS
-----------------
LUTAR-1#1 Warning
LUT drives async reset alert  
LUT cell mbv_system_i/mbv_microblaze_v/U0/riscv_core_I/Base.Core/Use_Debug_Logic.Master_Core.Debug_Perf/Serial_Dbg_Intf.resume_rst_i_i_1, with 2 or more inputs, drives asynchronous preset/clear pin(s) mbv_system_i/mbv_microblaze_v/U0/riscv_core_I/Base.Core/Use_Debug_Logic.Master_Core.Debug_Perf/Serial_Dbg_Intf.resumeack_reg/PRE. The LUT may glitch and trigger an unexpected reset, even if it is a properly timed path.
Related violations: <none>

LUTAR-1#2 Warning
LUT drives async reset alert  
LUT cell mbv_system_i/mbv_microblaze_v/U0/riscv_core_I/Base.Core/Use_Debug_Logic.Master_Core.Use_Trace.Debug_Trace_Perf/External_Trace.External_Trace_Buffer/Using_FPGA.Native_i_1__7, with 2 or more inputs, drives asynchronous preset/clear pin(s) mbv_system_i/mbv_microblaze_v/U0/riscv_core_I/Base.Core/Use_Debug_Logic.Master_Core.Use_Trace.Debug_Trace_Perf/FIFO_I/data_Exists_I_reg/CLR. The LUT may glitch and trigger an unexpected reset, even if it is a properly timed path.
Related violations: <none>

TIMING-9#1 Warning
Unknown CDC Logic  
One or more asynchronous Clock Domain Crossing has been detected between 2 clock domains through a set_false_path or a set_clock_groups or set_max_delay -datapath_only constraint but no double-registers logic synchronizer has been found on the side of the capture clock. It is recommended to run report_cdc for a complete and detailed CDC coverage. Please consider using XPM_CDC to avoid Critical severities
Related violations: <none>

TIMING-18#1 Warning
Missing input or output delay  
An input delay is missing on eth_mii_rx_dv relative to the rising and/or falling clock edge(s) of eth_mii_rx_clk.
Related violations: <none>

TIMING-18#2 Warning
Missing input or output delay  
An input delay is missing on eth_mii_rx_er relative to the rising and/or falling clock edge(s) of eth_mii_rx_clk.
Related violations: <none>

TIMING-18#3 Warning
Missing input or output delay  
An input delay is missing on eth_mii_rxd[0] relative to the rising and/or falling clock edge(s) of eth_mii_rx_clk.
Related violations: <none>

TIMING-18#4 Warning
Missing input or output delay  
An input delay is missing on eth_mii_rxd[1] relative to the rising and/or falling clock edge(s) of eth_mii_rx_clk.
Related violations: <none>

TIMING-18#5 Warning
Missing input or output delay  
An input delay is missing on eth_mii_rxd[2] relative to the rising and/or falling clock edge(s) of eth_mii_rx_clk.
Related violations: <none>

TIMING-18#6 Warning
Missing input or output delay  
An input delay is missing on eth_mii_rxd[3] relative to the rising and/or falling clock edge(s) of eth_mii_rx_clk.
Related violations: <none>

TIMING-18#7 Warning
Missing input or output delay  
An output delay is missing on eth_mii_tx_en relative to the rising and/or falling clock edge(s) of eth_mii_tx_clk.
Related violations: <none>

TIMING-18#8 Warning
Missing input or output delay  
An output delay is missing on eth_mii_txd[0] relative to the rising and/or falling clock edge(s) of eth_mii_tx_clk.
Related violations: <none>

TIMING-18#9 Warning
Missing input or output delay  
An output delay is missing on eth_mii_txd[1] relative to the rising and/or falling clock edge(s) of eth_mii_tx_clk.
Related violations: <none>

TIMING-18#10 Warning
Missing input or output delay  
An output delay is missing on eth_mii_txd[2] relative to the rising and/or falling clock edge(s) of eth_mii_tx_clk.
Related violations: <none>

TIMING-18#11 Warning
Missing input or output delay  
An output delay is missing on eth_mii_txd[3] relative to the rising and/or falling clock edge(s) of eth_mii_tx_clk.
Related violations: <none>

ULMTCS-1#1 Warning
Control Sets use limits recommend reduction  
This design uses 753 control sets (vs. available limit of 8150, determined by 1 control set per CLB). This exceeds the control set use guideline of 7.5 percent. This is at a level where reduction is RECOMMENDED (see UG949). Use report_control_sets to get more details.
Related violations: <none>


