INFO: [VRFC 10-2263] Analyzing Verilog file "X:/hw/rv32imafcb_zicsr_zifencei_zbc/rv32imafcb_zicsr_zifencei_zbc.sim/sim_1/behav/xsim/glbl.v" into library xil_defaultlib
INFO: [VRFC 10-311] analyzing module glbl
INFO: [VRFC 10-163] Analyzing VHDL file "X:/hw/rv32imafcb_zicsr_zifencei_zbc/rv32imafcb_zicsr_zifencei_zbc.ip_user_files/bd/mbv_system/ip/mbv_system_microblaze_riscv_0_0/sim/mbv_system_microblaze_riscv_0_0.vhd" into library xil_defaultlib
INFO: [VRFC 10-3107] analyzing entity 'mbv_system_microblaze_riscv_0_0'
INFO: [VRFC 10-163] Analyzing VHDL file "X:/hw/rv32imafcb_zicsr_zifencei_zbc/rv32imafcb_zicsr_zifencei_zbc.ip_user_files/bd/mbv_system/ip/mbv_system_dlmb_v10_1/sim/mbv_system_dlmb_v10_1.vhd" into library xil_defaultlib
INFO: [VRFC 10-3107] analyzing entity 'mbv_system_dlmb_v10_1'
INFO: [VRFC 10-163] Analyzing VHDL file "X:/hw/rv32imafcb_zicsr_zifencei_zbc/rv32imafcb_zicsr_zifencei_zbc.ip_user_files/bd/mbv_system/ip/mbv_system_ilmb_v10_1/sim/mbv_system_ilmb_v10_1.vhd" into library xil_defaultlib
INFO: [VRFC 10-3107] analyzing entity 'mbv_system_ilmb_v10_1'
INFO: [VRFC 10-163] Analyzing VHDL file "X:/hw/rv32imafcb_zicsr_zifencei_zbc/rv32imafcb_zicsr_zifencei_zbc.ip_user_files/bd/mbv_system/ip/mbv_system_dlmb_bram_if_cntlr_1/sim/mbv_system_dlmb_bram_if_cntlr_1.vhd" into library xil_defaultlib
INFO: [VRFC 10-3107] analyzing entity 'mbv_system_dlmb_bram_if_cntlr_1'
INFO: [VRFC 10-163] Analyzing VHDL file "X:/hw/rv32imafcb_zicsr_zifencei_zbc/rv32imafcb_zicsr_zifencei_zbc.ip_user_files/bd/mbv_system/ip/mbv_system_ilmb_bram_if_cntlr_1/sim/mbv_system_ilmb_bram_if_cntlr_1.vhd" into library xil_defaultlib
INFO: [VRFC 10-3107] analyzing entity 'mbv_system_ilmb_bram_if_cntlr_1'
INFO: [VRFC 10-163] Analyzing VHDL file "X:/hw/rv32imafcb_zicsr_zifencei_zbc/rv32imafcb_zicsr_zifencei_zbc.ip_user_files/bd/mbv_system/ip/mbv_system_lmb_bram_1/mbv_system_lmb_bram_1_sim_netlist.vhdl" into library xil_defaultlib
INFO: [VRFC 10-3107] analyzing entity 'mbv_system_lmb_bram_1_blk_mem_gen_prim_wrapper'
INFO: [VRFC 10-3107] analyzing entity '\mbv_system_lmb_bram_1_blk_mem_gen_prim_wrapper__parameterized0\'
INFO: [VRFC 10-3107] analyzing entity '\mbv_system_lmb_bram_1_blk_mem_gen_prim_wrapper__parameterized1\'
INFO: [VRFC 10-3107] analyzing entity '\mbv_system_lmb_bram_1_blk_mem_gen_prim_wrapper__parameterized10\'
INFO: [VRFC 10-3107] analyzing entity '\mbv_system_lmb_bram_1_blk_mem_gen_prim_wrapper__parameterized11\'
INFO: [VRFC 10-3107] analyzing entity '\mbv_system_lmb_bram_1_blk_mem_gen_prim_wrapper__parameterized12\'
INFO: [VRFC 10-3107] analyzing entity '\mbv_system_lmb_bram_1_blk_mem_gen_prim_wrapper__parameterized13\'
INFO: [VRFC 10-3107] analyzing entity '\mbv_system_lmb_bram_1_blk_mem_gen_prim_wrapper__parameterized14\'
INFO: [VRFC 10-3107] analyzing entity '\mbv_system_lmb_bram_1_blk_mem_gen_prim_wrapper__parameterized15\'
INFO: [VRFC 10-3107] analyzing entity '\mbv_system_lmb_bram_1_blk_mem_gen_prim_wrapper__parameterized16\'
INFO: [VRFC 10-3107] analyzing entity '\mbv_system_lmb_bram_1_blk_mem_gen_prim_wrapper__parameterized17\'
INFO: [VRFC 10-3107] analyzing entity '\mbv_system_lmb_bram_1_blk_mem_gen_prim_wrapper__parameterized18\'
INFO: [VRFC 10-3107] analyzing entity '\mbv_system_lmb_bram_1_blk_mem_gen_prim_wrapper__parameterized19\'
INFO: [VRFC 10-3107] analyzing entity '\mbv_system_lmb_bram_1_blk_mem_gen_prim_wrapper__parameterized2\'
INFO: [VRFC 10-3107] analyzing entity '\mbv_system_lmb_bram_1_blk_mem_gen_prim_wrapper__parameterized20\'
INFO: [VRFC 10-3107] analyzing entity '\mbv_system_lmb_bram_1_blk_mem_gen_prim_wrapper__parameterized21\'
INFO: [VRFC 10-3107] analyzing entity '\mbv_system_lmb_bram_1_blk_mem_gen_prim_wrapper__parameterized22\'
INFO: [VRFC 10-3107] analyzing entity '\mbv_system_lmb_bram_1_blk_mem_gen_prim_wrapper__parameterized23\'
INFO: [VRFC 10-3107] analyzing entity '\mbv_system_lmb_bram_1_blk_mem_gen_prim_wrapper__parameterized24\'
INFO: [VRFC 10-3107] analyzing entity '\mbv_system_lmb_bram_1_blk_mem_gen_prim_wrapper__parameterized25\'
INFO: [VRFC 10-3107] analyzing entity '\mbv_system_lmb_bram_1_blk_mem_gen_prim_wrapper__parameterized26\'
INFO: [VRFC 10-3107] analyzing entity '\mbv_system_lmb_bram_1_blk_mem_gen_prim_wrapper__parameterized27\'
INFO: [VRFC 10-3107] analyzing entity '\mbv_system_lmb_bram_1_blk_mem_gen_prim_wrapper__parameterized28\'
INFO: [VRFC 10-3107] analyzing entity '\mbv_system_lmb_bram_1_blk_mem_gen_prim_wrapper__parameterized29\'
INFO: [VRFC 10-3107] analyzing entity '\mbv_system_lmb_bram_1_blk_mem_gen_prim_wrapper__parameterized3\'
INFO: [VRFC 10-3107] analyzing entity '\mbv_system_lmb_bram_1_blk_mem_gen_prim_wrapper__parameterized30\'
INFO: [VRFC 10-3107] analyzing entity '\mbv_system_lmb_bram_1_blk_mem_gen_prim_wrapper__parameterized4\'
INFO: [VRFC 10-3107] analyzing entity '\mbv_system_lmb_bram_1_blk_mem_gen_prim_wrapper__parameterized5\'
INFO: [VRFC 10-3107] analyzing entity '\mbv_system_lmb_bram_1_blk_mem_gen_prim_wrapper__parameterized6\'
INFO: [VRFC 10-3107] analyzing entity '\mbv_system_lmb_bram_1_blk_mem_gen_prim_wrapper__parameterized7\'
INFO: [VRFC 10-3107] analyzing entity '\mbv_system_lmb_bram_1_blk_mem_gen_prim_wrapper__parameterized8\'
INFO: [VRFC 10-3107] analyzing entity '\mbv_system_lmb_bram_1_blk_mem_gen_prim_wrapper__parameterized9\'
INFO: [VRFC 10-3107] analyzing entity 'mbv_system_lmb_bram_1_blk_mem_gen_prim_width'
INFO: [VRFC 10-3107] analyzing entity '\mbv_system_lmb_bram_1_blk_mem_gen_prim_width__parameterized0\'
INFO: [VRFC 10-3107] analyzing entity '\mbv_system_lmb_bram_1_blk_mem_gen_prim_width__parameterized1\'
INFO: [VRFC 10-3107] analyzing entity '\mbv_system_lmb_bram_1_blk_mem_gen_prim_width__parameterized10\'
INFO: [VRFC 10-3107] analyzing entity '\mbv_system_lmb_bram_1_blk_mem_gen_prim_width__parameterized11\'
INFO: [VRFC 10-3107] analyzing entity '\mbv_system_lmb_bram_1_blk_mem_gen_prim_width__parameterized12\'
INFO: [VRFC 10-3107] analyzing entity '\mbv_system_lmb_bram_1_blk_mem_gen_prim_width__parameterized13\'
INFO: [VRFC 10-3107] analyzing entity '\mbv_system_lmb_bram_1_blk_mem_gen_prim_width__parameterized14\'
INFO: [VRFC 10-3107] analyzing entity '\mbv_system_lmb_bram_1_blk_mem_gen_prim_width__parameterized15\'
INFO: [VRFC 10-3107] analyzing entity '\mbv_system_lmb_bram_1_blk_mem_gen_prim_width__parameterized16\'
INFO: [VRFC 10-3107] analyzing entity '\mbv_system_lmb_bram_1_blk_mem_gen_prim_width__parameterized17\'
INFO: [VRFC 10-3107] analyzing entity '\mbv_system_lmb_bram_1_blk_mem_gen_prim_width__parameterized18\'
INFO: [VRFC 10-3107] analyzing entity '\mbv_system_lmb_bram_1_blk_mem_gen_prim_width__parameterized19\'
INFO: [VRFC 10-3107] analyzing entity '\mbv_system_lmb_bram_1_blk_mem_gen_prim_width__parameterized2\'
INFO: [VRFC 10-3107] analyzing entity '\mbv_system_lmb_bram_1_blk_mem_gen_prim_width__parameterized20\'
INFO: [VRFC 10-3107] analyzing entity '\mbv_system_lmb_bram_1_blk_mem_gen_prim_width__parameterized21\'
INFO: [VRFC 10-3107] analyzing entity '\mbv_system_lmb_bram_1_blk_mem_gen_prim_width__parameterized22\'
INFO: [VRFC 10-3107] analyzing entity '\mbv_system_lmb_bram_1_blk_mem_gen_prim_width__parameterized23\'
INFO: [VRFC 10-3107] analyzing entity '\mbv_system_lmb_bram_1_blk_mem_gen_prim_width__parameterized24\'
INFO: [VRFC 10-3107] analyzing entity '\mbv_system_lmb_bram_1_blk_mem_gen_prim_width__parameterized25\'
INFO: [VRFC 10-3107] analyzing entity '\mbv_system_lmb_bram_1_blk_mem_gen_prim_width__parameterized26\'
INFO: [VRFC 10-3107] analyzing entity '\mbv_system_lmb_bram_1_blk_mem_gen_prim_width__parameterized27\'
INFO: [VRFC 10-3107] analyzing entity '\mbv_system_lmb_bram_1_blk_mem_gen_prim_width__parameterized28\'
INFO: [VRFC 10-3107] analyzing entity '\mbv_system_lmb_bram_1_blk_mem_gen_prim_width__parameterized29\'
INFO: [VRFC 10-3107] analyzing entity '\mbv_system_lmb_bram_1_blk_mem_gen_prim_width__parameterized3\'
INFO: [VRFC 10-3107] analyzing entity '\mbv_system_lmb_bram_1_blk_mem_gen_prim_width__parameterized30\'
INFO: [VRFC 10-3107] analyzing entity '\mbv_system_lmb_bram_1_blk_mem_gen_prim_width__parameterized4\'
INFO: [VRFC 10-3107] analyzing entity '\mbv_system_lmb_bram_1_blk_mem_gen_prim_width__parameterized5\'
INFO: [VRFC 10-3107] analyzing entity '\mbv_system_lmb_bram_1_blk_mem_gen_prim_width__parameterized6\'
INFO: [VRFC 10-3107] analyzing entity '\mbv_system_lmb_bram_1_blk_mem_gen_prim_width__parameterized7\'
INFO: [VRFC 10-3107] analyzing entity '\mbv_system_lmb_bram_1_blk_mem_gen_prim_width__parameterized8\'
INFO: [VRFC 10-3107] analyzing entity '\mbv_system_lmb_bram_1_blk_mem_gen_prim_width__parameterized9\'
INFO: [VRFC 10-3107] analyzing entity 'mbv_system_lmb_bram_1_blk_mem_gen_generic_cstr'
INFO: [VRFC 10-3107] analyzing entity 'mbv_system_lmb_bram_1_blk_mem_gen_top'
INFO: [VRFC 10-3107] analyzing entity 'mbv_system_lmb_bram_1_blk_mem_gen_v8_4_12_synth'
INFO: [VRFC 10-3107] analyzing entity 'mbv_system_lmb_bram_1_blk_mem_gen_v8_4_12'
INFO: [VRFC 10-3107] analyzing entity 'mbv_system_lmb_bram_1'
INFO: [VRFC 10-163] Analyzing VHDL file "X:/hw/rv32imafcb_zicsr_zifencei_zbc/rv32imafcb_zicsr_zifencei_zbc.ip_user_files/bd/mbv_system/ip/mbv_system_mbv_riscv_axi_periph_1/mbv_system_mbv_riscv_axi_periph_1_sim_netlist.vhdl" into library xil_defaultlib
INFO: [VRFC 10-3107] analyzing entity 'mbv_system_mbv_riscv_axi_periph_1_upcnt_n'
INFO: [VRFC 10-3107] analyzing entity 'mbv_system_mbv_riscv_axi_periph_1_xpm_cdc_single'
INFO: [VRFC 10-3107] analyzing entity '\mbv_system_mbv_riscv_axi_periph_1_xpm_cdc_single__1\'
INFO: [VRFC 10-3107] analyzing entity 'mbv_system_mbv_riscv_axi_periph_1_xpm_cdc_async_rst'
INFO: [VRFC 10-3107] analyzing entity '\mbv_system_mbv_riscv_axi_periph_1_xpm_cdc_async_rst__1\'
INFO: [VRFC 10-3107] analyzing entity '\mbv_system_mbv_riscv_axi_periph_1_xpm_cdc_async_rst__10\'
INFO: [VRFC 10-3107] analyzing entity '\mbv_system_mbv_riscv_axi_periph_1_xpm_cdc_async_rst__100\'
INFO: [VRFC 10-3107] analyzing entity '\mbv_system_mbv_riscv_axi_periph_1_xpm_cdc_async_rst__101\'
INFO: [VRFC 10-3107] analyzing entity '\mbv_system_mbv_riscv_axi_periph_1_xpm_cdc_async_rst__102\'
INFO: [VRFC 10-3107] analyzing entity '\mbv_system_mbv_riscv_axi_periph_1_xpm_cdc_async_rst__103\'
INFO: [VRFC 10-3107] analyzing entity '\mbv_system_mbv_riscv_axi_periph_1_xpm_cdc_async_rst__104\'
INFO: [VRFC 10-3107] analyzing entity '\mbv_system_mbv_riscv_axi_periph_1_xpm_cdc_async_rst__105\'
INFO: [VRFC 10-3107] analyzing entity '\mbv_system_mbv_riscv_axi_periph_1_xpm_cdc_async_rst__106\'
INFO: [VRFC 10-3107] analyzing entity '\mbv_system_mbv_riscv_axi_periph_1_xpm_cdc_async_rst__107\'
INFO: [VRFC 10-3107] analyzing entity '\mbv_system_mbv_riscv_axi_periph_1_xpm_cdc_async_rst__108\'
INFO: [VRFC 10-3107] analyzing entity '\mbv_system_mbv_riscv_axi_periph_1_xpm_cdc_async_rst__109\'
INFO: [VRFC 10-3107] analyzing entity '\mbv_system_mbv_riscv_axi_periph_1_xpm_cdc_async_rst__11\'
INFO: [VRFC 10-3107] analyzing entity '\mbv_system_mbv_riscv_axi_periph_1_xpm_cdc_async_rst__110\'
INFO: [VRFC 10-3107] analyzing entity '\mbv_system_mbv_riscv_axi_periph_1_xpm_cdc_async_rst__111\'
INFO: [VRFC 10-3107] analyzing entity '\mbv_system_mbv_riscv_axi_periph_1_xpm_cdc_async_rst__112\'
INFO: [VRFC 10-3107] analyzing entity '\mbv_system_mbv_riscv_axi_periph_1_xpm_cdc_async_rst__113\'
INFO: [VRFC 10-3107] analyzing entity '\mbv_system_mbv_riscv_axi_periph_1_xpm_cdc_async_rst__114\'
INFO: [VRFC 10-3107] analyzing entity '\mbv_system_mbv_riscv_axi_periph_1_xpm_cdc_async_rst__115\'
INFO: [VRFC 10-3107] analyzing entity '\mbv_system_mbv_riscv_axi_periph_1_xpm_cdc_async_rst__116\'
INFO: [VRFC 10-3107] analyzing entity '\mbv_system_mbv_riscv_axi_periph_1_xpm_cdc_async_rst__117\'
INFO: [VRFC 10-3107] analyzing entity '\mbv_system_mbv_riscv_axi_periph_1_xpm_cdc_async_rst__118\'
INFO: [VRFC 10-3107] analyzing entity '\mbv_system_mbv_riscv_axi_periph_1_xpm_cdc_async_rst__119\'
INFO: [VRFC 10-3107] analyzing entity '\mbv_system_mbv_riscv_axi_periph_1_xpm_cdc_async_rst__12\'
INFO: [VRFC 10-3107] analyzing entity '\mbv_system_mbv_riscv_axi_periph_1_xpm_cdc_async_rst__120\'
INFO: [VRFC 10-3107] analyzing entity '\mbv_system_mbv_riscv_axi_periph_1_xpm_cdc_async_rst__121\'
INFO: [VRFC 10-3107] analyzing entity '\mbv_system_mbv_riscv_axi_periph_1_xpm_cdc_async_rst__122\'
INFO: [VRFC 10-3107] analyzing entity '\mbv_system_mbv_riscv_axi_periph_1_xpm_cdc_async_rst__123\'
INFO: [VRFC 10-3107] analyzing entity '\mbv_system_mbv_riscv_axi_periph_1_xpm_cdc_async_rst__124\'
INFO: [VRFC 10-3107] analyzing entity '\mbv_system_mbv_riscv_axi_periph_1_xpm_cdc_async_rst__125\'
INFO: [VRFC 10-3107] analyzing entity '\mbv_system_mbv_riscv_axi_periph_1_xpm_cdc_async_rst__126\'
INFO: [VRFC 10-3107] analyzing entity '\mbv_system_mbv_riscv_axi_periph_1_xpm_cdc_async_rst__127\'
INFO: [VRFC 10-3107] analyzing entity '\mbv_system_mbv_riscv_axi_periph_1_xpm_cdc_async_rst__128\'
INFO: [VRFC 10-3107] analyzing entity '\mbv_system_mbv_riscv_axi_periph_1_xpm_cdc_async_rst__129\'
INFO: [VRFC 10-3107] analyzing entity '\mbv_system_mbv_riscv_axi_periph_1_xpm_cdc_async_rst__13\'
INFO: [VRFC 10-3107] analyzing entity '\mbv_system_mbv_riscv_axi_periph_1_xpm_cdc_async_rst__130\'
INFO: [VRFC 10-3107] analyzing entity '\mbv_system_mbv_riscv_axi_periph_1_xpm_cdc_async_rst__131\'
INFO: [VRFC 10-3107] analyzing entity '\mbv_system_mbv_riscv_axi_periph_1_xpm_cdc_async_rst__132\'
INFO: [VRFC 10-3107] analyzing entity '\mbv_system_mbv_riscv_axi_periph_1_xpm_cdc_async_rst__133\'
INFO: [VRFC 10-3107] analyzing entity '\mbv_system_mbv_riscv_axi_periph_1_xpm_cdc_async_rst__134\'
INFO: [VRFC 10-3107] analyzing entity '\mbv_system_mbv_riscv_axi_periph_1_xpm_cdc_async_rst__135\'
INFO: [VRFC 10-3107] analyzing entity '\mbv_system_mbv_riscv_axi_periph_1_xpm_cdc_async_rst__136\'
INFO: [VRFC 10-3107] analyzing entity '\mbv_system_mbv_riscv_axi_periph_1_xpm_cdc_async_rst__137\'
INFO: [VRFC 10-3107] analyzing entity '\mbv_system_mbv_riscv_axi_periph_1_xpm_cdc_async_rst__138\'
INFO: [VRFC 10-3107] analyzing entity '\mbv_system_mbv_riscv_axi_periph_1_xpm_cdc_async_rst__139\'
INFO: [VRFC 10-3107] analyzing entity '\mbv_system_mbv_riscv_axi_periph_1_xpm_cdc_async_rst__14\'
INFO: [VRFC 10-3107] analyzing entity '\mbv_system_mbv_riscv_axi_periph_1_xpm_cdc_async_rst__140\'
INFO: [VRFC 10-3107] analyzing entity '\mbv_system_mbv_riscv_axi_periph_1_xpm_cdc_async_rst__141\'
INFO: [VRFC 10-3107] analyzing entity '\mbv_system_mbv_riscv_axi_periph_1_xpm_cdc_async_rst__142\'
INFO: [VRFC 10-3107] analyzing entity '\mbv_system_mbv_riscv_axi_periph_1_xpm_cdc_async_rst__143\'
INFO: [VRFC 10-3107] analyzing entity '\mbv_system_mbv_riscv_axi_periph_1_xpm_cdc_async_rst__144\'
INFO: [VRFC 10-3107] analyzing entity '\mbv_system_mbv_riscv_axi_periph_1_xpm_cdc_async_rst__145\'
INFO: [VRFC 10-3107] analyzing entity '\mbv_system_mbv_riscv_axi_periph_1_xpm_cdc_async_rst__146\'
INFO: [VRFC 10-3107] analyzing entity '\mbv_system_mbv_riscv_axi_periph_1_xpm_cdc_async_rst__147\'
INFO: [VRFC 10-3107] analyzing entity '\mbv_system_mbv_riscv_axi_periph_1_xpm_cdc_async_rst__148\'
INFO: [VRFC 10-3107] analyzing entity '\mbv_system_mbv_riscv_axi_periph_1_xpm_cdc_async_rst__149\'
INFO: [VRFC 10-3107] analyzing entity '\mbv_system_mbv_riscv_axi_periph_1_xpm_cdc_async_rst__15\'
INFO: [VRFC 10-3107] analyzing entity '\mbv_system_mbv_riscv_axi_periph_1_xpm_cdc_async_rst__150\'
INFO: [VRFC 10-3107] analyzing entity '\mbv_system_mbv_riscv_axi_periph_1_xpm_cdc_async_rst__151\'
INFO: [VRFC 10-3107] analyzing entity '\mbv_system_mbv_riscv_axi_periph_1_xpm_cdc_async_rst__152\'
INFO: [VRFC 10-3107] analyzing entity '\mbv_system_mbv_riscv_axi_periph_1_xpm_cdc_async_rst__153\'
INFO: [VRFC 10-3107] analyzing entity '\mbv_system_mbv_riscv_axi_periph_1_xpm_cdc_async_rst__154\'
INFO: [VRFC 10-3107] analyzing entity '\mbv_system_mbv_riscv_axi_periph_1_xpm_cdc_async_rst__155\'
INFO: [VRFC 10-3107] analyzing entity '\mbv_system_mbv_riscv_axi_periph_1_xpm_cdc_async_rst__156\'
INFO: [VRFC 10-3107] analyzing entity '\mbv_system_mbv_riscv_axi_periph_1_xpm_cdc_async_rst__157\'
INFO: [VRFC 10-3107] analyzing entity '\mbv_system_mbv_riscv_axi_periph_1_xpm_cdc_async_rst__158\'
INFO: [VRFC 10-3107] analyzing entity '\mbv_system_mbv_riscv_axi_periph_1_xpm_cdc_async_rst__159\'
INFO: [VRFC 10-3107] analyzing entity '\mbv_system_mbv_riscv_axi_periph_1_xpm_cdc_async_rst__16\'
INFO: [VRFC 10-3107] analyzing entity '\mbv_system_mbv_riscv_axi_periph_1_xpm_cdc_async_rst__160\'
INFO: [VRFC 10-3107] analyzing entity '\mbv_system_mbv_riscv_axi_periph_1_xpm_cdc_async_rst__161\'
INFO: [VRFC 10-3107] analyzing entity '\mbv_system_mbv_riscv_axi_periph_1_xpm_cdc_async_rst__162\'
INFO: [VRFC 10-3107] analyzing entity '\mbv_system_mbv_riscv_axi_periph_1_xpm_cdc_async_rst__163\'
INFO: [VRFC 10-3107] analyzing entity '\mbv_system_mbv_riscv_axi_periph_1_xpm_cdc_async_rst__164\'
INFO: [VRFC 10-3107] analyzing entity '\mbv_system_mbv_riscv_axi_periph_1_xpm_cdc_async_rst__165\'
INFO: [VRFC 10-3107] analyzing entity '\mbv_system_mbv_riscv_axi_periph_1_xpm_cdc_async_rst__166\'
INFO: [VRFC 10-3107] analyzing entity '\mbv_system_mbv_riscv_axi_periph_1_xpm_cdc_async_rst__167\'
INFO: [VRFC 10-3107] analyzing entity '\mbv_system_mbv_riscv_axi_periph_1_xpm_cdc_async_rst__168\'
INFO: [VRFC 10-3107] analyzing entity '\mbv_system_mbv_riscv_axi_periph_1_xpm_cdc_async_rst__169\'
INFO: [VRFC 10-3107] analyzing entity '\mbv_system_mbv_riscv_axi_periph_1_xpm_cdc_async_rst__17\'
INFO: [VRFC 10-3107] analyzing entity '\mbv_system_mbv_riscv_axi_periph_1_xpm_cdc_async_rst__170\'
INFO: [VRFC 10-3107] analyzing entity '\mbv_system_mbv_riscv_axi_periph_1_xpm_cdc_async_rst__171\'
INFO: [VRFC 10-3107] analyzing entity '\mbv_system_mbv_riscv_axi_periph_1_xpm_cdc_async_rst__172\'
INFO: [VRFC 10-3107] analyzing entity '\mbv_system_mbv_riscv_axi_periph_1_xpm_cdc_async_rst__173\'
INFO: [VRFC 10-3107] analyzing entity '\mbv_system_mbv_riscv_axi_periph_1_xpm_cdc_async_rst__174\'
INFO: [VRFC 10-3107] analyzing entity '\mbv_system_mbv_riscv_axi_periph_1_xpm_cdc_async_rst__175\'
INFO: [VRFC 10-3107] analyzing entity '\mbv_system_mbv_riscv_axi_periph_1_xpm_cdc_async_rst__176\'
INFO: [VRFC 10-3107] analyzing entity '\mbv_system_mbv_riscv_axi_periph_1_xpm_cdc_async_rst__18\'
INFO: [VRFC 10-3107] analyzing entity '\mbv_system_mbv_riscv_axi_periph_1_xpm_cdc_async_rst__19\'
INFO: [VRFC 10-3107] analyzing entity '\mbv_system_mbv_riscv_axi_periph_1_xpm_cdc_async_rst__2\'
INFO: [VRFC 10-3107] analyzing entity '\mbv_system_mbv_riscv_axi_periph_1_xpm_cdc_async_rst__20\'
INFO: [VRFC 10-3107] analyzing entity '\mbv_system_mbv_riscv_axi_periph_1_xpm_cdc_async_rst__21\'
INFO: [VRFC 10-3107] analyzing entity '\mbv_system_mbv_riscv_axi_periph_1_xpm_cdc_async_rst__22\'
INFO: [VRFC 10-3107] analyzing entity '\mbv_system_mbv_riscv_axi_periph_1_xpm_cdc_async_rst__23\'
INFO: [VRFC 10-3107] analyzing entity '\mbv_system_mbv_riscv_axi_periph_1_xpm_cdc_async_rst__24\'
INFO: [VRFC 10-3107] analyzing entity '\mbv_system_mbv_riscv_axi_periph_1_xpm_cdc_async_rst__25\'
INFO: [VRFC 10-3107] analyzing entity '\mbv_system_mbv_riscv_axi_periph_1_xpm_cdc_async_rst__26\'
INFO: [VRFC 10-3107] analyzing entity '\mbv_system_mbv_riscv_axi_periph_1_xpm_cdc_async_rst__27\'
INFO: [VRFC 10-3107] analyzing entity '\mbv_system_mbv_riscv_axi_periph_1_xpm_cdc_async_rst__28\'
INFO: [VRFC 10-3107] analyzing entity '\mbv_system_mbv_riscv_axi_periph_1_xpm_cdc_async_rst__29\'
INFO: [VRFC 10-3107] analyzing entity '\mbv_system_mbv_riscv_axi_periph_1_xpm_cdc_async_rst__3\'
INFO: [VRFC 10-3107] analyzing entity '\mbv_system_mbv_riscv_axi_periph_1_xpm_cdc_async_rst__30\'
INFO: [VRFC 10-3107] analyzing entity '\mbv_system_mbv_riscv_axi_periph_1_xpm_cdc_async_rst__31\'
INFO: [VRFC 10-3107] analyzing entity '\mbv_system_mbv_riscv_axi_periph_1_xpm_cdc_async_rst__32\'
INFO: [VRFC 10-3107] analyzing entity '\mbv_system_mbv_riscv_axi_periph_1_xpm_cdc_async_rst__33\'
INFO: [VRFC 10-3107] analyzing entity '\mbv_system_mbv_riscv_axi_periph_1_xpm_cdc_async_rst__34\'
INFO: [VRFC 10-3107] analyzing entity '\mbv_system_mbv_riscv_axi_periph_1_xpm_cdc_async_rst__35\'
INFO: [VRFC 10-3107] analyzing entity '\mbv_system_mbv_riscv_axi_periph_1_xpm_cdc_async_rst__36\'
INFO: [VRFC 10-3107] analyzing entity '\mbv_system_mbv_riscv_axi_periph_1_xpm_cdc_async_rst__37\'
INFO: [VRFC 10-3107] analyzing entity '\mbv_system_mbv_riscv_axi_periph_1_xpm_cdc_async_rst__38\'
INFO: [VRFC 10-3107] analyzing entity '\mbv_system_mbv_riscv_axi_periph_1_xpm_cdc_async_rst__39\'
INFO: [VRFC 10-3107] analyzing entity '\mbv_system_mbv_riscv_axi_periph_1_xpm_cdc_async_rst__4\'
INFO: [VRFC 10-3107] analyzing entity '\mbv_system_mbv_riscv_axi_periph_1_xpm_cdc_async_rst__40\'
INFO: [VRFC 10-3107] analyzing entity '\mbv_system_mbv_riscv_axi_periph_1_xpm_cdc_async_rst__41\'
INFO: [VRFC 10-3107] analyzing entity '\mbv_system_mbv_riscv_axi_periph_1_xpm_cdc_async_rst__42\'
INFO: [VRFC 10-3107] analyzing entity '\mbv_system_mbv_riscv_axi_periph_1_xpm_cdc_async_rst__43\'
INFO: [VRFC 10-3107] analyzing entity '\mbv_system_mbv_riscv_axi_periph_1_xpm_cdc_async_rst__44\'
INFO: [VRFC 10-3107] analyzing entity '\mbv_system_mbv_riscv_axi_periph_1_xpm_cdc_async_rst__45\'
INFO: [VRFC 10-3107] analyzing entity '\mbv_system_mbv_riscv_axi_periph_1_xpm_cdc_async_rst__46\'
INFO: [VRFC 10-3107] analyzing entity '\mbv_system_mbv_riscv_axi_periph_1_xpm_cdc_async_rst__47\'
INFO: [VRFC 10-3107] analyzing entity '\mbv_system_mbv_riscv_axi_periph_1_xpm_cdc_async_rst__48\'
INFO: [VRFC 10-3107] analyzing entity '\mbv_system_mbv_riscv_axi_periph_1_xpm_cdc_async_rst__49\'
INFO: [VRFC 10-3107] analyzing entity '\mbv_system_mbv_riscv_axi_periph_1_xpm_cdc_async_rst__5\'
INFO: [VRFC 10-3107] analyzing entity '\mbv_system_mbv_riscv_axi_periph_1_xpm_cdc_async_rst__50\'
INFO: [VRFC 10-3107] analyzing entity '\mbv_system_mbv_riscv_axi_periph_1_xpm_cdc_async_rst__51\'
INFO: [VRFC 10-3107] analyzing entity '\mbv_system_mbv_riscv_axi_periph_1_xpm_cdc_async_rst__52\'
INFO: [VRFC 10-3107] analyzing entity '\mbv_system_mbv_riscv_axi_periph_1_xpm_cdc_async_rst__53\'
INFO: [VRFC 10-3107] analyzing entity '\mbv_system_mbv_riscv_axi_periph_1_xpm_cdc_async_rst__54\'
INFO: [VRFC 10-3107] analyzing entity '\mbv_system_mbv_riscv_axi_periph_1_xpm_cdc_async_rst__55\'
INFO: [VRFC 10-3107] analyzing entity '\mbv_system_mbv_riscv_axi_periph_1_xpm_cdc_async_rst__56\'
INFO: [VRFC 10-3107] analyzing entity '\mbv_system_mbv_riscv_axi_periph_1_xpm_cdc_async_rst__57\'
INFO: [VRFC 10-3107] analyzing entity '\mbv_system_mbv_riscv_axi_periph_1_xpm_cdc_async_rst__58\'
INFO: [VRFC 10-3107] analyzing entity '\mbv_system_mbv_riscv_axi_periph_1_xpm_cdc_async_rst__59\'
INFO: [VRFC 10-3107] analyzing entity '\mbv_system_mbv_riscv_axi_periph_1_xpm_cdc_async_rst__6\'
INFO: [VRFC 10-3107] analyzing entity '\mbv_system_mbv_riscv_axi_periph_1_xpm_cdc_async_rst__60\'
INFO: [VRFC 10-3107] analyzing entity '\mbv_system_mbv_riscv_axi_periph_1_xpm_cdc_async_rst__61\'
INFO: [VRFC 10-3107] analyzing entity '\mbv_system_mbv_riscv_axi_periph_1_xpm_cdc_async_rst__62\'
INFO: [VRFC 10-3107] analyzing entity '\mbv_system_mbv_riscv_axi_periph_1_xpm_cdc_async_rst__63\'
INFO: [VRFC 10-3107] analyzing entity '\mbv_system_mbv_riscv_axi_periph_1_xpm_cdc_async_rst__64\'
INFO: [VRFC 10-3107] analyzing entity '\mbv_system_mbv_riscv_axi_periph_1_xpm_cdc_async_rst__65\'
INFO: [VRFC 10-3107] analyzing entity '\mbv_system_mbv_riscv_axi_periph_1_xpm_cdc_async_rst__66\'
INFO: [VRFC 10-3107] analyzing entity '\mbv_system_mbv_riscv_axi_periph_1_xpm_cdc_async_rst__67\'
INFO: [VRFC 10-3107] analyzing entity '\mbv_system_mbv_riscv_axi_periph_1_xpm_cdc_async_rst__68\'
INFO: [VRFC 10-3107] analyzing entity '\mbv_system_mbv_riscv_axi_periph_1_xpm_cdc_async_rst__69\'
INFO: [VRFC 10-3107] analyzing entity '\mbv_system_mbv_riscv_axi_periph_1_xpm_cdc_async_rst__7\'
INFO: [VRFC 10-3107] analyzing entity '\mbv_system_mbv_riscv_axi_periph_1_xpm_cdc_async_rst__70\'
INFO: [VRFC 10-3107] analyzing entity '\mbv_system_mbv_riscv_axi_periph_1_xpm_cdc_async_rst__71\'
INFO: [VRFC 10-3107] analyzing entity '\mbv_system_mbv_riscv_axi_periph_1_xpm_cdc_async_rst__72\'
INFO: [VRFC 10-3107] analyzing entity '\mbv_system_mbv_riscv_axi_periph_1_xpm_cdc_async_rst__73\'
INFO: [VRFC 10-3107] analyzing entity '\mbv_system_mbv_riscv_axi_periph_1_xpm_cdc_async_rst__74\'
INFO: [VRFC 10-3107] analyzing entity '\mbv_system_mbv_riscv_axi_periph_1_xpm_cdc_async_rst__75\'
INFO: [VRFC 10-3107] analyzing entity '\mbv_system_mbv_riscv_axi_periph_1_xpm_cdc_async_rst__76\'
INFO: [VRFC 10-3107] analyzing entity '\mbv_system_mbv_riscv_axi_periph_1_xpm_cdc_async_rst__77\'
INFO: [VRFC 10-3107] analyzing entity '\mbv_system_mbv_riscv_axi_periph_1_xpm_cdc_async_rst__78\'
INFO: [VRFC 10-3107] analyzing entity '\mbv_system_mbv_riscv_axi_periph_1_xpm_cdc_async_rst__79\'
INFO: [VRFC 10-3107] analyzing entity '\mbv_system_mbv_riscv_axi_periph_1_xpm_cdc_async_rst__8\'
INFO: [VRFC 10-3107] analyzing entity '\mbv_system_mbv_riscv_axi_periph_1_xpm_cdc_async_rst__80\'
INFO: [VRFC 10-3107] analyzing entity '\mbv_system_mbv_riscv_axi_periph_1_xpm_cdc_async_rst__81\'
INFO: [VRFC 10-3107] analyzing entity '\mbv_system_mbv_riscv_axi_periph_1_xpm_cdc_async_rst__82\'
INFO: [VRFC 10-3107] analyzing entity '\mbv_system_mbv_riscv_axi_periph_1_xpm_cdc_async_rst__83\'
INFO: [VRFC 10-3107] analyzing entity '\mbv_system_mbv_riscv_axi_periph_1_xpm_cdc_async_rst__84\'
INFO: [VRFC 10-3107] analyzing entity '\mbv_system_mbv_riscv_axi_periph_1_xpm_cdc_async_rst__85\'
INFO: [VRFC 10-3107] analyzing entity '\mbv_system_mbv_riscv_axi_periph_1_xpm_cdc_async_rst__86\'
INFO: [VRFC 10-3107] analyzing entity '\mbv_system_mbv_riscv_axi_periph_1_xpm_cdc_async_rst__87\'
INFO: [VRFC 10-3107] analyzing entity '\mbv_system_mbv_riscv_axi_periph_1_xpm_cdc_async_rst__88\'
INFO: [VRFC 10-3107] analyzing entity '\mbv_system_mbv_riscv_axi_periph_1_xpm_cdc_async_rst__89\'
INFO: [VRFC 10-3107] analyzing entity '\mbv_system_mbv_riscv_axi_periph_1_xpm_cdc_async_rst__9\'
INFO: [VRFC 10-3107] analyzing entity '\mbv_system_mbv_riscv_axi_periph_1_xpm_cdc_async_rst__90\'
INFO: [VRFC 10-3107] analyzing entity '\mbv_system_mbv_riscv_axi_periph_1_xpm_cdc_async_rst__91\'
INFO: [VRFC 10-3107] analyzing entity '\mbv_system_mbv_riscv_axi_periph_1_xpm_cdc_async_rst__92\'
INFO: [VRFC 10-3107] analyzing entity '\mbv_system_mbv_riscv_axi_periph_1_xpm_cdc_async_rst__93\'
INFO: [VRFC 10-3107] analyzing entity '\mbv_system_mbv_riscv_axi_periph_1_xpm_cdc_async_rst__94\'
INFO: [VRFC 10-3107] analyzing entity '\mbv_system_mbv_riscv_axi_periph_1_xpm_cdc_async_rst__95\'
INFO: [VRFC 10-3107] analyzing entity '\mbv_system_mbv_riscv_axi_periph_1_xpm_cdc_async_rst__96\'
INFO: [VRFC 10-3107] analyzing entity '\mbv_system_mbv_riscv_axi_periph_1_xpm_cdc_async_rst__97\'
INFO: [VRFC 10-3107] analyzing entity '\mbv_system_mbv_riscv_axi_periph_1_xpm_cdc_async_rst__98\'
INFO: [VRFC 10-3107] analyzing entity '\mbv_system_mbv_riscv_axi_periph_1_xpm_cdc_async_rst__99\'
INFO: [VRFC 10-3107] analyzing entity 'mbv_system_mbv_riscv_axi_periph_1_sc_axi2sc_v1_0_11_top'
INFO: [VRFC 10-3107] analyzing entity 'mbv_system_mbv_riscv_axi_periph_1_sc_exit_v1_0_18_exit'
INFO: [VRFC 10-3107] analyzing entity 'mbv_system_mbv_riscv_axi_periph_1_sc_exit_v1_0_18_exit_110'
INFO: [VRFC 10-3107] analyzing entity 'mbv_system_mbv_riscv_axi_periph_1_sc_exit_v1_0_18_exit_42'
INFO: [VRFC 10-3107] analyzing entity 'mbv_system_mbv_riscv_axi_periph_1_sc_exit_v1_0_18_exit_58'
INFO: [VRFC 10-3107] analyzing entity 'mbv_system_mbv_riscv_axi_periph_1_sc_exit_v1_0_18_exit_64'
INFO: [VRFC 10-3107] analyzing entity 'mbv_system_mbv_riscv_axi_periph_1_sc_exit_v1_0_18_exit_70'
INFO: [VRFC 10-3107] analyzing entity 'mbv_system_mbv_riscv_axi_periph_1_sc_exit_v1_0_18_exit_76'
INFO: [VRFC 10-3107] analyzing entity 'mbv_system_mbv_riscv_axi_periph_1_sc_exit_v1_0_18_exit_82'
INFO: [VRFC 10-3107] analyzing entity 'mbv_system_mbv_riscv_axi_periph_1_sc_exit_v1_0_18_exit_88'
INFO: [VRFC 10-3107] analyzing entity '\mbv_system_mbv_riscv_axi_periph_1_sc_exit_v1_0_18_exit__parameterized0\'
INFO: [VRFC 10-3107] analyzing entity '\mbv_system_mbv_riscv_axi_periph_1_sc_exit_v1_0_18_exit__parameterized1\'
INFO: [VRFC 10-3107] analyzing entity '\mbv_system_mbv_riscv_axi_periph_1_sc_exit_v1_0_18_exit__parameterized2\'
INFO: [VRFC 10-3107] analyzing entity '\mbv_system_mbv_riscv_axi_periph_1_sc_exit_v1_0_18_exit__parameterized2_94\'
INFO: [VRFC 10-3107] analyzing entity '\mbv_system_mbv_riscv_axi_periph_1_sc_exit_v1_0_18_exit__parameterized3\'
INFO: [VRFC 10-3107] analyzing entity 'mbv_system_mbv_riscv_axi_periph_1_sc_mmu_v1_0_16_decerr_slave'
INFO: [VRFC 10-3107] analyzing entity 'mbv_system_mbv_riscv_axi_periph_1_sc_node_v1_0_19_arb_alg_rr'
INFO: [VRFC 10-3107] analyzing entity 'mbv_system_mbv_riscv_axi_periph_1_sc_node_v1_0_19_arb_alg_rr_14'
INFO: [VRFC 10-3107] analyzing entity 'mbv_system_mbv_riscv_axi_periph_1_sc_node_v1_0_19_fi_regulator'
INFO: [VRFC 10-3107] analyzing entity 'mbv_system_mbv_riscv_axi_periph_1_sc_node_v1_0_19_fi_regulator_29'
INFO: [VRFC 10-3107] analyzing entity 'mbv_system_mbv_riscv_axi_periph_1_sc_node_v1_0_19_mi_handler'
INFO: [VRFC 10-3107] analyzing entity 'mbv_system_mbv_riscv_axi_periph_1_sc_node_v1_0_19_mi_handler_104'
INFO: [VRFC 10-3107] analyzing entity 'mbv_system_mbv_riscv_axi_periph_1_sc_node_v1_0_19_mi_handler_109'
INFO: [VRFC 10-3107] analyzing entity 'mbv_system_mbv_riscv_axi_periph_1_sc_node_v1_0_19_mi_handler_41'
INFO: [VRFC 10-3107] analyzing entity 'mbv_system_mbv_riscv_axi_periph_1_sc_node_v1_0_19_mi_handler_47'
INFO: [VRFC 10-3107] analyzing entity 'mbv_system_mbv_riscv_axi_periph_1_sc_node_v1_0_19_mi_handler_52'
INFO: [VRFC 10-3107] analyzing entity 'mbv_system_mbv_riscv_axi_periph_1_sc_node_v1_0_19_mi_handler_57'
INFO: [VRFC 10-3107] analyzing entity 'mbv_system_mbv_riscv_axi_periph_1_sc_node_v1_0_19_mi_handler_63'
INFO: [VRFC 10-3107] analyzing entity 'mbv_system_mbv_riscv_axi_periph_1_sc_node_v1_0_19_mi_handler_69'
INFO: [VRFC 10-3107] analyzing entity 'mbv_system_mbv_riscv_axi_periph_1_sc_node_v1_0_19_mi_handler_75'
INFO: [VRFC 10-3107] analyzing entity 'mbv_system_mbv_riscv_axi_periph_1_sc_node_v1_0_19_mi_handler_81'
INFO: [VRFC 10-3107] analyzing entity 'mbv_system_mbv_riscv_axi_periph_1_sc_node_v1_0_19_mi_handler_87'
INFO: [VRFC 10-3107] analyzing entity 'mbv_system_mbv_riscv_axi_periph_1_sc_node_v1_0_19_mi_handler_93'
INFO: [VRFC 10-3107] analyzing entity 'mbv_system_mbv_riscv_axi_periph_1_sc_node_v1_0_19_mi_handler_99'
INFO: [VRFC 10-3107] analyzing entity '\mbv_system_mbv_riscv_axi_periph_1_sc_node_v1_0_19_mi_handler__parameterized0\'
INFO: [VRFC 10-3107] analyzing entity '\mbv_system_mbv_riscv_axi_periph_1_sc_node_v1_0_19_mi_handler__parameterized0_103\'
INFO: [VRFC 10-3107] analyzing entity '\mbv_system_mbv_riscv_axi_periph_1_sc_node_v1_0_19_mi_handler__parameterized0_108\'
INFO: [VRFC 10-3107] analyzing entity '\mbv_system_mbv_riscv_axi_periph_1_sc_node_v1_0_19_mi_handler__parameterized0_40\'
INFO: [VRFC 10-3107] analyzing entity '\mbv_system_mbv_riscv_axi_periph_1_sc_node_v1_0_19_mi_handler__parameterized0_46\'
INFO: [VRFC 10-3107] analyzing entity '\mbv_system_mbv_riscv_axi_periph_1_sc_node_v1_0_19_mi_handler__parameterized0_51\'
INFO: [VRFC 10-3107] analyzing entity '\mbv_system_mbv_riscv_axi_periph_1_sc_node_v1_0_19_mi_handler__parameterized0_56\'
INFO: [VRFC 10-3107] analyzing entity '\mbv_system_mbv_riscv_axi_periph_1_sc_node_v1_0_19_mi_handler__parameterized0_62\'
INFO: [VRFC 10-3107] analyzing entity '\mbv_system_mbv_riscv_axi_periph_1_sc_node_v1_0_19_mi_handler__parameterized0_68\'
INFO: [VRFC 10-3107] analyzing entity '\mbv_system_mbv_riscv_axi_periph_1_sc_node_v1_0_19_mi_handler__parameterized0_74\'
INFO: [VRFC 10-3107] analyzing entity '\mbv_system_mbv_riscv_axi_periph_1_sc_node_v1_0_19_mi_handler__parameterized0_80\'
INFO: [VRFC 10-3107] analyzing entity '\mbv_system_mbv_riscv_axi_periph_1_sc_node_v1_0_19_mi_handler__parameterized0_86\'
INFO: [VRFC 10-3107] analyzing entity '\mbv_system_mbv_riscv_axi_periph_1_sc_node_v1_0_19_mi_handler__parameterized0_92\'
INFO: [VRFC 10-3107] analyzing entity '\mbv_system_mbv_riscv_axi_periph_1_sc_node_v1_0_19_mi_handler__parameterized0_98\'
INFO: [VRFC 10-3107] analyzing entity '\mbv_system_mbv_riscv_axi_periph_1_sc_node_v1_0_19_mi_handler__parameterized1\'
INFO: [VRFC 10-3107] analyzing entity '\mbv_system_mbv_riscv_axi_periph_1_sc_node_v1_0_19_mi_handler__parameterized1_102\'
INFO: [VRFC 10-3107] analyzing entity '\mbv_system_mbv_riscv_axi_periph_1_sc_node_v1_0_19_mi_handler__parameterized1_107\'
INFO: [VRFC 10-3107] analyzing entity '\mbv_system_mbv_riscv_axi_periph_1_sc_node_v1_0_19_mi_handler__parameterized1_39\'
INFO: [VRFC 10-3107] analyzing entity '\mbv_system_mbv_riscv_axi_periph_1_sc_node_v1_0_19_mi_handler__parameterized1_45\'
INFO: [VRFC 10-3107] analyzing entity '\mbv_system_mbv_riscv_axi_periph_1_sc_node_v1_0_19_mi_handler__parameterized1_50\'
INFO: [VRFC 10-3107] analyzing entity '\mbv_system_mbv_riscv_axi_periph_1_sc_node_v1_0_19_mi_handler__parameterized1_55\'
INFO: [VRFC 10-3107] analyzing entity '\mbv_system_mbv_riscv_axi_periph_1_sc_node_v1_0_19_mi_handler__parameterized1_61\'
INFO: [VRFC 10-3107] analyzing entity '\mbv_system_mbv_riscv_axi_periph_1_sc_node_v1_0_19_mi_handler__parameterized1_67\'
INFO: [VRFC 10-3107] analyzing entity '\mbv_system_mbv_riscv_axi_periph_1_sc_node_v1_0_19_mi_handler__parameterized1_73\'
INFO: [VRFC 10-3107] analyzing entity '\mbv_system_mbv_riscv_axi_periph_1_sc_node_v1_0_19_mi_handler__parameterized1_79\'
INFO: [VRFC 10-3107] analyzing entity '\mbv_system_mbv_riscv_axi_periph_1_sc_node_v1_0_19_mi_handler__parameterized1_85\'
INFO: [VRFC 10-3107] analyzing entity '\mbv_system_mbv_riscv_axi_periph_1_sc_node_v1_0_19_mi_handler__parameterized1_91\'
INFO: [VRFC 10-3107] analyzing entity '\mbv_system_mbv_riscv_axi_periph_1_sc_node_v1_0_19_mi_handler__parameterized1_97\'
INFO: [VRFC 10-3107] analyzing entity '\mbv_system_mbv_riscv_axi_periph_1_sc_node_v1_0_19_mi_handler__parameterized2\'
INFO: [VRFC 10-3107] analyzing entity '\mbv_system_mbv_riscv_axi_periph_1_sc_node_v1_0_19_mi_handler__parameterized2_101\'
INFO: [VRFC 10-3107] analyzing entity '\mbv_system_mbv_riscv_axi_periph_1_sc_node_v1_0_19_mi_handler__parameterized2_106\'
INFO: [VRFC 10-3107] analyzing entity '\mbv_system_mbv_riscv_axi_periph_1_sc_node_v1_0_19_mi_handler__parameterized2_38\'
INFO: [VRFC 10-3107] analyzing entity '\mbv_system_mbv_riscv_axi_periph_1_sc_node_v1_0_19_mi_handler__parameterized2_44\'
INFO: [VRFC 10-3107] analyzing entity '\mbv_system_mbv_riscv_axi_periph_1_sc_node_v1_0_19_mi_handler__parameterized2_49\'
INFO: [VRFC 10-3107] analyzing entity '\mbv_system_mbv_riscv_axi_periph_1_sc_node_v1_0_19_mi_handler__parameterized2_54\'
INFO: [VRFC 10-3107] analyzing entity '\mbv_system_mbv_riscv_axi_periph_1_sc_node_v1_0_19_mi_handler__parameterized2_60\'
INFO: [VRFC 10-3107] analyzing entity '\mbv_system_mbv_riscv_axi_periph_1_sc_node_v1_0_19_mi_handler__parameterized2_66\'
INFO: [VRFC 10-3107] analyzing entity '\mbv_system_mbv_riscv_axi_periph_1_sc_node_v1_0_19_mi_handler__parameterized2_72\'
INFO: [VRFC 10-3107] analyzing entity '\mbv_system_mbv_riscv_axi_periph_1_sc_node_v1_0_19_mi_handler__parameterized2_78\'
INFO: [VRFC 10-3107] analyzing entity '\mbv_system_mbv_riscv_axi_periph_1_sc_node_v1_0_19_mi_handler__parameterized2_84\'
INFO: [VRFC 10-3107] analyzing entity '\mbv_system_mbv_riscv_axi_periph_1_sc_node_v1_0_19_mi_handler__parameterized2_90\'
INFO: [VRFC 10-3107] analyzing entity '\mbv_system_mbv_riscv_axi_periph_1_sc_node_v1_0_19_mi_handler__parameterized2_96\'
INFO: [VRFC 10-3107] analyzing entity '\mbv_system_mbv_riscv_axi_periph_1_sc_node_v1_0_19_mi_handler__parameterized3\'
INFO: [VRFC 10-3107] analyzing entity '\mbv_system_mbv_riscv_axi_periph_1_sc_node_v1_0_19_mi_handler__parameterized3_100\'
INFO: [VRFC 10-3107] analyzing entity '\mbv_system_mbv_riscv_axi_periph_1_sc_node_v1_0_19_mi_handler__parameterized3_105\'
INFO: [VRFC 10-3107] analyzing entity '\mbv_system_mbv_riscv_axi_periph_1_sc_node_v1_0_19_mi_handler__parameterized3_37\'
INFO: [VRFC 10-3107] analyzing entity '\mbv_system_mbv_riscv_axi_periph_1_sc_node_v1_0_19_mi_handler__parameterized3_43\'
INFO: [VRFC 10-3107] analyzing entity '\mbv_system_mbv_riscv_axi_periph_1_sc_node_v1_0_19_mi_handler__parameterized3_48\'
INFO: [VRFC 10-3107] analyzing entity '\mbv_system_mbv_riscv_axi_periph_1_sc_node_v1_0_19_mi_handler__parameterized3_53\'
INFO: [VRFC 10-3107] analyzing entity '\mbv_system_mbv_riscv_axi_periph_1_sc_node_v1_0_19_mi_handler__parameterized3_59\'
INFO: [VRFC 10-3107] analyzing entity '\mbv_system_mbv_riscv_axi_periph_1_sc_node_v1_0_19_mi_handler__parameterized3_65\'
INFO: [VRFC 10-3107] analyzing entity '\mbv_system_mbv_riscv_axi_periph_1_sc_node_v1_0_19_mi_handler__parameterized3_71\'
INFO: [VRFC 10-3107] analyzing entity '\mbv_system_mbv_riscv_axi_periph_1_sc_node_v1_0_19_mi_handler__parameterized3_77\'
INFO: [VRFC 10-3107] analyzing entity '\mbv_system_mbv_riscv_axi_periph_1_sc_node_v1_0_19_mi_handler__parameterized3_83\'
INFO: [VRFC 10-3107] analyzing entity '\mbv_system_mbv_riscv_axi_periph_1_sc_node_v1_0_19_mi_handler__parameterized3_89\'
INFO: [VRFC 10-3107] analyzing entity '\mbv_system_mbv_riscv_axi_periph_1_sc_node_v1_0_19_mi_handler__parameterized3_95\'
INFO: [VRFC 10-3107] analyzing entity '\mbv_system_mbv_riscv_axi_periph_1_sc_node_v1_0_19_mi_handler__parameterized4\'
INFO: [VRFC 10-3107] analyzing entity '\mbv_system_mbv_riscv_axi_periph_1_sc_node_v1_0_19_mi_handler__parameterized5\'
INFO: [VRFC 10-3107] analyzing entity '\mbv_system_mbv_riscv_axi_periph_1_sc_node_v1_0_19_mi_handler__parameterized6\'
INFO: [VRFC 10-3107] analyzing entity '\mbv_system_mbv_riscv_axi_periph_1_sc_node_v1_0_19_mi_handler__parameterized7\'
INFO: [VRFC 10-3107] analyzing entity '\mbv_system_mbv_riscv_axi_periph_1_sc_node_v1_0_19_mi_handler__parameterized8\'
INFO: [VRFC 10-3107] analyzing entity 'mbv_system_mbv_riscv_axi_periph_1_sc_sc2axi_v1_0_11_top'
INFO: [VRFC 10-3107] analyzing entity '\mbv_system_mbv_riscv_axi_periph_1_sc_sc2axi_v1_0_11_top__1\'
INFO: [VRFC 10-3107] analyzing entity '\mbv_system_mbv_riscv_axi_periph_1_sc_sc2axi_v1_0_11_top__2\'
INFO: [VRFC 10-3107] analyzing entity '\mbv_system_mbv_riscv_axi_periph_1_sc_sc2axi_v1_0_11_top__3\'
INFO: [VRFC 10-3107] analyzing entity '\mbv_system_mbv_riscv_axi_periph_1_sc_sc2axi_v1_0_11_top__4\'
INFO: [VRFC 10-3107] analyzing entity '\mbv_system_mbv_riscv_axi_periph_1_sc_sc2axi_v1_0_11_top__5\'
INFO: [VRFC 10-3107] analyzing entity '\mbv_system_mbv_riscv_axi_periph_1_sc_sc2axi_v1_0_11_top__6\'
INFO: [VRFC 10-3107] analyzing entity '\mbv_system_mbv_riscv_axi_periph_1_sc_sc2axi_v1_0_11_top__7\'
INFO: [VRFC 10-3107] analyzing entity '\mbv_system_mbv_riscv_axi_periph_1_sc_sc2axi_v1_0_11_top__8\'
INFO: [VRFC 10-3107] analyzing entity '\mbv_system_mbv_riscv_axi_periph_1_sc_sc2axi_v1_0_11_top__parameterized0\'
INFO: [VRFC 10-3107] analyzing entity '\mbv_system_mbv_riscv_axi_periph_1_sc_sc2axi_v1_0_11_top__parameterized1\'
INFO: [VRFC 10-3107] analyzing entity '\mbv_system_mbv_riscv_axi_periph_1_sc_sc2axi_v1_0_11_top__parameterized2\'
INFO: [VRFC 10-3107] analyzing entity '\mbv_system_mbv_riscv_axi_periph_1_sc_sc2axi_v1_0_11_top__parameterized2__1\'
INFO: [VRFC 10-3107] analyzing entity '\mbv_system_mbv_riscv_axi_periph_1_sc_sc2axi_v1_0_11_top__parameterized3\'
INFO: [VRFC 10-3107] analyzing entity 'mbv_system_mbv_riscv_axi_periph_1_sc_si_converter_v1_0_16_splitter'
INFO: [VRFC 10-3107] analyzing entity 'mbv_system_mbv_riscv_axi_periph_1_sc_switchboard_v1_0_9_top'
INFO: [VRFC 10-3107] analyzing entity '\mbv_system_mbv_riscv_axi_periph_1_sc_switchboard_v1_0_9_top__1\'
INFO: [VRFC 10-3107] analyzing entity '\mbv_system_mbv_riscv_axi_periph_1_sc_switchboard_v1_0_9_top__parameterized0\'
INFO: [VRFC 10-3107] analyzing entity '\mbv_system_mbv_riscv_axi_periph_1_sc_switchboard_v1_0_9_top__parameterized0__1\'
INFO: [VRFC 10-3107] analyzing entity '\mbv_system_mbv_riscv_axi_periph_1_sc_switchboard_v1_0_9_top__parameterized1\'
INFO: [VRFC 10-3107] analyzing entity '\mbv_system_mbv_riscv_axi_periph_1_sc_switchboard_v1_0_9_top__parameterized2\'
INFO: [VRFC 10-3107] analyzing entity '\mbv_system_mbv_riscv_axi_periph_1_sc_switchboard_v1_0_9_top__parameterized3\'
INFO: [VRFC 10-3107] analyzing entity '\mbv_system_mbv_riscv_axi_periph_1_sc_switchboard_v1_0_9_top__parameterized4\'
INFO: [VRFC 10-3107] analyzing entity '\mbv_system_mbv_riscv_axi_periph_1_sc_switchboard_v1_0_9_top__parameterized5\'
INFO: [VRFC 10-3107] analyzing entity '\mbv_system_mbv_riscv_axi_periph_1_sc_switchboard_v1_0_9_top__parameterized6\'
INFO: [VRFC 10-3107] analyzing entity 'mbv_system_mbv_riscv_axi_periph_1_sc_transaction_regulator_v1_0_12_singleorder'
INFO: [VRFC 10-3107] analyzing entity 'mbv_system_mbv_riscv_axi_periph_1_sc_transaction_regulator_v1_0_12_singleorder_35'
INFO: [VRFC 10-3107] analyzing entity '\mbv_system_mbv_riscv_axi_periph_1_sc_util_v1_0_4_axi_reg_stall__parameterized0\'
INFO: [VRFC 10-3107] analyzing entity '\mbv_system_mbv_riscv_axi_periph_1_sc_util_v1_0_4_axi_reg_stall__parameterized0_36\'
INFO: [VRFC 10-3107] analyzing entity 'mbv_system_mbv_riscv_axi_periph_1_sc_util_v1_0_4_axi_splitter'
INFO: [VRFC 10-3107] analyzing entity '\mbv_system_mbv_riscv_axi_periph_1_sc_util_v1_0_4_counter__parameterized0\'
INFO: [VRFC 10-3107] analyzing entity '\mbv_system_mbv_riscv_axi_periph_1_sc_util_v1_0_4_counter__parameterized0_13\'
INFO: [VRFC 10-3107] analyzing entity '\mbv_system_mbv_riscv_axi_periph_1_sc_util_v1_0_4_counter__parameterized0_30\'
INFO: [VRFC 10-3107] analyzing entity '\mbv_system_mbv_riscv_axi_periph_1_sc_util_v1_0_4_counter__parameterized0_31\'
INFO: [VRFC 10-3107] analyzing entity '\mbv_system_mbv_riscv_axi_periph_1_sc_util_v1_0_4_counter__parameterized0_34\'
INFO: [VRFC 10-3107] analyzing entity '\mbv_system_mbv_riscv_axi_periph_1_sc_util_v1_0_4_counter__parameterized1\'
INFO: [VRFC 10-3107] analyzing entity '\mbv_system_mbv_riscv_axi_periph_1_sc_util_v1_0_4_counter__parameterized1_0\'
INFO: [VRFC 10-3107] analyzing entity '\mbv_system_mbv_riscv_axi_periph_1_sc_util_v1_0_4_counter__parameterized1_1\'
INFO: [VRFC 10-3107] analyzing entity '\mbv_system_mbv_riscv_axi_periph_1_sc_util_v1_0_4_counter__parameterized1_10\'
INFO: [VRFC 10-3107] analyzing entity '\mbv_system_mbv_riscv_axi_periph_1_sc_util_v1_0_4_counter__parameterized1_11\'
INFO: [VRFC 10-3107] analyzing entity '\mbv_system_mbv_riscv_axi_periph_1_sc_util_v1_0_4_counter__parameterized1_12\'
INFO: [VRFC 10-3107] analyzing entity '\mbv_system_mbv_riscv_axi_periph_1_sc_util_v1_0_4_counter__parameterized1_15\'
INFO: [VRFC 10-3107] analyzing entity '\mbv_system_mbv_riscv_axi_periph_1_sc_util_v1_0_4_counter__parameterized1_16\'
INFO: [VRFC 10-3107] analyzing entity '\mbv_system_mbv_riscv_axi_periph_1_sc_util_v1_0_4_counter__parameterized1_17\'
INFO: [VRFC 10-3107] analyzing entity '\mbv_system_mbv_riscv_axi_periph_1_sc_util_v1_0_4_counter__parameterized1_18\'
INFO: [VRFC 10-3107] analyzing entity '\mbv_system_mbv_riscv_axi_periph_1_sc_util_v1_0_4_counter__parameterized1_19\'
INFO: [VRFC 10-3107] analyzing entity '\mbv_system_mbv_riscv_axi_periph_1_sc_util_v1_0_4_counter__parameterized1_2\'
INFO: [VRFC 10-3107] analyzing entity '\mbv_system_mbv_riscv_axi_periph_1_sc_util_v1_0_4_counter__parameterized1_20\'
INFO: [VRFC 10-3107] analyzing entity '\mbv_system_mbv_riscv_axi_periph_1_sc_util_v1_0_4_counter__parameterized1_21\'
INFO: [VRFC 10-3107] analyzing entity '\mbv_system_mbv_riscv_axi_periph_1_sc_util_v1_0_4_counter__parameterized1_22\'
INFO: [VRFC 10-3107] analyzing entity '\mbv_system_mbv_riscv_axi_periph_1_sc_util_v1_0_4_counter__parameterized1_23\'
INFO: [VRFC 10-3107] analyzing entity '\mbv_system_mbv_riscv_axi_periph_1_sc_util_v1_0_4_counter__parameterized1_24\'
INFO: [VRFC 10-3107] analyzing entity '\mbv_system_mbv_riscv_axi_periph_1_sc_util_v1_0_4_counter__parameterized1_25\'
INFO: [VRFC 10-3107] analyzing entity '\mbv_system_mbv_riscv_axi_periph_1_sc_util_v1_0_4_counter__parameterized1_26\'
INFO: [VRFC 10-3107] analyzing entity '\mbv_system_mbv_riscv_axi_periph_1_sc_util_v1_0_4_counter__parameterized1_27\'
INFO: [VRFC 10-3107] analyzing entity '\mbv_system_mbv_riscv_axi_periph_1_sc_util_v1_0_4_counter__parameterized1_28\'
INFO: [VRFC 10-3107] analyzing entity '\mbv_system_mbv_riscv_axi_periph_1_sc_util_v1_0_4_counter__parameterized1_3\'
INFO: [VRFC 10-3107] analyzing entity '\mbv_system_mbv_riscv_axi_periph_1_sc_util_v1_0_4_counter__parameterized1_4\'
INFO: [VRFC 10-3107] analyzing entity '\mbv_system_mbv_riscv_axi_periph_1_sc_util_v1_0_4_counter__parameterized1_5\'
INFO: [VRFC 10-3107] analyzing entity '\mbv_system_mbv_riscv_axi_periph_1_sc_util_v1_0_4_counter__parameterized1_6\'
INFO: [VRFC 10-3107] analyzing entity '\mbv_system_mbv_riscv_axi_periph_1_sc_util_v1_0_4_counter__parameterized1_7\'
INFO: [VRFC 10-3107] analyzing entity '\mbv_system_mbv_riscv_axi_periph_1_sc_util_v1_0_4_counter__parameterized1_8\'
INFO: [VRFC 10-3107] analyzing entity '\mbv_system_mbv_riscv_axi_periph_1_sc_util_v1_0_4_counter__parameterized1_9\'
INFO: [VRFC 10-3107] analyzing entity 'mbv_system_mbv_riscv_axi_periph_1_bd_e941_arinsw_0'
INFO: [VRFC 10-3107] analyzing entity 'mbv_system_mbv_riscv_axi_periph_1_bd_e941_aroutsw_0'
INFO: [VRFC 10-3107] analyzing entity 'mbv_system_mbv_riscv_axi_periph_1_bd_e941_awinsw_0'
INFO: [VRFC 10-3107] analyzing entity 'mbv_system_mbv_riscv_axi_periph_1_bd_e941_awoutsw_0'
INFO: [VRFC 10-3107] analyzing entity 'mbv_system_mbv_riscv_axi_periph_1_bd_e941_binsw_0'
INFO: [VRFC 10-3107] analyzing entity 'mbv_system_mbv_riscv_axi_periph_1_bd_e941_boutsw_0'
INFO: [VRFC 10-3107] analyzing entity 'mbv_system_mbv_riscv_axi_periph_1_bd_e941_m00s2a_0'
INFO: [VRFC 10-3107] analyzing entity 'mbv_system_mbv_riscv_axi_periph_1_bd_e941_m01s2a_0'
INFO: [VRFC 10-3107] analyzing entity 'mbv_system_mbv_riscv_axi_periph_1_bd_e941_m02s2a_0'
INFO: [VRFC 10-3107] analyzing entity 'mbv_system_mbv_riscv_axi_periph_1_bd_e941_m03s2a_0'
INFO: [VRFC 10-3107] analyzing entity 'mbv_system_mbv_riscv_axi_periph_1_bd_e941_m04s2a_0'
INFO: [VRFC 10-3107] analyzing entity 'mbv_system_mbv_riscv_axi_periph_1_bd_e941_m05s2a_0'
INFO: [VRFC 10-3107] analyzing entity 'mbv_system_mbv_riscv_axi_periph_1_bd_e941_m06s2a_0'
INFO: [VRFC 10-3107] analyzing entity 'mbv_system_mbv_riscv_axi_periph_1_bd_e941_m07s2a_0'
INFO: [VRFC 10-3107] analyzing entity 'mbv_system_mbv_riscv_axi_periph_1_bd_e941_m08s2a_0'
INFO: [VRFC 10-3107] analyzing entity 'mbv_system_mbv_riscv_axi_periph_1_bd_e941_m09s2a_0'
INFO: [VRFC 10-3107] analyzing entity 'mbv_system_mbv_riscv_axi_periph_1_bd_e941_m10s2a_0'
INFO: [VRFC 10-3107] analyzing entity 'mbv_system_mbv_riscv_axi_periph_1_bd_e941_m11s2a_0'
INFO: [VRFC 10-3107] analyzing entity 'mbv_system_mbv_riscv_axi_periph_1_bd_e941_m12s2a_0'
INFO: [VRFC 10-3107] analyzing entity 'mbv_system_mbv_riscv_axi_periph_1_bd_e941_m13s2a_0'
INFO: [VRFC 10-3107] analyzing entity 'mbv_system_mbv_riscv_axi_periph_1_bd_e941_rinsw_0'
INFO: [VRFC 10-3107] analyzing entity 'mbv_system_mbv_riscv_axi_periph_1_bd_e941_routsw_0'
INFO: [VRFC 10-3107] analyzing entity 'mbv_system_mbv_riscv_axi_periph_1_bd_e941_s00a2s_0'
INFO: [VRFC 10-3107] analyzing entity 'mbv_system_mbv_riscv_axi_periph_1_bd_e941_winsw_0'
INFO: [VRFC 10-3107] analyzing entity 'mbv_system_mbv_riscv_axi_periph_1_bd_e941_woutsw_0'
INFO: [VRFC 10-3107] analyzing entity 'mbv_system_mbv_riscv_axi_periph_1_lpf'
INFO: [VRFC 10-3107] analyzing entity 'mbv_system_mbv_riscv_axi_periph_1_sequence_psr'
INFO: [VRFC 10-3107] analyzing entity 'mbv_system_mbv_riscv_axi_periph_1_sc_exit_v1_0_18_top'
INFO: [VRFC 10-3107] analyzing entity '\mbv_system_mbv_riscv_axi_periph_1_sc_exit_v1_0_18_top__1\'
INFO: [VRFC 10-3107] analyzing entity '\mbv_system_mbv_riscv_axi_periph_1_sc_exit_v1_0_18_top__2\'
INFO: [VRFC 10-3107] analyzing entity '\mbv_system_mbv_riscv_axi_periph_1_sc_exit_v1_0_18_top__3\'
INFO: [VRFC 10-3107] analyzing entity '\mbv_system_mbv_riscv_axi_periph_1_sc_exit_v1_0_18_top__4\'
INFO: [VRFC 10-3107] analyzing entity '\mbv_system_mbv_riscv_axi_periph_1_sc_exit_v1_0_18_top__5\'
INFO: [VRFC 10-3107] analyzing entity '\mbv_system_mbv_riscv_axi_periph_1_sc_exit_v1_0_18_top__6\'
INFO: [VRFC 10-3107] analyzing entity '\mbv_system_mbv_riscv_axi_periph_1_sc_exit_v1_0_18_top__7\'
INFO: [VRFC 10-3107] analyzing entity '\mbv_system_mbv_riscv_axi_periph_1_sc_exit_v1_0_18_top__8\'
INFO: [VRFC 10-3107] analyzing entity '\mbv_system_mbv_riscv_axi_periph_1_sc_exit_v1_0_18_top__parameterized0\'
INFO: [VRFC 10-3107] analyzing entity '\mbv_system_mbv_riscv_axi_periph_1_sc_exit_v1_0_18_top__parameterized1\'
INFO: [VRFC 10-3107] analyzing entity '\mbv_system_mbv_riscv_axi_periph_1_sc_exit_v1_0_18_top__parameterized2\'
INFO: [VRFC 10-3107] analyzing entity '\mbv_system_mbv_riscv_axi_periph_1_sc_exit_v1_0_18_top__parameterized2__1\'
INFO: [VRFC 10-3107] analyzing entity '\mbv_system_mbv_riscv_axi_periph_1_sc_exit_v1_0_18_top__parameterized3\'
INFO: [VRFC 10-3107] analyzing entity 'mbv_system_mbv_riscv_axi_periph_1_sc_mmu_v1_0_16_top'
INFO: [VRFC 10-3107] analyzing entity 'mbv_system_mbv_riscv_axi_periph_1_sc_node_v1_0_19_reg_fifo'
INFO: [VRFC 10-3107] analyzing entity 'mbv_system_mbv_riscv_axi_periph_1_sc_node_v1_0_19_reg_fifo_33'
INFO: [VRFC 10-3107] analyzing entity '\mbv_system_mbv_riscv_axi_periph_1_sc_node_v1_0_19_reg_fifo__parameterized0\'
INFO: [VRFC 10-3107] analyzing entity '\mbv_system_mbv_riscv_axi_periph_1_sc_node_v1_0_19_reg_fifo__parameterized1\'
INFO: [VRFC 10-3107] analyzing entity '\mbv_system_mbv_riscv_axi_periph_1_sc_node_v1_0_19_reg_fifo__parameterized2\'
INFO: [VRFC 10-3107] analyzing entity '\mbv_system_mbv_riscv_axi_periph_1_sc_node_v1_0_19_si_handler__parameterized6\'
INFO: [VRFC 10-3107] analyzing entity '\mbv_system_mbv_riscv_axi_periph_1_sc_node_v1_0_19_si_handler__parameterized7\'
INFO: [VRFC 10-3107] analyzing entity 'mbv_system_mbv_riscv_axi_periph_1_sc_node_v1_0_19_top'
INFO: [VRFC 10-3107] analyzing entity '\mbv_system_mbv_riscv_axi_periph_1_sc_node_v1_0_19_top__1\'
INFO: [VRFC 10-3107] analyzing entity '\mbv_system_mbv_riscv_axi_periph_1_sc_node_v1_0_19_top__10\'
INFO: [VRFC 10-3107] analyzing entity '\mbv_system_mbv_riscv_axi_periph_1_sc_node_v1_0_19_top__11\'
INFO: [VRFC 10-3107] analyzing entity '\mbv_system_mbv_riscv_axi_periph_1_sc_node_v1_0_19_top__12\'
INFO: [VRFC 10-3107] analyzing entity '\mbv_system_mbv_riscv_axi_periph_1_sc_node_v1_0_19_top__13\'
INFO: [VRFC 10-3107] analyzing entity '\mbv_system_mbv_riscv_axi_periph_1_sc_node_v1_0_19_top__2\'
INFO: [VRFC 10-3107] analyzing entity '\mbv_system_mbv_riscv_axi_periph_1_sc_node_v1_0_19_top__3\'
INFO: [VRFC 10-3107] analyzing entity '\mbv_system_mbv_riscv_axi_periph_1_sc_node_v1_0_19_top__4\'
INFO: [VRFC 10-3107] analyzing entity '\mbv_system_mbv_riscv_axi_periph_1_sc_node_v1_0_19_top__5\'
INFO: [VRFC 10-3107] analyzing entity '\mbv_system_mbv_riscv_axi_periph_1_sc_node_v1_0_19_top__6\'
INFO: [VRFC 10-3107] analyzing entity '\mbv_system_mbv_riscv_axi_periph_1_sc_node_v1_0_19_top__7\'
INFO: [VRFC 10-3107] analyzing entity '\mbv_system_mbv_riscv_axi_periph_1_sc_node_v1_0_19_top__8\'
INFO: [VRFC 10-3107] analyzing entity '\mbv_system_mbv_riscv_axi_periph_1_sc_node_v1_0_19_top__9\'
INFO: [VRFC 10-3107] analyzing entity '\mbv_system_mbv_riscv_axi_periph_1_sc_node_v1_0_19_top__parameterized0\'
INFO: [VRFC 10-3107] analyzing entity '\mbv_system_mbv_riscv_axi_periph_1_sc_node_v1_0_19_top__parameterized0__1\'
INFO: [VRFC 10-3107] analyzing entity '\mbv_system_mbv_riscv_axi_periph_1_sc_node_v1_0_19_top__parameterized0__10\'
INFO: [VRFC 10-3107] analyzing entity '\mbv_system_mbv_riscv_axi_periph_1_sc_node_v1_0_19_top__parameterized0__11\'
INFO: [VRFC 10-3107] analyzing entity '\mbv_system_mbv_riscv_axi_periph_1_sc_node_v1_0_19_top__parameterized0__12\'
INFO: [VRFC 10-3107] analyzing entity '\mbv_system_mbv_riscv_axi_periph_1_sc_node_v1_0_19_top__parameterized0__13\'
INFO: [VRFC 10-3107] analyzing entity '\mbv_system_mbv_riscv_axi_periph_1_sc_node_v1_0_19_top__parameterized0__2\'
INFO: [VRFC 10-3107] analyzing entity '\mbv_system_mbv_riscv_axi_periph_1_sc_node_v1_0_19_top__parameterized0__3\'
INFO: [VRFC 10-3107] analyzing entity '\mbv_system_mbv_riscv_axi_periph_1_sc_node_v1_0_19_top__parameterized0__4\'
INFO: [VRFC 10-3107] analyzing entity '\mbv_system_mbv_riscv_axi_periph_1_sc_node_v1_0_19_top__parameterized0__5\'
INFO: [VRFC 10-3107] analyzing entity '\mbv_system_mbv_riscv_axi_periph_1_sc_node_v1_0_19_top__parameterized0__6\'
INFO: [VRFC 10-3107] analyzing entity '\mbv_system_mbv_riscv_axi_periph_1_sc_node_v1_0_19_top__parameterized0__7\'
INFO: [VRFC 10-3107] analyzing entity '\mbv_system_mbv_riscv_axi_periph_1_sc_node_v1_0_19_top__parameterized0__8\'
INFO: [VRFC 10-3107] analyzing entity '\mbv_system_mbv_riscv_axi_periph_1_sc_node_v1_0_19_top__parameterized0__9\'
INFO: [VRFC 10-3107] analyzing entity '\mbv_system_mbv_riscv_axi_periph_1_sc_node_v1_0_19_top__parameterized1\'
INFO: [VRFC 10-3107] analyzing entity '\mbv_system_mbv_riscv_axi_periph_1_sc_node_v1_0_19_top__parameterized1__1\'
INFO: [VRFC 10-3107] analyzing entity '\mbv_system_mbv_riscv_axi_periph_1_sc_node_v1_0_19_top__parameterized1__10\'
INFO: [VRFC 10-3107] analyzing entity '\mbv_system_mbv_riscv_axi_periph_1_sc_node_v1_0_19_top__parameterized1__11\'
INFO: [VRFC 10-3107] analyzing entity '\mbv_system_mbv_riscv_axi_periph_1_sc_node_v1_0_19_top__parameterized1__12\'
INFO: [VRFC 10-3107] analyzing entity '\mbv_system_mbv_riscv_axi_periph_1_sc_node_v1_0_19_top__parameterized1__13\'
INFO: [VRFC 10-3107] analyzing entity '\mbv_system_mbv_riscv_axi_periph_1_sc_node_v1_0_19_top__parameterized1__2\'
INFO: [VRFC 10-3107] analyzing entity '\mbv_system_mbv_riscv_axi_periph_1_sc_node_v1_0_19_top__parameterized1__3\'
INFO: [VRFC 10-3107] analyzing entity '\mbv_system_mbv_riscv_axi_periph_1_sc_node_v1_0_19_top__parameterized1__4\'
INFO: [VRFC 10-3107] analyzing entity '\mbv_system_mbv_riscv_axi_periph_1_sc_node_v1_0_19_top__parameterized1__5\'
INFO: [VRFC 10-3107] analyzing entity '\mbv_system_mbv_riscv_axi_periph_1_sc_node_v1_0_19_top__parameterized1__6\'
INFO: [VRFC 10-3107] analyzing entity '\mbv_system_mbv_riscv_axi_periph_1_sc_node_v1_0_19_top__parameterized1__7\'
INFO: [VRFC 10-3107] analyzing entity '\mbv_system_mbv_riscv_axi_periph_1_sc_node_v1_0_19_top__parameterized1__8\'
INFO: [VRFC 10-3107] analyzing entity '\mbv_system_mbv_riscv_axi_periph_1_sc_node_v1_0_19_top__parameterized1__9\'
INFO: [VRFC 10-3107] analyzing entity '\mbv_system_mbv_riscv_axi_periph_1_sc_node_v1_0_19_top__parameterized2\'
INFO: [VRFC 10-3107] analyzing entity '\mbv_system_mbv_riscv_axi_periph_1_sc_node_v1_0_19_top__parameterized2__1\'
INFO: [VRFC 10-3107] analyzing entity '\mbv_system_mbv_riscv_axi_periph_1_sc_node_v1_0_19_top__parameterized2__10\'
INFO: [VRFC 10-3107] analyzing entity '\mbv_system_mbv_riscv_axi_periph_1_sc_node_v1_0_19_top__parameterized2__11\'
INFO: [VRFC 10-3107] analyzing entity '\mbv_system_mbv_riscv_axi_periph_1_sc_node_v1_0_19_top__parameterized2__12\'
INFO: [VRFC 10-3107] analyzing entity '\mbv_system_mbv_riscv_axi_periph_1_sc_node_v1_0_19_top__parameterized2__13\'
INFO: [VRFC 10-3107] analyzing entity '\mbv_system_mbv_riscv_axi_periph_1_sc_node_v1_0_19_top__parameterized2__2\'
INFO: [VRFC 10-3107] analyzing entity '\mbv_system_mbv_riscv_axi_periph_1_sc_node_v1_0_19_top__parameterized2__3\'
INFO: [VRFC 10-3107] analyzing entity '\mbv_system_mbv_riscv_axi_periph_1_sc_node_v1_0_19_top__parameterized2__4\'
INFO: [VRFC 10-3107] analyzing entity '\mbv_system_mbv_riscv_axi_periph_1_sc_node_v1_0_19_top__parameterized2__5\'
INFO: [VRFC 10-3107] analyzing entity '\mbv_system_mbv_riscv_axi_periph_1_sc_node_v1_0_19_top__parameterized2__6\'
INFO: [VRFC 10-3107] analyzing entity '\mbv_system_mbv_riscv_axi_periph_1_sc_node_v1_0_19_top__parameterized2__7\'
INFO: [VRFC 10-3107] analyzing entity '\mbv_system_mbv_riscv_axi_periph_1_sc_node_v1_0_19_top__parameterized2__8\'
INFO: [VRFC 10-3107] analyzing entity '\mbv_system_mbv_riscv_axi_periph_1_sc_node_v1_0_19_top__parameterized2__9\'
INFO: [VRFC 10-3107] analyzing entity '\mbv_system_mbv_riscv_axi_periph_1_sc_node_v1_0_19_top__parameterized3\'
INFO: [VRFC 10-3107] analyzing entity '\mbv_system_mbv_riscv_axi_periph_1_sc_node_v1_0_19_top__parameterized3__1\'
INFO: [VRFC 10-3107] analyzing entity '\mbv_system_mbv_riscv_axi_periph_1_sc_node_v1_0_19_top__parameterized3__10\'
INFO: [VRFC 10-3107] analyzing entity '\mbv_system_mbv_riscv_axi_periph_1_sc_node_v1_0_19_top__parameterized3__11\'
INFO: [VRFC 10-3107] analyzing entity '\mbv_system_mbv_riscv_axi_periph_1_sc_node_v1_0_19_top__parameterized3__12\'
INFO: [VRFC 10-3107] analyzing entity '\mbv_system_mbv_riscv_axi_periph_1_sc_node_v1_0_19_top__parameterized3__13\'
INFO: [VRFC 10-3107] analyzing entity '\mbv_system_mbv_riscv_axi_periph_1_sc_node_v1_0_19_top__parameterized3__2\'
INFO: [VRFC 10-3107] analyzing entity '\mbv_system_mbv_riscv_axi_periph_1_sc_node_v1_0_19_top__parameterized3__3\'
INFO: [VRFC 10-3107] analyzing entity '\mbv_system_mbv_riscv_axi_periph_1_sc_node_v1_0_19_top__parameterized3__4\'
INFO: [VRFC 10-3107] analyzing entity '\mbv_system_mbv_riscv_axi_periph_1_sc_node_v1_0_19_top__parameterized3__5\'
INFO: [VRFC 10-3107] analyzing entity '\mbv_system_mbv_riscv_axi_periph_1_sc_node_v1_0_19_top__parameterized3__6\'
INFO: [VRFC 10-3107] analyzing entity '\mbv_system_mbv_riscv_axi_periph_1_sc_node_v1_0_19_top__parameterized3__7\'
INFO: [VRFC 10-3107] analyzing entity '\mbv_system_mbv_riscv_axi_periph_1_sc_node_v1_0_19_top__parameterized3__8\'
INFO: [VRFC 10-3107] analyzing entity '\mbv_system_mbv_riscv_axi_periph_1_sc_node_v1_0_19_top__parameterized3__9\'
INFO: [VRFC 10-3107] analyzing entity '\mbv_system_mbv_riscv_axi_periph_1_sc_node_v1_0_19_top__parameterized4\'
INFO: [VRFC 10-3107] analyzing entity '\mbv_system_mbv_riscv_axi_periph_1_sc_node_v1_0_19_top__parameterized5\'
INFO: [VRFC 10-3107] analyzing entity '\mbv_system_mbv_riscv_axi_periph_1_sc_node_v1_0_19_top__parameterized6\'
INFO: [VRFC 10-3107] analyzing entity '\mbv_system_mbv_riscv_axi_periph_1_sc_node_v1_0_19_top__parameterized7\'
INFO: [VRFC 10-3107] analyzing entity '\mbv_system_mbv_riscv_axi_periph_1_sc_node_v1_0_19_top__parameterized8\'
INFO: [VRFC 10-3107] analyzing entity 'mbv_system_mbv_riscv_axi_periph_1_sc_si_converter_v1_0_16_top'
INFO: [VRFC 10-3107] analyzing entity 'mbv_system_mbv_riscv_axi_periph_1_sc_transaction_regulator_v1_0_12_top'
INFO: [VRFC 10-3107] analyzing entity 'mbv_system_mbv_riscv_axi_periph_1_bd_e941_m00arn_0'
INFO: [VRFC 10-3107] analyzing entity 'mbv_system_mbv_riscv_axi_periph_1_bd_e941_m00awn_0'
INFO: [VRFC 10-3107] analyzing entity 'mbv_system_mbv_riscv_axi_periph_1_bd_e941_m00bn_0'
INFO: [VRFC 10-3107] analyzing entity 'mbv_system_mbv_riscv_axi_periph_1_bd_e941_m00e_0'
INFO: [VRFC 10-3107] analyzing entity 'mbv_system_mbv_riscv_axi_periph_1_bd_e941_m00rn_0'
INFO: [VRFC 10-3107] analyzing entity 'mbv_system_mbv_riscv_axi_periph_1_bd_e941_m00wn_0'
INFO: [VRFC 10-3107] analyzing entity 'mbv_system_mbv_riscv_axi_periph_1_bd_e941_m01arn_0'
INFO: [VRFC 10-3107] analyzing entity 'mbv_system_mbv_riscv_axi_periph_1_bd_e941_m01awn_0'
INFO: [VRFC 10-3107] analyzing entity 'mbv_system_mbv_riscv_axi_periph_1_bd_e941_m01bn_0'
INFO: [VRFC 10-3107] analyzing entity 'mbv_system_mbv_riscv_axi_periph_1_bd_e941_m01e_0'
INFO: [VRFC 10-3107] analyzing entity 'mbv_system_mbv_riscv_axi_periph_1_bd_e941_m01rn_0'
INFO: [VRFC 10-3107] analyzing entity 'mbv_system_mbv_riscv_axi_periph_1_bd_e941_m01wn_0'
INFO: [VRFC 10-3107] analyzing entity 'mbv_system_mbv_riscv_axi_periph_1_bd_e941_m02arn_0'
INFO: [VRFC 10-3107] analyzing entity 'mbv_system_mbv_riscv_axi_periph_1_bd_e941_m02awn_0'
INFO: [VRFC 10-3107] analyzing entity 'mbv_system_mbv_riscv_axi_periph_1_bd_e941_m02bn_0'
INFO: [VRFC 10-3107] analyzing entity 'mbv_system_mbv_riscv_axi_periph_1_bd_e941_m02e_0'
INFO: [VRFC 10-3107] analyzing entity 'mbv_system_mbv_riscv_axi_periph_1_bd_e941_m02rn_0'
INFO: [VRFC 10-3107] analyzing entity 'mbv_system_mbv_riscv_axi_periph_1_bd_e941_m02wn_0'
INFO: [VRFC 10-3107] analyzing entity 'mbv_system_mbv_riscv_axi_periph_1_bd_e941_m03arn_0'
INFO: [VRFC 10-3107] analyzing entity 'mbv_system_mbv_riscv_axi_periph_1_bd_e941_m03awn_0'
INFO: [VRFC 10-3107] analyzing entity 'mbv_system_mbv_riscv_axi_periph_1_bd_e941_m03bn_0'
INFO: [VRFC 10-3107] analyzing entity 'mbv_system_mbv_riscv_axi_periph_1_bd_e941_m03e_0'
INFO: [VRFC 10-3107] analyzing entity 'mbv_system_mbv_riscv_axi_periph_1_bd_e941_m03rn_0'
INFO: [VRFC 10-3107] analyzing entity 'mbv_system_mbv_riscv_axi_periph_1_bd_e941_m03wn_0'
INFO: [VRFC 10-3107] analyzing entity 'mbv_system_mbv_riscv_axi_periph_1_bd_e941_m04arn_0'
INFO: [VRFC 10-3107] analyzing entity 'mbv_system_mbv_riscv_axi_periph_1_bd_e941_m04awn_0'
INFO: [VRFC 10-3107] analyzing entity 'mbv_system_mbv_riscv_axi_periph_1_bd_e941_m04bn_0'
INFO: [VRFC 10-3107] analyzing entity 'mbv_system_mbv_riscv_axi_periph_1_bd_e941_m04e_0'
INFO: [VRFC 10-3107] analyzing entity 'mbv_system_mbv_riscv_axi_periph_1_bd_e941_m04rn_0'
INFO: [VRFC 10-3107] analyzing entity 'mbv_system_mbv_riscv_axi_periph_1_bd_e941_m04wn_0'
INFO: [VRFC 10-3107] analyzing entity 'mbv_system_mbv_riscv_axi_periph_1_bd_e941_m05arn_0'
INFO: [VRFC 10-3107] analyzing entity 'mbv_system_mbv_riscv_axi_periph_1_bd_e941_m05awn_0'
INFO: [VRFC 10-3107] analyzing entity 'mbv_system_mbv_riscv_axi_periph_1_bd_e941_m05bn_0'
INFO: [VRFC 10-3107] analyzing entity 'mbv_system_mbv_riscv_axi_periph_1_bd_e941_m05e_0'
INFO: [VRFC 10-3107] analyzing entity 'mbv_system_mbv_riscv_axi_periph_1_bd_e941_m05rn_0'
INFO: [VRFC 10-3107] analyzing entity 'mbv_system_mbv_riscv_axi_periph_1_bd_e941_m05wn_0'
INFO: [VRFC 10-3107] analyzing entity 'mbv_system_mbv_riscv_axi_periph_1_bd_e941_m06arn_0'
INFO: [VRFC 10-3107] analyzing entity 'mbv_system_mbv_riscv_axi_periph_1_bd_e941_m06awn_0'
INFO: [VRFC 10-3107] analyzing entity 'mbv_system_mbv_riscv_axi_periph_1_bd_e941_m06bn_0'
INFO: [VRFC 10-3107] analyzing entity 'mbv_system_mbv_riscv_axi_periph_1_bd_e941_m06e_0'
INFO: [VRFC 10-3107] analyzing entity 'mbv_system_mbv_riscv_axi_periph_1_bd_e941_m06rn_0'
INFO: [VRFC 10-3107] analyzing entity 'mbv_system_mbv_riscv_axi_periph_1_bd_e941_m06wn_0'
INFO: [VRFC 10-3107] analyzing entity 'mbv_system_mbv_riscv_axi_periph_1_bd_e941_m07arn_0'
INFO: [VRFC 10-3107] analyzing entity 'mbv_system_mbv_riscv_axi_periph_1_bd_e941_m07awn_0'
INFO: [VRFC 10-3107] analyzing entity 'mbv_system_mbv_riscv_axi_periph_1_bd_e941_m07bn_0'
INFO: [VRFC 10-3107] analyzing entity 'mbv_system_mbv_riscv_axi_periph_1_bd_e941_m07e_0'
INFO: [VRFC 10-3107] analyzing entity 'mbv_system_mbv_riscv_axi_periph_1_bd_e941_m07rn_0'
INFO: [VRFC 10-3107] analyzing entity 'mbv_system_mbv_riscv_axi_periph_1_bd_e941_m07wn_0'
INFO: [VRFC 10-3107] analyzing entity 'mbv_system_mbv_riscv_axi_periph_1_bd_e941_m08arn_0'
INFO: [VRFC 10-3107] analyzing entity 'mbv_system_mbv_riscv_axi_periph_1_bd_e941_m08awn_0'
INFO: [VRFC 10-3107] analyzing entity 'mbv_system_mbv_riscv_axi_periph_1_bd_e941_m08bn_0'
INFO: [VRFC 10-3107] analyzing entity 'mbv_system_mbv_riscv_axi_periph_1_bd_e941_m08e_0'
INFO: [VRFC 10-3107] analyzing entity 'mbv_system_mbv_riscv_axi_periph_1_bd_e941_m08rn_0'
INFO: [VRFC 10-3107] analyzing entity 'mbv_system_mbv_riscv_axi_periph_1_bd_e941_m08wn_0'
INFO: [VRFC 10-3107] analyzing entity 'mbv_system_mbv_riscv_axi_periph_1_bd_e941_m09arn_0'
INFO: [VRFC 10-3107] analyzing entity 'mbv_system_mbv_riscv_axi_periph_1_bd_e941_m09awn_0'
INFO: [VRFC 10-3107] analyzing entity 'mbv_system_mbv_riscv_axi_periph_1_bd_e941_m09bn_0'
INFO: [VRFC 10-3107] analyzing entity 'mbv_system_mbv_riscv_axi_periph_1_bd_e941_m09e_0'
INFO: [VRFC 10-3107] analyzing entity 'mbv_system_mbv_riscv_axi_periph_1_bd_e941_m09rn_0'
INFO: [VRFC 10-3107] analyzing entity 'mbv_system_mbv_riscv_axi_periph_1_bd_e941_m09wn_0'
INFO: [VRFC 10-3107] analyzing entity 'mbv_system_mbv_riscv_axi_periph_1_bd_e941_m10arn_0'
INFO: [VRFC 10-3107] analyzing entity 'mbv_system_mbv_riscv_axi_periph_1_bd_e941_m10awn_0'
INFO: [VRFC 10-3107] analyzing entity 'mbv_system_mbv_riscv_axi_periph_1_bd_e941_m10bn_0'
INFO: [VRFC 10-3107] analyzing entity 'mbv_system_mbv_riscv_axi_periph_1_bd_e941_m10e_0'
INFO: [VRFC 10-3107] analyzing entity 'mbv_system_mbv_riscv_axi_periph_1_bd_e941_m10rn_0'
INFO: [VRFC 10-3107] analyzing entity 'mbv_system_mbv_riscv_axi_periph_1_bd_e941_m10wn_0'
INFO: [VRFC 10-3107] analyzing entity 'mbv_system_mbv_riscv_axi_periph_1_bd_e941_m11arn_0'
INFO: [VRFC 10-3107] analyzing entity 'mbv_system_mbv_riscv_axi_periph_1_bd_e941_m11awn_0'
INFO: [VRFC 10-3107] analyzing entity 'mbv_system_mbv_riscv_axi_periph_1_bd_e941_m11bn_0'
INFO: [VRFC 10-3107] analyzing entity 'mbv_system_mbv_riscv_axi_periph_1_bd_e941_m11e_0'
INFO: [VRFC 10-3107] analyzing entity 'mbv_system_mbv_riscv_axi_periph_1_bd_e941_m11rn_0'
INFO: [VRFC 10-3107] analyzing entity 'mbv_system_mbv_riscv_axi_periph_1_bd_e941_m11wn_0'
INFO: [VRFC 10-3107] analyzing entity 'mbv_system_mbv_riscv_axi_periph_1_bd_e941_m12arn_0'
INFO: [VRFC 10-3107] analyzing entity 'mbv_system_mbv_riscv_axi_periph_1_bd_e941_m12awn_0'
INFO: [VRFC 10-3107] analyzing entity 'mbv_system_mbv_riscv_axi_periph_1_bd_e941_m12bn_0'
INFO: [VRFC 10-3107] analyzing entity 'mbv_system_mbv_riscv_axi_periph_1_bd_e941_m12e_0'
INFO: [VRFC 10-3107] analyzing entity 'mbv_system_mbv_riscv_axi_periph_1_bd_e941_m12rn_0'
INFO: [VRFC 10-3107] analyzing entity 'mbv_system_mbv_riscv_axi_periph_1_bd_e941_m12wn_0'
INFO: [VRFC 10-3107] analyzing entity 'mbv_system_mbv_riscv_axi_periph_1_bd_e941_m13arn_0'
INFO: [VRFC 10-3107] analyzing entity 'mbv_system_mbv_riscv_axi_periph_1_bd_e941_m13awn_0'
INFO: [VRFC 10-3107] analyzing entity 'mbv_system_mbv_riscv_axi_periph_1_bd_e941_m13bn_0'
INFO: [VRFC 10-3107] analyzing entity 'mbv_system_mbv_riscv_axi_periph_1_bd_e941_m13e_0'
INFO: [VRFC 10-3107] analyzing entity 'mbv_system_mbv_riscv_axi_periph_1_bd_e941_m13rn_0'
INFO: [VRFC 10-3107] analyzing entity 'mbv_system_mbv_riscv_axi_periph_1_bd_e941_m13wn_0'
INFO: [VRFC 10-3107] analyzing entity 'mbv_system_mbv_riscv_axi_periph_1_bd_e941_s00mmu_0'
INFO: [VRFC 10-3107] analyzing entity 'mbv_system_mbv_riscv_axi_periph_1_bd_e941_s00sic_0'
INFO: [VRFC 10-3107] analyzing entity 'mbv_system_mbv_riscv_axi_periph_1_bd_e941_s00tr_0'
INFO: [VRFC 10-3107] analyzing entity 'mbv_system_mbv_riscv_axi_periph_1_bd_e941_sarn_0'
INFO: [VRFC 10-3107] analyzing entity 'mbv_system_mbv_riscv_axi_periph_1_bd_e941_sawn_0'
INFO: [VRFC 10-3107] analyzing entity 'mbv_system_mbv_riscv_axi_periph_1_bd_e941_sbn_0'
INFO: [VRFC 10-3107] analyzing entity 'mbv_system_mbv_riscv_axi_periph_1_bd_e941_srn_0'
INFO: [VRFC 10-3107] analyzing entity 'mbv_system_mbv_riscv_axi_periph_1_bd_e941_swn_0'
INFO: [VRFC 10-3107] analyzing entity 'mbv_system_mbv_riscv_axi_periph_1_proc_sys_reset'
INFO: [VRFC 10-3107] analyzing entity 'mbv_system_mbv_riscv_axi_periph_1_sc_node_v1_0_19_fifo'
INFO: [VRFC 10-3107] analyzing entity 'mbv_system_mbv_riscv_axi_periph_1_sc_node_v1_0_19_fifo_32'
INFO: [VRFC 10-3107] analyzing entity '\mbv_system_mbv_riscv_axi_periph_1_sc_node_v1_0_19_fifo__parameterized0\'
INFO: [VRFC 10-3107] analyzing entity '\mbv_system_mbv_riscv_axi_periph_1_sc_node_v1_0_19_fifo__parameterized1\'
INFO: [VRFC 10-3107] analyzing entity '\mbv_system_mbv_riscv_axi_periph_1_sc_node_v1_0_19_fifo__parameterized2\'
INFO: [VRFC 10-3107] analyzing entity 'mbv_system_mbv_riscv_axi_periph_1_bd_e941_psr_aclk_0'
INFO: [VRFC 10-3107] analyzing entity 'mbv_system_mbv_riscv_axi_periph_1_m00_exit_pipeline_imp_8IAQ0Y'
INFO: [VRFC 10-3107] analyzing entity 'mbv_system_mbv_riscv_axi_periph_1_m00_nodes_imp_LTCAJY'
INFO: [VRFC 10-3107] analyzing entity 'mbv_system_mbv_riscv_axi_periph_1_m01_exit_pipeline_imp_2MZKHU'
INFO: [VRFC 10-3107] analyzing entity 'mbv_system_mbv_riscv_axi_periph_1_m01_nodes_imp_1MP9DZS'
INFO: [VRFC 10-3107] analyzing entity 'mbv_system_mbv_riscv_axi_periph_1_m02_exit_pipeline_imp_DL8W5E'
INFO: [VRFC 10-3107] analyzing entity 'mbv_system_mbv_riscv_axi_periph_1_m02_nodes_imp_1CTGGQR'
INFO: [VRFC 10-3107] analyzing entity 'mbv_system_mbv_riscv_axi_periph_1_m03_exit_pipeline_imp_B1S5QA'
INFO: [VRFC 10-3107] analyzing entity 'mbv_system_mbv_riscv_axi_periph_1_m03_nodes_imp_E5CY45'
INFO: [VRFC 10-3107] analyzing entity 'mbv_system_mbv_riscv_axi_periph_1_m04_exit_pipeline_imp_IBPE82'
INFO: [VRFC 10-3107] analyzing entity 'mbv_system_mbv_riscv_axi_periph_1_m04_nodes_imp_O71PIT'
INFO: [VRFC 10-3107] analyzing entity 'mbv_system_mbv_riscv_axi_periph_1_m05_exit_pipeline_imp_NMFWCI'
INFO: [VRFC 10-3107] analyzing entity 'mbv_system_mbv_riscv_axi_periph_1_m05_nodes_imp_1K42FIB'
INFO: [VRFC 10-3107] analyzing entity 'mbv_system_mbv_riscv_axi_periph_1_m06_exit_pipeline_imp_U2CEKI'
INFO: [VRFC 10-3107] analyzing entity 'mbv_system_mbv_riscv_axi_periph_1_m06_nodes_imp_1ELL23C'
INFO: [VRFC 10-3107] analyzing entity 'mbv_system_mbv_riscv_axi_periph_1_m07_exit_pipeline_imp_Y93TOI'
INFO: [VRFC 10-3107] analyzing entity 'mbv_system_mbv_riscv_axi_periph_1_m07_nodes_imp_C0QXF2'
INFO: [VRFC 10-3107] analyzing entity 'mbv_system_mbv_riscv_axi_periph_1_m08_exit_pipeline_imp_1AL7R5U'
INFO: [VRFC 10-3107] analyzing entity 'mbv_system_mbv_riscv_axi_periph_1_m08_nodes_imp_YWBZA0'
INFO: [VRFC 10-3107] analyzing entity 'mbv_system_mbv_riscv_axi_periph_1_m09_exit_pipeline_imp_1D1K41U'
INFO: [VRFC 10-3107] analyzing entity 'mbv_system_mbv_riscv_axi_periph_1_m09_nodes_imp_1QDC5YM'
INFO: [VRFC 10-3107] analyzing entity 'mbv_system_mbv_riscv_axi_periph_1_m10_exit_pipeline_imp_11507FA'
INFO: [VRFC 10-3107] analyzing entity 'mbv_system_mbv_riscv_axi_periph_1_m10_nodes_imp_1WN5406'
INFO: [VRFC 10-3107] analyzing entity 'mbv_system_mbv_riscv_axi_periph_1_m11_exit_pipeline_imp_14RS386'
INFO: [VRFC 10-3107] analyzing entity 'mbv_system_mbv_riscv_axi_periph_1_m11_nodes_imp_TIZOC0'
INFO: [VRFC 10-3107] analyzing entity 'mbv_system_mbv_riscv_axi_periph_1_m12_exit_pipeline_imp_1BLFB4M'
INFO: [VRFC 10-3107] analyzing entity 'mbv_system_mbv_riscv_axi_periph_1_m12_nodes_imp_645PUZ'
INFO: [VRFC 10-3107] analyzing entity 'mbv_system_mbv_riscv_axi_periph_1_m13_exit_pipeline_imp_1GC69XY'
INFO: [VRFC 10-3107] analyzing entity 'mbv_system_mbv_riscv_axi_periph_1_m13_nodes_imp_12KNDCT'
INFO: [VRFC 10-3107] analyzing entity 'mbv_system_mbv_riscv_axi_periph_1_s00_entry_pipeline_imp_17PDLQ9'
INFO: [VRFC 10-3107] analyzing entity 'mbv_system_mbv_riscv_axi_periph_1_s00_nodes_imp_11SR9LN'
INFO: [VRFC 10-3107] analyzing entity '\mbv_system_mbv_riscv_axi_periph_1_sc_node_v1_0_19_mi_handler__parameterized10\'
INFO: [VRFC 10-3107] analyzing entity '\mbv_system_mbv_riscv_axi_periph_1_sc_node_v1_0_19_mi_handler__parameterized11\'
INFO: [VRFC 10-3107] analyzing entity '\mbv_system_mbv_riscv_axi_periph_1_sc_node_v1_0_19_mi_handler__parameterized12\'
INFO: [VRFC 10-3107] analyzing entity '\mbv_system_mbv_riscv_axi_periph_1_sc_node_v1_0_19_mi_handler__parameterized13\'
INFO: [VRFC 10-3107] analyzing entity '\mbv_system_mbv_riscv_axi_periph_1_sc_node_v1_0_19_mi_handler__parameterized9\'
INFO: [VRFC 10-3107] analyzing entity 'mbv_system_mbv_riscv_axi_periph_1_clk_map_imp_1RTLZFD'
INFO: [VRFC 10-3107] analyzing entity '\mbv_system_mbv_riscv_axi_periph_1_sc_node_v1_0_19_top__parameterized10\'
INFO: [VRFC 10-3107] analyzing entity '\mbv_system_mbv_riscv_axi_periph_1_sc_node_v1_0_19_top__parameterized11\'
INFO: [VRFC 10-3107] analyzing entity '\mbv_system_mbv_riscv_axi_periph_1_sc_node_v1_0_19_top__parameterized12\'
INFO: [VRFC 10-3107] analyzing entity '\mbv_system_mbv_riscv_axi_periph_1_sc_node_v1_0_19_top__parameterized13\'
INFO: [VRFC 10-3107] analyzing entity '\mbv_system_mbv_riscv_axi_periph_1_sc_node_v1_0_19_top__parameterized9\'
INFO: [VRFC 10-3107] analyzing entity 'mbv_system_mbv_riscv_axi_periph_1_bd_e941_arni_0'
INFO: [VRFC 10-3107] analyzing entity 'mbv_system_mbv_riscv_axi_periph_1_bd_e941_awni_0'
INFO: [VRFC 10-3107] analyzing entity 'mbv_system_mbv_riscv_axi_periph_1_bd_e941_bni_0'
INFO: [VRFC 10-3107] analyzing entity 'mbv_system_mbv_riscv_axi_periph_1_bd_e941_rni_0'
INFO: [VRFC 10-3107] analyzing entity 'mbv_system_mbv_riscv_axi_periph_1_bd_e941_wni_0'
INFO: [VRFC 10-3107] analyzing entity 'mbv_system_mbv_riscv_axi_periph_1_i_nodes_imp_B2R33R'
INFO: [VRFC 10-3107] analyzing entity 'mbv_system_mbv_riscv_axi_periph_1_switchboards_imp_1R7G2MN'
INFO: [VRFC 10-3107] analyzing entity 'mbv_system_mbv_riscv_axi_periph_1_bd_e941'
INFO: [VRFC 10-3107] analyzing entity 'mbv_system_mbv_riscv_axi_periph_1'
INFO: [VRFC 10-163] Analyzing VHDL file "X:/hw/rv32imafcb_zicsr_zifencei_zbc/rv32imafcb_zicsr_zifencei_zbc.ip_user_files/bd/mbv_system/ip/mbv_system_mbv_riscv_axi_intc_1/sim/mbv_system_mbv_riscv_axi_intc_1.vhd" into library xil_defaultlib
INFO: [VRFC 10-3107] analyzing entity 'mbv_system_mbv_riscv_axi_intc_1'
INFO: [VRFC 10-163] Analyzing VHDL file "X:/hw/rv32imafcb_zicsr_zifencei_zbc/rv32imafcb_zicsr_zifencei_zbc.ip_user_files/bd/mbv_system/ip/mbv_system_mdm_1_1/sim/mbv_system_mdm_1_1.vhd" into library xil_defaultlib
INFO: [VRFC 10-3107] analyzing entity 'mbv_system_mdm_1_1'
INFO: [VRFC 10-163] Analyzing VHDL file "X:/hw/rv32imafcb_zicsr_zifencei_zbc/rv32imafcb_zicsr_zifencei_zbc.ip_user_files/bd/mbv_system/ip/mbv_system_clk_wiz_1_1/mbv_system_clk_wiz_1_1_sim_netlist.vhdl" into library xil_defaultlib
INFO: [VRFC 10-3107] analyzing entity 'mbv_system_clk_wiz_1_1_clk_wiz'
INFO: [VRFC 10-3107] analyzing entity 'mbv_system_clk_wiz_1_1'
INFO: [VRFC 10-163] Analyzing VHDL file "X:/hw/rv32imafcb_zicsr_zifencei_zbc/rv32imafcb_zicsr_zifencei_zbc.ip_user_files/bd/mbv_system/ip/mbv_system_rst_clk_wiz_1_100M_1/sim/mbv_system_rst_clk_wiz_1_100M_1.vhd" into library xil_defaultlib
INFO: [VRFC 10-3107] analyzing entity 'mbv_system_rst_clk_wiz_1_100M_1'
INFO: [VRFC 10-163] Analyzing VHDL file "X:/hw/rv32imafcb_zicsr_zifencei_zbc/rv32imafcb_zicsr_zifencei_zbc.ip_user_files/bd/mbv_system/ip/mbv_system_fit_timer_0_0/sim/mbv_system_fit_timer_0_0.vhd" into library xil_defaultlib
INFO: [VRFC 10-3107] analyzing entity 'mbv_system_fit_timer_0_0'
INFO: [VRFC 10-163] Analyzing VHDL file "X:/hw/rv32imafcb_zicsr_zifencei_zbc/rv32imafcb_zicsr_zifencei_zbc.ip_user_files/bd/mbv_system/ip/mbv_system_axi_timebase_wdt_0_0/sim/mbv_system_axi_timebase_wdt_0_0.vhd" into library xil_defaultlib
INFO: [VRFC 10-3107] analyzing entity 'mbv_system_axi_timebase_wdt_0_0'
INFO: [VRFC 10-163] Analyzing VHDL file "X:/hw/rv32imafcb_zicsr_zifencei_zbc/rv32imafcb_zicsr_zifencei_zbc.ip_user_files/bd/mbv_system/ip/mbv_system_axi_uartlite_0_0/sim/mbv_system_axi_uartlite_0_0.vhd" into library xil_defaultlib
INFO: [VRFC 10-3107] analyzing entity 'mbv_system_axi_uartlite_0_0'
INFO: [VRFC 10-163] Analyzing VHDL file "X:/hw/rv32imafcb_zicsr_zifencei_zbc/rv32imafcb_zicsr_zifencei_zbc.ip_user_files/bd/mbv_system/ip/mbv_system_axi_quad_spi_0_0/mbv_system_axi_quad_spi_0_0_sim_netlist.vhdl" into library xil_defaultlib
INFO: [VRFC 10-3107] analyzing entity 'mbv_system_axi_quad_spi_0_0_counter_f'
INFO: [VRFC 10-3107] analyzing entity 'mbv_system_axi_quad_spi_0_0_cross_clk_sync_fifo_1'
INFO: [VRFC 10-3107] analyzing entity 'mbv_system_axi_quad_spi_0_0_interrupt_control'
INFO: [VRFC 10-3107] analyzing entity 'mbv_system_axi_quad_spi_0_0_qspi_address_decoder'
INFO: [VRFC 10-3107] analyzing entity 'mbv_system_axi_quad_spi_0_0_qspi_cntrl_reg'
INFO: [VRFC 10-3107] analyzing entity 'mbv_system_axi_quad_spi_0_0_qspi_fifo_ifmodule'
INFO: [VRFC 10-3107] analyzing entity 'mbv_system_axi_quad_spi_0_0_qspi_mode_control_logic'
INFO: [VRFC 10-3107] analyzing entity 'mbv_system_axi_quad_spi_0_0_qspi_status_slave_sel_reg'
INFO: [VRFC 10-3107] analyzing entity 'mbv_system_axi_quad_spi_0_0_reset_sync_module'
INFO: [VRFC 10-3107] analyzing entity 'mbv_system_axi_quad_spi_0_0_soft_reset'
INFO: [VRFC 10-3107] analyzing entity 'mbv_system_axi_quad_spi_0_0_xpm_cdc_gray'
INFO: [VRFC 10-3107] analyzing entity '\mbv_system_axi_quad_spi_0_0_xpm_cdc_gray__1\'
INFO: [VRFC 10-3107] analyzing entity '\mbv_system_axi_quad_spi_0_0_xpm_cdc_gray__2\'
INFO: [VRFC 10-3107] analyzing entity '\mbv_system_axi_quad_spi_0_0_xpm_cdc_gray__3\'
INFO: [VRFC 10-3107] analyzing entity '\mbv_system_axi_quad_spi_0_0_xpm_cdc_gray__parameterized0\'
INFO: [VRFC 10-3107] analyzing entity '\mbv_system_axi_quad_spi_0_0_xpm_cdc_gray__parameterized0__1\'
INFO: [VRFC 10-3107] analyzing entity '\mbv_system_axi_quad_spi_0_0_xpm_cdc_gray__parameterized1\'
INFO: [VRFC 10-3107] analyzing entity '\mbv_system_axi_quad_spi_0_0_xpm_cdc_gray__parameterized1__1\'
INFO: [VRFC 10-3107] analyzing entity 'mbv_system_axi_quad_spi_0_0_xpm_cdc_single'
INFO: [VRFC 10-3107] analyzing entity '\mbv_system_axi_quad_spi_0_0_xpm_cdc_single__1\'
INFO: [VRFC 10-3107] analyzing entity 'mbv_system_axi_quad_spi_0_0_xpm_cdc_sync_rst'
INFO: [VRFC 10-3107] analyzing entity '\mbv_system_axi_quad_spi_0_0_xpm_cdc_sync_rst__1\'
INFO: [VRFC 10-3107] analyzing entity '\mbv_system_axi_quad_spi_0_0_xpm_cdc_sync_rst__2\'
INFO: [VRFC 10-3107] analyzing entity '\mbv_system_axi_quad_spi_0_0_xpm_cdc_sync_rst__3\'
INFO: [VRFC 10-3107] analyzing entity 'mbv_system_axi_quad_spi_0_0_xpm_counter_updn'
INFO: [VRFC 10-3107] analyzing entity 'mbv_system_axi_quad_spi_0_0_xpm_counter_updn_4'
INFO: [VRFC 10-3107] analyzing entity '\mbv_system_axi_quad_spi_0_0_xpm_counter_updn__parameterized0\'
INFO: [VRFC 10-3107] analyzing entity '\mbv_system_axi_quad_spi_0_0_xpm_counter_updn__parameterized0_15\'
INFO: [VRFC 10-3107] analyzing entity '\mbv_system_axi_quad_spi_0_0_xpm_counter_updn__parameterized1\'
INFO: [VRFC 10-3107] analyzing entity '\mbv_system_axi_quad_spi_0_0_xpm_counter_updn__parameterized1_9\'
INFO: [VRFC 10-3107] analyzing entity '\mbv_system_axi_quad_spi_0_0_xpm_counter_updn__parameterized2\'
INFO: [VRFC 10-3107] analyzing entity '\mbv_system_axi_quad_spi_0_0_xpm_counter_updn__parameterized2_10\'
INFO: [VRFC 10-3107] analyzing entity '\mbv_system_axi_quad_spi_0_0_xpm_counter_updn__parameterized2_13\'
INFO: [VRFC 10-3107] analyzing entity '\mbv_system_axi_quad_spi_0_0_xpm_counter_updn__parameterized2_2\'
INFO: [VRFC 10-3107] analyzing entity '\mbv_system_axi_quad_spi_0_0_xpm_counter_updn__parameterized3\'
INFO: [VRFC 10-3107] analyzing entity '\mbv_system_axi_quad_spi_0_0_xpm_counter_updn__parameterized3_11\'
INFO: [VRFC 10-3107] analyzing entity '\mbv_system_axi_quad_spi_0_0_xpm_counter_updn__parameterized3_14\'
INFO: [VRFC 10-3107] analyzing entity '\mbv_system_axi_quad_spi_0_0_xpm_counter_updn__parameterized3_3\'
INFO: [VRFC 10-3107] analyzing entity 'mbv_system_axi_quad_spi_0_0_xpm_fifo_reg_bit'
INFO: [VRFC 10-3107] analyzing entity 'mbv_system_axi_quad_spi_0_0_xpm_fifo_reg_bit_12'
INFO: [VRFC 10-3107] analyzing entity 'mbv_system_axi_quad_spi_0_0_xpm_fifo_reg_vec'
INFO: [VRFC 10-3107] analyzing entity 'mbv_system_axi_quad_spi_0_0_xpm_fifo_reg_vec_0'
INFO: [VRFC 10-3107] analyzing entity 'mbv_system_axi_quad_spi_0_0_xpm_fifo_reg_vec_5'
INFO: [VRFC 10-3107] analyzing entity 'mbv_system_axi_quad_spi_0_0_xpm_fifo_reg_vec_7'
INFO: [VRFC 10-3107] analyzing entity '\mbv_system_axi_quad_spi_0_0_xpm_fifo_reg_vec__parameterized0\'
INFO: [VRFC 10-3107] analyzing entity '\mbv_system_axi_quad_spi_0_0_xpm_fifo_reg_vec__parameterized0_1\'
INFO: [VRFC 10-3107] analyzing entity '\mbv_system_axi_quad_spi_0_0_xpm_fifo_reg_vec__parameterized0_6\'
INFO: [VRFC 10-3107] analyzing entity '\mbv_system_axi_quad_spi_0_0_xpm_fifo_reg_vec__parameterized0_8\'
INFO: [VRFC 10-3107] analyzing entity 'mbv_system_axi_quad_spi_0_0_xpm_memory_base'
INFO: [VRFC 10-3107] analyzing entity '\mbv_system_axi_quad_spi_0_0_xpm_memory_base__1\'
INFO: [VRFC 10-3107] analyzing entity 'mbv_system_axi_quad_spi_0_0_rom'
INFO: [VRFC 10-3107] analyzing entity 'mbv_system_axi_quad_spi_0_0_axi_qspi_enhanced_mode'
INFO: [VRFC 10-3107] analyzing entity 'mbv_system_axi_quad_spi_0_0_xpm_fifo_rst'
INFO: [VRFC 10-3107] analyzing entity 'mbv_system_axi_quad_spi_0_0_xpm_fifo_rst_16'
INFO: [VRFC 10-3107] analyzing entity 'mbv_system_axi_quad_spi_0_0_dist_mem_gen_v8_0_17_synth'
INFO: [VRFC 10-3107] analyzing entity 'mbv_system_axi_quad_spi_0_0_xpm_fifo_base'
INFO: [VRFC 10-3107] analyzing entity '\mbv_system_axi_quad_spi_0_0_xpm_fifo_base__parameterized0\'
INFO: [VRFC 10-3107] analyzing entity 'mbv_system_axi_quad_spi_0_0_dist_mem_gen_v8_0_17'
INFO: [VRFC 10-3107] analyzing entity 'mbv_system_axi_quad_spi_0_0_qspi_look_up_logic'
INFO: [VRFC 10-3107] analyzing entity 'mbv_system_axi_quad_spi_0_0_xpm_fifo_async'
INFO: [VRFC 10-3107] analyzing entity '\mbv_system_axi_quad_spi_0_0_xpm_fifo_async__parameterized1\'
INFO: [VRFC 10-3107] analyzing entity 'mbv_system_axi_quad_spi_0_0_qspi_core_interface'
INFO: [VRFC 10-3107] analyzing entity 'mbv_system_axi_quad_spi_0_0_axi_quad_spi_top'
INFO: [VRFC 10-3107] analyzing entity 'mbv_system_axi_quad_spi_0_0_axi_quad_spi'
INFO: [VRFC 10-3107] analyzing entity 'mbv_system_axi_quad_spi_0_0'
INFO: [VRFC 10-163] Analyzing VHDL file "X:/hw/rv32imafcb_zicsr_zifencei_zbc/rv32imafcb_zicsr_zifencei_zbc.ip_user_files/bd/mbv_system/ip/mbv_system_axi_gpio_0_0/sim/mbv_system_axi_gpio_0_0.vhd" into library xil_defaultlib
INFO: [VRFC 10-3107] analyzing entity 'mbv_system_axi_gpio_0_0'
INFO: [VRFC 10-163] Analyzing VHDL file "X:/hw/rv32imafcb_zicsr_zifencei_zbc/rv32imafcb_zicsr_zifencei_zbc.ip_user_files/bd/mbv_system/ip/mbv_system_axi_gpio_0_1/sim/mbv_system_axi_gpio_0_1.vhd" into library xil_defaultlib
INFO: [VRFC 10-3107] analyzing entity 'mbv_system_axi_gpio_0_1'
INFO: [VRFC 10-163] Analyzing VHDL file "X:/hw/rv32imafcb_zicsr_zifencei_zbc/rv32imafcb_zicsr_zifencei_zbc.ip_user_files/bd/mbv_system/ip/mbv_system_axi_gpio_0_2/sim/mbv_system_axi_gpio_0_2.vhd" into library xil_defaultlib
INFO: [VRFC 10-3107] analyzing entity 'mbv_system_axi_gpio_0_2'
INFO: [VRFC 10-163] Analyzing VHDL file "X:/hw/rv32imafcb_zicsr_zifencei_zbc/rv32imafcb_zicsr_zifencei_zbc.ip_user_files/bd/mbv_system/ip/mbv_system_axi_gpio_0_3/sim/mbv_system_axi_gpio_0_3.vhd" into library xil_defaultlib
INFO: [VRFC 10-3107] analyzing entity 'mbv_system_axi_gpio_0_3'
INFO: [VRFC 10-163] Analyzing VHDL file "X:/hw/rv32imafcb_zicsr_zifencei_zbc/rv32imafcb_zicsr_zifencei_zbc.ip_user_files/bd/mbv_system/ip/mbv_system_axi_gpio_0_4/sim/mbv_system_axi_gpio_0_4.vhd" into library xil_defaultlib
INFO: [VRFC 10-3107] analyzing entity 'mbv_system_axi_gpio_0_4'
INFO: [VRFC 10-163] Analyzing VHDL file "X:/hw/rv32imafcb_zicsr_zifencei_zbc/rv32imafcb_zicsr_zifencei_zbc.ip_user_files/bd/mbv_system/ip/mbv_system_axi_gpio_0_5/sim/mbv_system_axi_gpio_0_5.vhd" into library xil_defaultlib
INFO: [VRFC 10-3107] analyzing entity 'mbv_system_axi_gpio_0_5'
INFO: [VRFC 10-163] Analyzing VHDL file "X:/hw/rv32imafcb_zicsr_zifencei_zbc/rv32imafcb_zicsr_zifencei_zbc.ip_user_files/bd/mbv_system/ip/mbv_system_axi_ethernetlite_0_0/sim/mbv_system_axi_ethernetlite_0_0.vhd" into library xil_defaultlib
INFO: [VRFC 10-3107] analyzing entity 'mbv_system_axi_ethernetlite_0_0'
INFO: [VRFC 10-163] Analyzing VHDL file "X:/hw/rv32imafcb_zicsr_zifencei_zbc/rv32imafcb_zicsr_zifencei_zbc.ip_user_files/bd/mbv_system/sim/mbv_system.vhd" into library xil_defaultlib
INFO: [VRFC 10-3107] analyzing entity 'mbv_local_memory_imp_1NP638B'
INFO: [VRFC 10-3107] analyzing entity 'mbv_system'
INFO: [VRFC 10-163] Analyzing VHDL file "X:/hw/rv32imafcb_zicsr_zifencei_zbc/rv32imafcb_zicsr_zifencei_zbc.ip_user_files/bd/mbv_system/ip/mbv_system_axi_quad_spi_0_1/mbv_system_axi_quad_spi_0_1_sim_netlist.vhdl" into library xil_defaultlib
INFO: [VRFC 10-3107] analyzing entity 'mbv_system_axi_quad_spi_0_1_counter_f'
INFO: [VRFC 10-3107] analyzing entity 'mbv_system_axi_quad_spi_0_1_cross_clk_sync_fifo_1'
INFO: [VRFC 10-3107] analyzing entity 'mbv_system_axi_quad_spi_0_1_interrupt_control'
INFO: [VRFC 10-3107] analyzing entity 'mbv_system_axi_quad_spi_0_1_qspi_address_decoder'
INFO: [VRFC 10-3107] analyzing entity 'mbv_system_axi_quad_spi_0_1_qspi_cntrl_reg'
INFO: [VRFC 10-3107] analyzing entity 'mbv_system_axi_quad_spi_0_1_qspi_fifo_ifmodule'
INFO: [VRFC 10-3107] analyzing entity 'mbv_system_axi_quad_spi_0_1_qspi_mode_0_module'
INFO: [VRFC 10-3107] analyzing entity 'mbv_system_axi_quad_spi_0_1_qspi_status_slave_sel_reg'
INFO: [VRFC 10-3107] analyzing entity 'mbv_system_axi_quad_spi_0_1_reset_sync_module'
INFO: [VRFC 10-3107] analyzing entity 'mbv_system_axi_quad_spi_0_1_soft_reset'
INFO: [VRFC 10-3107] analyzing entity 'mbv_system_axi_quad_spi_0_1_xpm_cdc_gray'
INFO: [VRFC 10-3107] analyzing entity '\mbv_system_axi_quad_spi_0_1_xpm_cdc_gray__1\'
INFO: [VRFC 10-3107] analyzing entity '\mbv_system_axi_quad_spi_0_1_xpm_cdc_gray__2\'
INFO: [VRFC 10-3107] analyzing entity '\mbv_system_axi_quad_spi_0_1_xpm_cdc_gray__3\'
INFO: [VRFC 10-3107] analyzing entity '\mbv_system_axi_quad_spi_0_1_xpm_cdc_gray__parameterized0\'
INFO: [VRFC 10-3107] analyzing entity '\mbv_system_axi_quad_spi_0_1_xpm_cdc_gray__parameterized0__1\'
INFO: [VRFC 10-3107] analyzing entity '\mbv_system_axi_quad_spi_0_1_xpm_cdc_gray__parameterized1\'
INFO: [VRFC 10-3107] analyzing entity '\mbv_system_axi_quad_spi_0_1_xpm_cdc_gray__parameterized1__1\'
INFO: [VRFC 10-3107] analyzing entity 'mbv_system_axi_quad_spi_0_1_xpm_cdc_single'
INFO: [VRFC 10-3107] analyzing entity '\mbv_system_axi_quad_spi_0_1_xpm_cdc_single__1\'
INFO: [VRFC 10-3107] analyzing entity 'mbv_system_axi_quad_spi_0_1_xpm_cdc_sync_rst'
INFO: [VRFC 10-3107] analyzing entity '\mbv_system_axi_quad_spi_0_1_xpm_cdc_sync_rst__1\'
INFO: [VRFC 10-3107] analyzing entity '\mbv_system_axi_quad_spi_0_1_xpm_cdc_sync_rst__2\'
INFO: [VRFC 10-3107] analyzing entity '\mbv_system_axi_quad_spi_0_1_xpm_cdc_sync_rst__3\'
INFO: [VRFC 10-3107] analyzing entity 'mbv_system_axi_quad_spi_0_1_xpm_counter_updn'
INFO: [VRFC 10-3107] analyzing entity 'mbv_system_axi_quad_spi_0_1_xpm_counter_updn_4'
INFO: [VRFC 10-3107] analyzing entity '\mbv_system_axi_quad_spi_0_1_xpm_counter_updn__parameterized0\'
INFO: [VRFC 10-3107] analyzing entity '\mbv_system_axi_quad_spi_0_1_xpm_counter_updn__parameterized0_15\'
INFO: [VRFC 10-3107] analyzing entity '\mbv_system_axi_quad_spi_0_1_xpm_counter_updn__parameterized1\'
INFO: [VRFC 10-3107] analyzing entity '\mbv_system_axi_quad_spi_0_1_xpm_counter_updn__parameterized1_9\'
INFO: [VRFC 10-3107] analyzing entity '\mbv_system_axi_quad_spi_0_1_xpm_counter_updn__parameterized2\'
INFO: [VRFC 10-3107] analyzing entity '\mbv_system_axi_quad_spi_0_1_xpm_counter_updn__parameterized2_10\'
INFO: [VRFC 10-3107] analyzing entity '\mbv_system_axi_quad_spi_0_1_xpm_counter_updn__parameterized2_13\'
INFO: [VRFC 10-3107] analyzing entity '\mbv_system_axi_quad_spi_0_1_xpm_counter_updn__parameterized2_2\'
INFO: [VRFC 10-3107] analyzing entity '\mbv_system_axi_quad_spi_0_1_xpm_counter_updn__parameterized3\'
INFO: [VRFC 10-3107] analyzing entity '\mbv_system_axi_quad_spi_0_1_xpm_counter_updn__parameterized3_11\'
INFO: [VRFC 10-3107] analyzing entity '\mbv_system_axi_quad_spi_0_1_xpm_counter_updn__parameterized3_14\'
INFO: [VRFC 10-3107] analyzing entity '\mbv_system_axi_quad_spi_0_1_xpm_counter_updn__parameterized3_3\'
INFO: [VRFC 10-3107] analyzing entity 'mbv_system_axi_quad_spi_0_1_xpm_fifo_reg_bit'
INFO: [VRFC 10-3107] analyzing entity 'mbv_system_axi_quad_spi_0_1_xpm_fifo_reg_bit_12'
INFO: [VRFC 10-3107] analyzing entity 'mbv_system_axi_quad_spi_0_1_xpm_fifo_reg_vec'
INFO: [VRFC 10-3107] analyzing entity 'mbv_system_axi_quad_spi_0_1_xpm_fifo_reg_vec_0'
INFO: [VRFC 10-3107] analyzing entity 'mbv_system_axi_quad_spi_0_1_xpm_fifo_reg_vec_5'
INFO: [VRFC 10-3107] analyzing entity 'mbv_system_axi_quad_spi_0_1_xpm_fifo_reg_vec_7'
INFO: [VRFC 10-3107] analyzing entity '\mbv_system_axi_quad_spi_0_1_xpm_fifo_reg_vec__parameterized0\'
INFO: [VRFC 10-3107] analyzing entity '\mbv_system_axi_quad_spi_0_1_xpm_fifo_reg_vec__parameterized0_1\'
INFO: [VRFC 10-3107] analyzing entity '\mbv_system_axi_quad_spi_0_1_xpm_fifo_reg_vec__parameterized0_6\'
INFO: [VRFC 10-3107] analyzing entity '\mbv_system_axi_quad_spi_0_1_xpm_fifo_reg_vec__parameterized0_8\'
INFO: [VRFC 10-3107] analyzing entity 'mbv_system_axi_quad_spi_0_1_xpm_memory_base'
INFO: [VRFC 10-3107] analyzing entity '\mbv_system_axi_quad_spi_0_1_xpm_memory_base__1\'
INFO: [VRFC 10-3107] analyzing entity 'mbv_system_axi_quad_spi_0_1_axi_qspi_enhanced_mode'
INFO: [VRFC 10-3107] analyzing entity 'mbv_system_axi_quad_spi_0_1_xpm_fifo_rst'
INFO: [VRFC 10-3107] analyzing entity 'mbv_system_axi_quad_spi_0_1_xpm_fifo_rst_16'
INFO: [VRFC 10-3107] analyzing entity 'mbv_system_axi_quad_spi_0_1_xpm_fifo_base'
INFO: [VRFC 10-3107] analyzing entity '\mbv_system_axi_quad_spi_0_1_xpm_fifo_base__parameterized0\'
INFO: [VRFC 10-3107] analyzing entity 'mbv_system_axi_quad_spi_0_1_xpm_fifo_async'
INFO: [VRFC 10-3107] analyzing entity '\mbv_system_axi_quad_spi_0_1_xpm_fifo_async__parameterized1\'
INFO: [VRFC 10-3107] analyzing entity 'mbv_system_axi_quad_spi_0_1_qspi_core_interface'
INFO: [VRFC 10-3107] analyzing entity 'mbv_system_axi_quad_spi_0_1_axi_quad_spi_top'
INFO: [VRFC 10-3107] analyzing entity 'mbv_system_axi_quad_spi_0_1_axi_quad_spi'
INFO: [VRFC 10-3107] analyzing entity 'mbv_system_axi_quad_spi_0_1'
INFO: [VRFC 10-163] Analyzing VHDL file "X:/hw/rv32imafcb_zicsr_zifencei_zbc/rv32imafcb_zicsr_zifencei_zbc.ip_user_files/bd/mbv_system/ip/mbv_system_axi_iic_0_0/sim/mbv_system_axi_iic_0_0.vhd" into library xil_defaultlib
INFO: [VRFC 10-3107] analyzing entity 'mbv_system_axi_iic_0_0'
INFO: [VRFC 10-163] Analyzing VHDL file "X:/hw/rv32imafcb_zicsr_zifencei_zbc/rv32imafcb_zicsr_zifencei_zbc.ip_user_files/bd/mbv_system/ip/mbv_system_axi_gpio_0_6/sim/mbv_system_axi_gpio_0_6.vhd" into library xil_defaultlib
INFO: [VRFC 10-3107] analyzing entity 'mbv_system_axi_gpio_0_6'
INFO: [VRFC 10-163] Analyzing VHDL file "X:/hw/rv32imafcb_zicsr_zifencei_zbc/rv32imafcb_zicsr_zifencei_zbc.gen/sources_1/bd/mbv_system/hdl/mbv_system_wrapper.vhd" into library xil_defaultlib
INFO: [VRFC 10-3107] analyzing entity 'mbv_system_wrapper'
