Vivado Simulator v2025.2
Copyright 1986-2022 Xilinx, Inc. All Rights Reserved.
Copyright 2022-2025 Advanced Micro Devices, Inc. All Rights Reserved.
Running: C:/AMDDesignTools/2025.2/Vivado/bin/unwrapped/win64.o/xelab.exe --incr --debug typical --relax --mt 2 --maxdelay -L xil_defaultlib -L xilinx_vip -L simprims_ver -L secureip --snapshot mbv_system_wrapper_time_impl -transport_int_delays -pulse_r 0 -pulse_int_r 0 -pulse_e 0 -pulse_int_e 0 xil_defaultlib.mbv_system_wrapper xil_defaultlib.glbl -log elaborate.log 
Using 2 slave threads.
Starting static elaboration
Pass Through NonSizing Optimizer
Completed static elaboration
Starting simulation data flow analysis
Completed simulation data flow analysis
INFO: [XSIM 43-3451] SDF backannotation process started with SDF file "mbv_system_wrapper_time_impl.sdf", for root module "mbv_system_wrapper".
INFO: [XSIM 43-3452] SDF backannotation was successful for SDF file "mbv_system_wrapper_time_impl.sdf", for root module "mbv_system_wrapper".
Time Resolution for simulation is 1ps
Compiling module simprims_ver.IBUF
Compiling module simprims_ver.OBUF
Compiling module simprims_ver.OBUFT
Compiling module xil_defaultlib.IOBUF_UNIQ_BASE_
Compiling module xil_defaultlib.IOBUF_HD795
Compiling module xil_defaultlib.IOBUF_HD796
Compiling module simprims_ver.FDRE(XON="FALSE")
Compiling module xil_defaultlib.mbv_system_axi_ethernetlite_0_0_...
Compiling module xil_defaultlib.mbv_system_axi_ethernetlite_0_0_...
Compiling module xil_defaultlib.mbv_system_axi_ethernetlite_0_0_...
Compiling module xil_defaultlib.mbv_system_axi_ethernetlite_0_0_...
Compiling module simprims_ver.FDRE_default
Compiling module simprims_ver.LUT4
Compiling module simprims_ver.x_lut3_mux8
Compiling module simprims_ver.LUT3
Compiling module simprims_ver.LUT5
Compiling module simprims_ver.LUT6
Compiling module simprims_ver.x_lut2_mux4
Compiling module simprims_ver.LUT2
Compiling module xil_defaultlib.mbv_system_axi_ethernetlite_0_0_...
Compiling module simprims_ver.BUFG
Compiling module xil_defaultlib.mbv_system_axi_ethernetlite_0_0_...
Compiling module simprims_ver.RAMS32
Compiling module xil_defaultlib.RAM32X1S_UNIQ_BASE_
Compiling module xil_defaultlib.RAM32X1S_HD797
Compiling module xil_defaultlib.RAM32X1S_HD798
Compiling module xil_defaultlib.RAM32X1S_HD799
Compiling module xil_defaultlib.mbv_system_axi_ethernetlite_0_0_...
Compiling module xil_defaultlib.mbv_system_axi_ethernetlite_0_0_...
Compiling module simprims_ver.FDSE_default
Compiling module xil_defaultlib.mbv_system_axi_ethernetlite_0_0_...
Compiling module xil_defaultlib.mbv_system_axi_ethernetlite_0_0_...
Compiling module simprims_ver.GND
Compiling module simprims_ver.x_lut1_mux2
Compiling module simprims_ver.LUT1
Compiling module xil_defaultlib.mbv_system_axi_ethernetlite_0_0_...
Compiling module xil_defaultlib.mbv_system_axi_ethernetlite_0_0_...
Compiling module xil_defaultlib.mbv_system_axi_ethernetlite_0_0_...
Compiling module xil_defaultlib.mbv_system_axi_ethernetlite_0_0_...
Compiling module xil_defaultlib.mbv_system_axi_ethernetlite_0_0_...
Compiling module xil_defaultlib.mbv_system_axi_ethernetlite_0_0_...
Compiling module xil_defaultlib.mbv_system_axi_ethernetlite_0_0_...
Compiling module xil_defaultlib.mbv_system_axi_ethernetlite_0_0_...
Compiling module xil_defaultlib.mbv_system_axi_ethernetlite_0_0_...
Compiling module xil_defaultlib.mbv_system_axi_ethernetlite_0_0_...
Compiling module simprims_ver.RAMD32
Compiling module xil_defaultlib.RAM32M_UNIQ_BASE_
Compiling module xil_defaultlib.mbv_system_axi_ethernetlite_0_0_...
Compiling module xil_defaultlib.mbv_system_axi_ethernetlite_0_0_...
Compiling module xil_defaultlib.mbv_system_axi_ethernetlite_0_0_...
Compiling module xil_defaultlib.mbv_system_axi_ethernetlite_0_0_...
Compiling module xil_defaultlib.mbv_system_axi_ethernetlite_0_0_...
Compiling module xil_defaultlib.mbv_system_axi_ethernetlite_0_0_...
Compiling module xil_defaultlib.mbv_system_axi_ethernetlite_0_0_...
Compiling module xil_defaultlib.mbv_system_axi_ethernetlite_0_0_...
Compiling module xil_defaultlib.mbv_system_axi_ethernetlite_0_0_...
Compiling module xil_defaultlib.mbv_system_axi_ethernetlite_0_0_...
Compiling module xil_defaultlib.mbv_system_axi_ethernetlite_0_0_...
Compiling module xil_defaultlib.mbv_system_axi_ethernetlite_0_0_...
Compiling module xil_defaultlib.mbv_system_axi_ethernetlite_0_0_...
Compiling module xil_defaultlib.mbv_system_axi_ethernetlite_0_0_...
Compiling module xil_defaultlib.mbv_system_axi_ethernetlite_0_0_...
Compiling module xil_defaultlib.mbv_system_axi_ethernetlite_0_0_...
Compiling module xil_defaultlib.mbv_system_axi_ethernetlite_0_0_...
Compiling module simprims_ver.CARRY4
Compiling module xil_defaultlib.mbv_system_axi_ethernetlite_0_0_...
Compiling module xil_defaultlib.mbv_system_axi_ethernetlite_0_0_...
Compiling module xil_defaultlib.mbv_system_axi_ethernetlite_0_0_...
Compiling module xil_defaultlib.mbv_system_axi_ethernetlite_0_0_...
Compiling module xil_defaultlib.mbv_system_axi_ethernetlite_0_0_...
Compiling module xil_defaultlib.mbv_system_axi_ethernetlite_0_0_...
Compiling module xil_defaultlib.mbv_system_axi_ethernetlite_0_0_...
Compiling module xil_defaultlib.mbv_system_axi_ethernetlite_0_0_...
Compiling module xil_defaultlib.mbv_system_axi_ethernetlite_0_0_...
Compiling module xil_defaultlib.mbv_system_axi_ethernetlite_0_0_...
Compiling module xil_defaultlib.mbv_system_axi_ethernetlite_0_0_...
Compiling module xil_defaultlib.mbv_system_axi_ethernetlite_0_0_...
Compiling module xil_defaultlib.mbv_system_axi_ethernetlite_0_0_...
Compiling module xil_defaultlib.mbv_system_axi_ethernetlite_0_0_...
Compiling module xil_defaultlib.mbv_system_axi_ethernetlite_0_0_...
Compiling module xil_defaultlib.mbv_system_axi_ethernetlite_0_0_...
Compiling module xil_defaultlib.mbv_system_axi_ethernetlite_0_0_...
Compiling module xil_defaultlib.mbv_system_axi_ethernetlite_0_0_...
Compiling module xil_defaultlib.mbv_system_axi_ethernetlite_0_0_...
Compiling module xil_defaultlib.mbv_system_axi_ethernetlite_0_0_...
Compiling module xil_defaultlib.RAM32M_HD800
Compiling module xil_defaultlib.mbv_system_axi_ethernetlite_0_0_...
Compiling module xil_defaultlib.mbv_system_axi_ethernetlite_0_0_...
Compiling module xil_defaultlib.mbv_system_axi_ethernetlite_0_0_...
Compiling module xil_defaultlib.mbv_system_axi_ethernetlite_0_0_...
Compiling module xil_defaultlib.mbv_system_axi_ethernetlite_0_0_...
Compiling module xil_defaultlib.mbv_system_axi_ethernetlite_0_0_...
Compiling module xil_defaultlib.mbv_system_axi_ethernetlite_0_0_...
Compiling module xil_defaultlib.mbv_system_axi_ethernetlite_0_0_...
Compiling module xil_defaultlib.mbv_system_axi_ethernetlite_0_0_...
Compiling module xil_defaultlib.mbv_system_axi_ethernetlite_0_0_...
Compiling module xil_defaultlib.mbv_system_axi_ethernetlite_0_0_...
Compiling module xil_defaultlib.mbv_system_axi_ethernetlite_0_0_...
Compiling module xil_defaultlib.mbv_system_axi_ethernetlite_0_0_...
Compiling module xil_defaultlib.mbv_system_axi_ethernetlite_0_0_...
Compiling module xil_defaultlib.mbv_system_axi_ethernetlite_0_0_...
Compiling module xil_defaultlib.mbv_system_axi_ethernetlite_0_0_...
Compiling module xil_defaultlib.mbv_system_axi_ethernetlite_0_0_...
Compiling module simprims_ver.MUXF8
Compiling module simprims_ver.MUXF7
Compiling module xil_defaultlib.mbv_system_axi_ethernetlite_0_0_...
Compiling module simprims_ver.RB18_INTERNAL_VLOG(READ_WIDTH_A=...
Compiling module simprims_ver.RAMB18E1(READ_WIDTH_A=4,READ_WID...
Compiling module xil_defaultlib.mbv_system_axi_ethernetlite_0_0_...
Compiling module xil_defaultlib.mbv_system_axi_ethernetlite_0_0_...
Compiling module xil_defaultlib.mbv_system_axi_ethernetlite_0_0_...
Compiling module xil_defaultlib.mbv_system_axi_ethernetlite_0_0_...
Compiling module xil_defaultlib.mbv_system_axi_ethernetlite_0_0_...
Compiling module xil_defaultlib.mbv_system_axi_ethernetlite_0_0_...
Compiling module xil_defaultlib.mbv_system_axi_ethernetlite_0_0_...
Compiling module xil_defaultlib.mbv_system_axi_ethernetlite_0_0_...
Compiling module xil_defaultlib.mbv_system_axi_ethernetlite_0_0_...
Compiling module xil_defaultlib.mbv_system_axi_ethernetlite_0_0_...
Compiling module xil_defaultlib.mbv_system_axi_ethernetlite_0_0_...
Compiling module xil_defaultlib.mbv_system_axi_ethernetlite_0_0_...
Compiling module xil_defaultlib.mbv_system_axi_ethernetlite_0_0_...
Compiling module xil_defaultlib.mbv_system_axi_ethernetlite_0_0_...
Compiling module xil_defaultlib.mbv_system_axi_ethernetlite_0_0_...
Compiling module xil_defaultlib.mbv_system_axi_ethernetlite_0_0_...
Compiling module xil_defaultlib.mbv_system_axi_ethernetlite_0_0_...
Compiling module xil_defaultlib.mbv_system_axi_ethernetlite_0_0_...
Compiling module xil_defaultlib.mbv_system_axi_ethernetlite_0_0_...
Compiling module xil_defaultlib.mbv_system_axi_ethernetlite_0_0_...
Compiling module xil_defaultlib.mbv_system_axi_ethernetlite_0_0_...
Compiling module xil_defaultlib.mbv_system_axi_ethernetlite_0_0_...
Compiling module xil_defaultlib.mbv_system_axi_ethernetlite_0_0
Compiling module xil_defaultlib.mbv_system_axi_gpio_0_3_address_...
Compiling module xil_defaultlib.mbv_system_axi_gpio_0_3_slave_at...
Compiling module xil_defaultlib.mbv_system_axi_gpio_0_3_axi_lite...
Compiling module xil_defaultlib.mbv_system_axi_gpio_0_3_interrup...
Compiling module xil_defaultlib.mbv_system_axi_gpio_0_3_xpm_cdc_...
Compiling module xil_defaultlib.mbv_system_axi_gpio_0_3_GPIO_Cor...
Compiling module xil_defaultlib.mbv_system_axi_gpio_0_3_axi_gpio
Compiling module xil_defaultlib.mbv_system_axi_gpio_0_3
Compiling module xil_defaultlib.mbv_system_axi_gpio_0_6_pselect_...
Compiling module xil_defaultlib.mbv_system_axi_gpio_0_6_pselect_...
Compiling module xil_defaultlib.mbv_system_axi_gpio_0_6_address_...
Compiling module xil_defaultlib.mbv_system_axi_gpio_0_6_slave_at...
Compiling module xil_defaultlib.mbv_system_axi_gpio_0_6_axi_lite...
Compiling module xil_defaultlib.mbv_system_axi_gpio_0_6_GPIO_Cor...
Compiling module xil_defaultlib.mbv_system_axi_gpio_0_6_axi_gpio
Compiling module xil_defaultlib.mbv_system_axi_gpio_0_6
Compiling module xil_defaultlib.mbv_system_axi_gpio_0_4_pselect_...
Compiling module xil_defaultlib.mbv_system_axi_gpio_0_4_pselect_...
Compiling module xil_defaultlib.mbv_system_axi_gpio_0_4_address_...
Compiling module xil_defaultlib.mbv_system_axi_gpio_0_4_slave_at...
Compiling module xil_defaultlib.mbv_system_axi_gpio_0_4_axi_lite...
Compiling module xil_defaultlib.mbv_system_axi_gpio_0_4_GPIO_Cor...
Compiling module xil_defaultlib.mbv_system_axi_gpio_0_4_axi_gpio
Compiling module xil_defaultlib.mbv_system_axi_gpio_0_4
Compiling module xil_defaultlib.mbv_system_axi_gpio_0_5_pselect_...
Compiling module xil_defaultlib.mbv_system_axi_gpio_0_5_pselect_...
Compiling module xil_defaultlib.mbv_system_axi_gpio_0_5_address_...
Compiling module xil_defaultlib.mbv_system_axi_gpio_0_5_slave_at...
Compiling module xil_defaultlib.mbv_system_axi_gpio_0_5_axi_lite...
Compiling module xil_defaultlib.mbv_system_axi_gpio_0_5_GPIO_Cor...
Compiling module xil_defaultlib.mbv_system_axi_gpio_0_5_axi_gpio
Compiling module xil_defaultlib.mbv_system_axi_gpio_0_5
Compiling module xil_defaultlib.mbv_system_axi_gpio_0_2_address_...
Compiling module xil_defaultlib.mbv_system_axi_gpio_0_2_slave_at...
Compiling module xil_defaultlib.mbv_system_axi_gpio_0_2_axi_lite...
Compiling module xil_defaultlib.mbv_system_axi_gpio_0_2_interrup...
Compiling module xil_defaultlib.mbv_system_axi_gpio_0_2_xpm_cdc_...
Compiling module xil_defaultlib.mbv_system_axi_gpio_0_2_GPIO_Cor...
Compiling module xil_defaultlib.mbv_system_axi_gpio_0_2_axi_gpio
Compiling module xil_defaultlib.mbv_system_axi_gpio_0_2
Compiling module xil_defaultlib.mbv_system_axi_gpio_0_0_address_...
Compiling module xil_defaultlib.mbv_system_axi_gpio_0_0_slave_at...
Compiling module xil_defaultlib.mbv_system_axi_gpio_0_0_axi_lite...
Compiling module xil_defaultlib.mbv_system_axi_gpio_0_0_interrup...
Compiling module xil_defaultlib.mbv_system_axi_gpio_0_0_xpm_cdc_...
Compiling module xil_defaultlib.mbv_system_axi_gpio_0_0_GPIO_Cor...
Compiling module xil_defaultlib.mbv_system_axi_gpio_0_0_axi_gpio
Compiling module xil_defaultlib.mbv_system_axi_gpio_0_0
Compiling module xil_defaultlib.mbv_system_axi_gpio_0_1_address_...
Compiling module xil_defaultlib.mbv_system_axi_gpio_0_1_slave_at...
Compiling module xil_defaultlib.mbv_system_axi_gpio_0_1_axi_lite...
Compiling module xil_defaultlib.mbv_system_axi_gpio_0_1_interrup...
Compiling module xil_defaultlib.mbv_system_axi_gpio_0_1_xpm_cdc_...
Compiling module xil_defaultlib.mbv_system_axi_gpio_0_1_GPIO_Cor...
Compiling module xil_defaultlib.mbv_system_axi_gpio_0_1_axi_gpio
Compiling module xil_defaultlib.mbv_system_axi_gpio_0_1
Compiling module xil_defaultlib.mbv_system_axi_iic_0_0_dynamic_m...
Compiling module xil_defaultlib.mbv_system_axi_iic_0_0_xpm_cdc_s...
Compiling module xil_defaultlib.mbv_system_axi_iic_0_0_debounce
Compiling module xil_defaultlib.mbv_system_axi_iic_0_0_xpm_cdc_s...
Compiling module xil_defaultlib.mbv_system_axi_iic_0_0_debounce_...
Compiling module xil_defaultlib.mbv_system_axi_iic_0_0_filter
Compiling module xil_defaultlib.mbv_system_axi_iic_0_0_upcnt_n__...
Compiling module xil_defaultlib.mbv_system_axi_iic_0_0_upcnt_n
Compiling module xil_defaultlib.mbv_system_axi_iic_0_0_shift8
Compiling module xil_defaultlib.mbv_system_axi_iic_0_0_shift8_1
Compiling module xil_defaultlib.mbv_system_axi_iic_0_0_upcnt_n_2
Compiling module xil_defaultlib.mbv_system_axi_iic_0_0_iic_contr...
Compiling module simprims_ver.SRL16E_default
Compiling module xil_defaultlib.mbv_system_axi_iic_0_0_SRL_FIFO
Compiling module xil_defaultlib.mbv_system_axi_iic_0_0_reg_inter...
Compiling module xil_defaultlib.mbv_system_axi_iic_0_0_SRL_FIFO_...
Compiling module xil_defaultlib.mbv_system_axi_iic_0_0_SRL_FIFO_...
Compiling module xil_defaultlib.mbv_system_axi_iic_0_0_address_d...
Compiling module xil_defaultlib.mbv_system_axi_iic_0_0_slave_att...
Compiling module xil_defaultlib.mbv_system_axi_iic_0_0_axi_lite_...
Compiling module xil_defaultlib.mbv_system_axi_iic_0_0_interrupt...
Compiling module xil_defaultlib.mbv_system_axi_iic_0_0_soft_rese...
Compiling module xil_defaultlib.mbv_system_axi_iic_0_0_axi_ipif_...
Compiling module xil_defaultlib.mbv_system_axi_iic_0_0_iic
Compiling module xil_defaultlib.mbv_system_axi_iic_0_0_axi_iic
Compiling module xil_defaultlib.mbv_system_axi_iic_0_0
Compiling module xil_defaultlib.mbv_system_mbv_riscv_axi_intc_1_...
Compiling module xil_defaultlib.mbv_system_mbv_riscv_axi_intc_1_...
Compiling module xil_defaultlib.mbv_system_mbv_riscv_axi_intc_1_...
Compiling module xil_defaultlib.RAM32X1D_UNIQ_BASE_
Compiling module xil_defaultlib.RAM32X1D_HD801
Compiling module xil_defaultlib.RAM32X1D_HD802
Compiling module xil_defaultlib.RAM32X1D_HD803
Compiling module xil_defaultlib.RAM32X1D_HD804
Compiling module xil_defaultlib.RAM32X1D_HD805
Compiling module xil_defaultlib.RAM32X1D_HD806
Compiling module xil_defaultlib.RAM32X1D_HD807
Compiling module xil_defaultlib.RAM32X1D_HD808
Compiling module xil_defaultlib.RAM32X1D_HD809
Compiling module xil_defaultlib.RAM32X1D_HD810
Compiling module xil_defaultlib.RAM32X1D_HD811
Compiling module xil_defaultlib.RAM32X1D_HD812
Compiling module xil_defaultlib.RAM32X1D_HD813
Compiling module xil_defaultlib.RAM32X1D_HD814
Compiling module xil_defaultlib.RAM32X1D_HD815
Compiling module xil_defaultlib.RAM32X1D_HD816
Compiling module xil_defaultlib.RAM32X1D_HD817
Compiling module xil_defaultlib.RAM32X1D_HD818
Compiling module xil_defaultlib.RAM32X1D_HD819
Compiling module xil_defaultlib.RAM32X1D_HD820
Compiling module xil_defaultlib.RAM32X1D_HD821
Compiling module xil_defaultlib.RAM32X1D_HD822
Compiling module xil_defaultlib.RAM32X1D_HD823
Compiling module xil_defaultlib.RAM32X1D_HD824
Compiling module xil_defaultlib.RAM32X1D_HD825
Compiling module xil_defaultlib.RAM32X1D_HD826
Compiling module xil_defaultlib.RAM32X1D_HD827
Compiling module xil_defaultlib.RAM32X1D_HD828
Compiling module xil_defaultlib.RAM32X1D_HD829
Compiling module xil_defaultlib.RAM32X1D_HD830
Compiling module xil_defaultlib.RAM32X1D_HD831
Compiling module xil_defaultlib.mbv_system_mbv_riscv_axi_intc_1_...
Compiling module xil_defaultlib.mbv_system_mbv_riscv_axi_intc_1_...
Compiling module xil_defaultlib.mbv_system_mbv_riscv_axi_intc_1_...
Compiling module xil_defaultlib.mbv_system_mbv_riscv_axi_intc_1
Compiling module xil_defaultlib.mbv_system_axi_quad_spi_0_1_qspi...
Compiling module xil_defaultlib.mbv_system_axi_quad_spi_0_1_cros...
Compiling module xil_defaultlib.mbv_system_axi_quad_spi_0_1_qspi...
Compiling module xil_defaultlib.mbv_system_axi_quad_spi_0_1_xpm_...
Compiling module xil_defaultlib.mbv_system_axi_quad_spi_0_1_xpm_...
Compiling module xil_defaultlib.mbv_system_axi_quad_spi_0_1_xpm_...
Compiling module xil_defaultlib.mbv_system_axi_quad_spi_0_1_xpm_...
Compiling module xil_defaultlib.mbv_system_axi_quad_spi_0_1_xpm_...
Compiling module xil_defaultlib.mbv_system_axi_quad_spi_0_1_xpm_...
Compiling module xil_defaultlib.mbv_system_axi_quad_spi_0_1_xpm_...
Compiling module xil_defaultlib.mbv_system_axi_quad_spi_0_1_xpm_...
Compiling module xil_defaultlib.mbv_system_axi_quad_spi_0_1_xpm_...
Compiling module xil_defaultlib.mbv_system_axi_quad_spi_0_1_xpm_...
Compiling module xil_defaultlib.mbv_system_axi_quad_spi_0_1_xpm_...
Compiling module xil_defaultlib.mbv_system_axi_quad_spi_0_1_xpm_...
Compiling module simprims_ver.RB18_INTERNAL_VLOG(DOA_REG=1,DOB...
Compiling module simprims_ver.RAMB18E1(DOA_REG=1,DOB_REG=1,RAM...
Compiling module xil_defaultlib.mbv_system_axi_quad_spi_0_1_xpm_...
Compiling module xil_defaultlib.mbv_system_axi_quad_spi_0_1_xpm_...
Compiling module xil_defaultlib.mbv_system_axi_quad_spi_0_1_xpm_...
Compiling module xil_defaultlib.mbv_system_axi_quad_spi_0_1_xpm_...
Compiling module xil_defaultlib.mbv_system_axi_quad_spi_0_1_xpm_...
Compiling module xil_defaultlib.mbv_system_axi_quad_spi_0_1_xpm_...
Compiling module xil_defaultlib.mbv_system_axi_quad_spi_0_1_xpm_...
Compiling module xil_defaultlib.mbv_system_axi_quad_spi_0_1_xpm_...
Compiling module xil_defaultlib.mbv_system_axi_quad_spi_0_1_xpm_...
Compiling module xil_defaultlib.mbv_system_axi_quad_spi_0_1_xpm_...
Compiling module xil_defaultlib.mbv_system_axi_quad_spi_0_1_xpm_...
Compiling module xil_defaultlib.mbv_system_axi_quad_spi_0_1_xpm_...
Compiling module xil_defaultlib.mbv_system_axi_quad_spi_0_1_coun...
Compiling module xil_defaultlib.mbv_system_axi_quad_spi_0_1_xpm_...
Compiling module xil_defaultlib.mbv_system_axi_quad_spi_0_1_xpm_...
Compiling module xil_defaultlib.mbv_system_axi_quad_spi_0_1_xpm_...
Compiling module xil_defaultlib.mbv_system_axi_quad_spi_0_1_xpm_...
Compiling module xil_defaultlib.mbv_system_axi_quad_spi_0_1_xpm_...
Compiling module xil_defaultlib.mbv_system_axi_quad_spi_0_1_xpm_...
Compiling module xil_defaultlib.mbv_system_axi_quad_spi_0_1_xpm_...
Compiling module xil_defaultlib.mbv_system_axi_quad_spi_0_1_xpm_...
Compiling module xil_defaultlib.mbv_system_axi_quad_spi_0_1_xpm_...
Compiling module xil_defaultlib.mbv_system_axi_quad_spi_0_1_xpm_...
Compiling module xil_defaultlib.mbv_system_axi_quad_spi_0_1_xpm_...
Compiling module xil_defaultlib.mbv_system_axi_quad_spi_0_1_xpm_...
Compiling module xil_defaultlib.mbv_system_axi_quad_spi_0_1_xpm_...
Compiling module xil_defaultlib.mbv_system_axi_quad_spi_0_1_xpm_...
Compiling module xil_defaultlib.mbv_system_axi_quad_spi_0_1_xpm_...
Compiling module xil_defaultlib.mbv_system_axi_quad_spi_0_1_xpm_...
Compiling module xil_defaultlib.mbv_system_axi_quad_spi_0_1_xpm_...
Compiling module xil_defaultlib.mbv_system_axi_quad_spi_0_1_xpm_...
Compiling module xil_defaultlib.mbv_system_axi_quad_spi_0_1_xpm_...
Compiling module xil_defaultlib.mbv_system_axi_quad_spi_0_1_xpm_...
Compiling module xil_defaultlib.mbv_system_axi_quad_spi_0_1_xpm_...
Compiling module xil_defaultlib.mbv_system_axi_quad_spi_0_1_xpm_...
Compiling module xil_defaultlib.mbv_system_axi_quad_spi_0_1_inte...
Compiling module xil_defaultlib.mbv_system_axi_quad_spi_0_1_qspi...
Compiling module xil_defaultlib.mbv_system_axi_quad_spi_0_1_rese...
Compiling module xil_defaultlib.mbv_system_axi_quad_spi_0_1_soft...
Compiling module xil_defaultlib.mbv_system_axi_quad_spi_0_1_qspi...
Compiling module xil_defaultlib.mbv_system_axi_quad_spi_0_1_qspi...
Compiling module xil_defaultlib.mbv_system_axi_quad_spi_0_1_qspi...
Compiling module xil_defaultlib.mbv_system_axi_quad_spi_0_1_axi_...
Compiling module xil_defaultlib.mbv_system_axi_quad_spi_0_1_axi_...
Compiling module simprims_ver.VCC
Compiling module xil_defaultlib.mbv_system_axi_quad_spi_0_1_axi_...
Compiling module xil_defaultlib.mbv_system_axi_quad_spi_0_1
Compiling module xil_defaultlib.mbv_system_axi_quad_spi_0_0_qspi...
Compiling module xil_defaultlib.mbv_system_axi_quad_spi_0_0_cros...
Compiling module xil_defaultlib.mbv_system_axi_quad_spi_0_0_qspi...
Compiling module xil_defaultlib.mbv_system_axi_quad_spi_0_0_xpm_...
Compiling module xil_defaultlib.mbv_system_axi_quad_spi_0_0_xpm_...
Compiling module xil_defaultlib.mbv_system_axi_quad_spi_0_0_xpm_...
Compiling module xil_defaultlib.mbv_system_axi_quad_spi_0_0_xpm_...
Compiling module xil_defaultlib.mbv_system_axi_quad_spi_0_0_xpm_...
Compiling module xil_defaultlib.mbv_system_axi_quad_spi_0_0_xpm_...
Compiling module xil_defaultlib.mbv_system_axi_quad_spi_0_0_xpm_...
Compiling module xil_defaultlib.mbv_system_axi_quad_spi_0_0_xpm_...
Compiling module xil_defaultlib.mbv_system_axi_quad_spi_0_0_xpm_...
Compiling module xil_defaultlib.mbv_system_axi_quad_spi_0_0_xpm_...
Compiling module xil_defaultlib.mbv_system_axi_quad_spi_0_0_xpm_...
Compiling module xil_defaultlib.mbv_system_axi_quad_spi_0_0_xpm_...
Compiling module simprims_ver.RB18_INTERNAL_VLOG(DOB_REG=1,REA...
Compiling module simprims_ver.RAMB18E1(DOB_REG=1,READ_WIDTH_A=...
Compiling module xil_defaultlib.mbv_system_axi_quad_spi_0_0_xpm_...
Compiling module xil_defaultlib.mbv_system_axi_quad_spi_0_0_xpm_...
Compiling module xil_defaultlib.mbv_system_axi_quad_spi_0_0_xpm_...
Compiling module xil_defaultlib.mbv_system_axi_quad_spi_0_0_xpm_...
Compiling module xil_defaultlib.mbv_system_axi_quad_spi_0_0_xpm_...
Compiling module xil_defaultlib.mbv_system_axi_quad_spi_0_0_xpm_...
Compiling module xil_defaultlib.mbv_system_axi_quad_spi_0_0_xpm_...
Compiling module xil_defaultlib.mbv_system_axi_quad_spi_0_0_xpm_...
Compiling module xil_defaultlib.mbv_system_axi_quad_spi_0_0_xpm_...
Compiling module xil_defaultlib.mbv_system_axi_quad_spi_0_0_xpm_...
Compiling module xil_defaultlib.mbv_system_axi_quad_spi_0_0_xpm_...
Compiling module xil_defaultlib.mbv_system_axi_quad_spi_0_0_xpm_...
Compiling module xil_defaultlib.mbv_system_axi_quad_spi_0_0_coun...
Compiling module xil_defaultlib.mbv_system_axi_quad_spi_0_0_xpm_...
Compiling module xil_defaultlib.mbv_system_axi_quad_spi_0_0_xpm_...
Compiling module xil_defaultlib.mbv_system_axi_quad_spi_0_0_xpm_...
Compiling module xil_defaultlib.mbv_system_axi_quad_spi_0_0_xpm_...
Compiling module xil_defaultlib.mbv_system_axi_quad_spi_0_0_xpm_...
Compiling module xil_defaultlib.mbv_system_axi_quad_spi_0_0_xpm_...
Compiling module xil_defaultlib.mbv_system_axi_quad_spi_0_0_xpm_...
Compiling module xil_defaultlib.mbv_system_axi_quad_spi_0_0_xpm_...
Compiling module xil_defaultlib.mbv_system_axi_quad_spi_0_0_xpm_...
Compiling module xil_defaultlib.mbv_system_axi_quad_spi_0_0_xpm_...
Compiling module xil_defaultlib.mbv_system_axi_quad_spi_0_0_xpm_...
Compiling module xil_defaultlib.mbv_system_axi_quad_spi_0_0_xpm_...
Compiling module xil_defaultlib.mbv_system_axi_quad_spi_0_0_xpm_...
Compiling module xil_defaultlib.mbv_system_axi_quad_spi_0_0_xpm_...
Compiling module xil_defaultlib.mbv_system_axi_quad_spi_0_0_xpm_...
Compiling module xil_defaultlib.mbv_system_axi_quad_spi_0_0_xpm_...
Compiling module xil_defaultlib.mbv_system_axi_quad_spi_0_0_xpm_...
Compiling module xil_defaultlib.mbv_system_axi_quad_spi_0_0_xpm_...
Compiling module xil_defaultlib.mbv_system_axi_quad_spi_0_0_xpm_...
Compiling module xil_defaultlib.mbv_system_axi_quad_spi_0_0_xpm_...
Compiling module xil_defaultlib.mbv_system_axi_quad_spi_0_0_xpm_...
Compiling module xil_defaultlib.mbv_system_axi_quad_spi_0_0_xpm_...
Compiling module xil_defaultlib.mbv_system_axi_quad_spi_0_0_inte...
Compiling module xil_defaultlib.mbv_system_axi_quad_spi_0_0_qspi...
Compiling module xil_defaultlib.mbv_system_axi_quad_spi_0_0_qspi...
Compiling module xil_defaultlib.mbv_system_axi_quad_spi_0_0_rese...
Compiling module xil_defaultlib.mbv_system_axi_quad_spi_0_0_soft...
Compiling module xil_defaultlib.mbv_system_axi_quad_spi_0_0_qspi...
Compiling module xil_defaultlib.mbv_system_axi_quad_spi_0_0_qspi...
Compiling module xil_defaultlib.mbv_system_axi_quad_spi_0_0_qspi...
Compiling module xil_defaultlib.mbv_system_axi_quad_spi_0_0_axi_...
Compiling module xil_defaultlib.mbv_system_axi_quad_spi_0_0_axi_...
Compiling module xil_defaultlib.mbv_system_axi_quad_spi_0_0_axi_...
Compiling module xil_defaultlib.mbv_system_axi_quad_spi_0_0
Compiling module xil_defaultlib.mbv_system_mbv_riscv_axi_periph_...
Compiling module xil_defaultlib.mbv_system_mbv_riscv_axi_periph_...
Compiling module xil_defaultlib.mbv_system_mbv_riscv_axi_periph_...
Compiling module xil_defaultlib.mbv_system_mbv_riscv_axi_periph_...
Compiling module xil_defaultlib.mbv_system_mbv_riscv_axi_periph_...
Compiling module xil_defaultlib.mbv_system_mbv_riscv_axi_periph_...
Compiling module xil_defaultlib.mbv_system_mbv_riscv_axi_periph_...
Compiling module xil_defaultlib.mbv_system_mbv_riscv_axi_periph_...
Compiling module simprims_ver.FDCE(XON="FALSE")
Compiling module xil_defaultlib.mbv_system_mbv_riscv_axi_periph_...
Compiling module xil_defaultlib.mbv_system_mbv_riscv_axi_periph_...
Compiling module xil_defaultlib.mbv_system_mbv_riscv_axi_periph_...
Compiling module xil_defaultlib.mbv_system_mbv_riscv_axi_periph_...
Compiling module xil_defaultlib.mbv_system_mbv_riscv_axi_periph_...
Compiling module xil_defaultlib.mbv_system_mbv_riscv_axi_periph_...
Compiling module xil_defaultlib.mbv_system_mbv_riscv_axi_periph_...
Compiling module xil_defaultlib.mbv_system_mbv_riscv_axi_periph_...
Compiling module xil_defaultlib.mbv_system_mbv_riscv_axi_periph_...
Compiling module xil_defaultlib.mbv_system_mbv_riscv_axi_periph_...
Compiling module xil_defaultlib.mbv_system_mbv_riscv_axi_periph_...
Compiling module xil_defaultlib.mbv_system_mbv_riscv_axi_periph_...
Compiling module xil_defaultlib.mbv_system_mbv_riscv_axi_periph_...
Compiling module xil_defaultlib.mbv_system_mbv_riscv_axi_periph_...
Compiling module xil_defaultlib.mbv_system_mbv_riscv_axi_periph_...
Compiling module xil_defaultlib.mbv_system_mbv_riscv_axi_periph_...
Compiling module xil_defaultlib.mbv_system_mbv_riscv_axi_periph_...
Compiling module xil_defaultlib.mbv_system_mbv_riscv_axi_periph_...
Compiling module xil_defaultlib.mbv_system_mbv_riscv_axi_periph_...
Compiling module xil_defaultlib.mbv_system_mbv_riscv_axi_periph_...
Compiling module xil_defaultlib.mbv_system_mbv_riscv_axi_periph_...
Compiling module xil_defaultlib.mbv_system_mbv_riscv_axi_periph_...
Compiling module xil_defaultlib.mbv_system_mbv_riscv_axi_periph_...
Compiling module xil_defaultlib.mbv_system_mbv_riscv_axi_periph_...
Compiling module xil_defaultlib.mbv_system_mbv_riscv_axi_periph_...
Compiling module xil_defaultlib.mbv_system_mbv_riscv_axi_periph_...
Compiling module xil_defaultlib.mbv_system_mbv_riscv_axi_periph_...
Compiling module xil_defaultlib.mbv_system_mbv_riscv_axi_periph_...
Compiling module xil_defaultlib.mbv_system_mbv_riscv_axi_periph_...
Compiling module xil_defaultlib.mbv_system_mbv_riscv_axi_periph_...
Compiling module xil_defaultlib.mbv_system_mbv_riscv_axi_periph_...
Compiling module xil_defaultlib.mbv_system_mbv_riscv_axi_periph_...
Compiling module xil_defaultlib.mbv_system_mbv_riscv_axi_periph_...
Compiling module xil_defaultlib.mbv_system_mbv_riscv_axi_periph_...
Compiling module xil_defaultlib.mbv_system_mbv_riscv_axi_periph_...
Compiling module xil_defaultlib.mbv_system_mbv_riscv_axi_periph_...
Compiling module xil_defaultlib.mbv_system_mbv_riscv_axi_periph_...
Compiling module xil_defaultlib.mbv_system_mbv_riscv_axi_periph_...
Compiling module xil_defaultlib.mbv_system_mbv_riscv_axi_periph_...
Compiling module xil_defaultlib.mbv_system_mbv_riscv_axi_periph_...
Compiling module xil_defaultlib.mbv_system_mbv_riscv_axi_periph_...
Compiling module xil_defaultlib.mbv_system_mbv_riscv_axi_periph_...
Compiling module xil_defaultlib.mbv_system_mbv_riscv_axi_periph_...
Compiling module xil_defaultlib.mbv_system_mbv_riscv_axi_periph_...
Compiling module xil_defaultlib.mbv_system_mbv_riscv_axi_periph_...
Compiling module xil_defaultlib.mbv_system_mbv_riscv_axi_periph_...
Compiling module xil_defaultlib.mbv_system_mbv_riscv_axi_periph_...
Compiling module xil_defaultlib.mbv_system_mbv_riscv_axi_periph_...
Compiling module xil_defaultlib.mbv_system_mbv_riscv_axi_periph_...
Compiling module xil_defaultlib.mbv_system_mbv_riscv_axi_periph_...
Compiling module xil_defaultlib.mbv_system_mbv_riscv_axi_periph_...
Compiling module xil_defaultlib.mbv_system_mbv_riscv_axi_periph_...
Compiling module xil_defaultlib.mbv_system_mbv_riscv_axi_periph_...
Compiling module xil_defaultlib.mbv_system_mbv_riscv_axi_periph_...
Compiling module xil_defaultlib.mbv_system_mbv_riscv_axi_periph_...
Compiling module xil_defaultlib.mbv_system_mbv_riscv_axi_periph_...
Compiling module xil_defaultlib.mbv_system_mbv_riscv_axi_periph_...
Compiling module xil_defaultlib.mbv_system_mbv_riscv_axi_periph_...
Compiling module xil_defaultlib.mbv_system_mbv_riscv_axi_periph_...
Compiling module xil_defaultlib.mbv_system_mbv_riscv_axi_periph_...
Compiling module xil_defaultlib.mbv_system_mbv_riscv_axi_periph_...
Compiling module xil_defaultlib.mbv_system_mbv_riscv_axi_periph_...
Compiling module xil_defaultlib.mbv_system_mbv_riscv_axi_periph_...
Compiling module xil_defaultlib.mbv_system_mbv_riscv_axi_periph_...
Compiling module xil_defaultlib.mbv_system_mbv_riscv_axi_periph_...
Compiling module xil_defaultlib.mbv_system_mbv_riscv_axi_periph_...
Compiling module xil_defaultlib.mbv_system_mbv_riscv_axi_periph_...
Compiling module xil_defaultlib.mbv_system_mbv_riscv_axi_periph_...
Compiling module xil_defaultlib.mbv_system_mbv_riscv_axi_periph_...
Compiling module xil_defaultlib.mbv_system_mbv_riscv_axi_periph_...
Compiling module xil_defaultlib.mbv_system_mbv_riscv_axi_periph_...
Compiling module xil_defaultlib.mbv_system_mbv_riscv_axi_periph_...
Compiling module xil_defaultlib.mbv_system_mbv_riscv_axi_periph_...
Compiling module xil_defaultlib.mbv_system_mbv_riscv_axi_periph_...
Compiling module xil_defaultlib.mbv_system_mbv_riscv_axi_periph_...
Compiling module xil_defaultlib.mbv_system_mbv_riscv_axi_periph_...
Compiling module xil_defaultlib.mbv_system_mbv_riscv_axi_periph_...
Compiling module xil_defaultlib.mbv_system_mbv_riscv_axi_periph_...
Compiling module xil_defaultlib.mbv_system_mbv_riscv_axi_periph_...
Compiling module xil_defaultlib.mbv_system_mbv_riscv_axi_periph_...
Compiling module xil_defaultlib.mbv_system_mbv_riscv_axi_periph_...
Compiling module xil_defaultlib.mbv_system_mbv_riscv_axi_periph_...
Compiling module xil_defaultlib.mbv_system_mbv_riscv_axi_periph_...
Compiling module xil_defaultlib.mbv_system_mbv_riscv_axi_periph_...
Compiling module xil_defaultlib.mbv_system_mbv_riscv_axi_periph_...
Compiling module xil_defaultlib.mbv_system_mbv_riscv_axi_periph_...
Compiling module xil_defaultlib.mbv_system_mbv_riscv_axi_periph_...
Compiling module xil_defaultlib.mbv_system_mbv_riscv_axi_periph_...
Compiling module xil_defaultlib.mbv_system_mbv_riscv_axi_periph_...
Compiling module xil_defaultlib.mbv_system_mbv_riscv_axi_periph_...
Compiling module xil_defaultlib.mbv_system_mbv_riscv_axi_periph_...
Compiling module xil_defaultlib.mbv_system_mbv_riscv_axi_periph_...
Compiling module xil_defaultlib.mbv_system_mbv_riscv_axi_periph_...
Compiling module xil_defaultlib.mbv_system_mbv_riscv_axi_periph_...
Compiling module xil_defaultlib.mbv_system_mbv_riscv_axi_periph_...
Compiling module xil_defaultlib.mbv_system_mbv_riscv_axi_periph_...
Compiling module xil_defaultlib.mbv_system_mbv_riscv_axi_periph_...
Compiling module xil_defaultlib.mbv_system_mbv_riscv_axi_periph_...
Compiling module xil_defaultlib.mbv_system_mbv_riscv_axi_periph_...
Compiling module xil_defaultlib.mbv_system_mbv_riscv_axi_periph_...
Compiling module xil_defaultlib.mbv_system_mbv_riscv_axi_periph_...
Compiling module xil_defaultlib.mbv_system_mbv_riscv_axi_periph_...
Compiling module xil_defaultlib.mbv_system_mbv_riscv_axi_periph_...
Compiling module xil_defaultlib.mbv_system_mbv_riscv_axi_periph_...
Compiling module xil_defaultlib.mbv_system_mbv_riscv_axi_periph_...
Compiling module xil_defaultlib.mbv_system_mbv_riscv_axi_periph_...
Compiling module xil_defaultlib.mbv_system_mbv_riscv_axi_periph_...
Compiling module xil_defaultlib.mbv_system_mbv_riscv_axi_periph_...
Compiling module xil_defaultlib.mbv_system_mbv_riscv_axi_periph_...
Compiling module xil_defaultlib.mbv_system_mbv_riscv_axi_periph_...
Compiling module xil_defaultlib.mbv_system_mbv_riscv_axi_periph_...
Compiling module xil_defaultlib.mbv_system_mbv_riscv_axi_periph_...
Compiling module xil_defaultlib.mbv_system_mbv_riscv_axi_periph_...
Compiling module xil_defaultlib.mbv_system_mbv_riscv_axi_periph_...
Compiling module xil_defaultlib.mbv_system_mbv_riscv_axi_periph_...
Compiling module xil_defaultlib.mbv_system_mbv_riscv_axi_periph_...
Compiling module xil_defaultlib.mbv_system_mbv_riscv_axi_periph_...
Compiling module xil_defaultlib.mbv_system_mbv_riscv_axi_periph_...
Compiling module xil_defaultlib.mbv_system_mbv_riscv_axi_periph_...
Compiling module xil_defaultlib.mbv_system_mbv_riscv_axi_periph_...
Compiling module xil_defaultlib.mbv_system_mbv_riscv_axi_periph_...
Compiling module xil_defaultlib.mbv_system_mbv_riscv_axi_periph_...
Compiling module xil_defaultlib.mbv_system_mbv_riscv_axi_periph_...
Compiling module xil_defaultlib.mbv_system_mbv_riscv_axi_periph_...
Compiling module xil_defaultlib.mbv_system_mbv_riscv_axi_periph_...
Compiling module xil_defaultlib.mbv_system_mbv_riscv_axi_periph_...
Compiling module xil_defaultlib.mbv_system_mbv_riscv_axi_periph_...
Compiling module xil_defaultlib.mbv_system_mbv_riscv_axi_periph_...
Compiling module xil_defaultlib.mbv_system_mbv_riscv_axi_periph_...
Compiling module xil_defaultlib.mbv_system_mbv_riscv_axi_periph_...
Compiling module xil_defaultlib.mbv_system_mbv_riscv_axi_periph_...
Compiling module xil_defaultlib.mbv_system_mbv_riscv_axi_periph_...
Compiling module xil_defaultlib.mbv_system_mbv_riscv_axi_periph_...
Compiling module xil_defaultlib.mbv_system_mbv_riscv_axi_periph_...
Compiling module xil_defaultlib.mbv_system_mbv_riscv_axi_periph_...
Compiling module xil_defaultlib.mbv_system_mbv_riscv_axi_periph_...
Compiling module xil_defaultlib.mbv_system_mbv_riscv_axi_periph_...
Compiling module xil_defaultlib.mbv_system_mbv_riscv_axi_periph_...
Compiling module xil_defaultlib.mbv_system_mbv_riscv_axi_periph_...
Compiling module xil_defaultlib.mbv_system_mbv_riscv_axi_periph_...
Compiling module xil_defaultlib.mbv_system_mbv_riscv_axi_periph_...
Compiling module xil_defaultlib.mbv_system_mbv_riscv_axi_periph_...
Compiling module xil_defaultlib.mbv_system_mbv_riscv_axi_periph_...
Compiling module xil_defaultlib.mbv_system_mbv_riscv_axi_periph_...
Compiling module xil_defaultlib.mbv_system_mbv_riscv_axi_periph_...
Compiling module xil_defaultlib.mbv_system_mbv_riscv_axi_periph_...
Compiling module xil_defaultlib.mbv_system_mbv_riscv_axi_periph_...
Compiling module xil_defaultlib.mbv_system_mbv_riscv_axi_periph_...
Compiling module xil_defaultlib.mbv_system_mbv_riscv_axi_periph_...
Compiling module xil_defaultlib.mbv_system_mbv_riscv_axi_periph_...
Compiling module xil_defaultlib.mbv_system_mbv_riscv_axi_periph_...
Compiling module xil_defaultlib.mbv_system_mbv_riscv_axi_periph_...
Compiling module xil_defaultlib.mbv_system_mbv_riscv_axi_periph_...
Compiling module xil_defaultlib.mbv_system_mbv_riscv_axi_periph_...
Compiling module xil_defaultlib.mbv_system_mbv_riscv_axi_periph_...
Compiling module xil_defaultlib.mbv_system_mbv_riscv_axi_periph_...
Compiling module xil_defaultlib.mbv_system_axi_timebase_wdt_0_0_...
Compiling module xil_defaultlib.mbv_system_axi_timebase_wdt_0_0_...
Compiling module xil_defaultlib.mbv_system_axi_timebase_wdt_0_0_...
Compiling module xil_defaultlib.mbv_system_axi_timebase_wdt_0_0_...
Compiling module xil_defaultlib.mbv_system_axi_timebase_wdt_0_0_...
Compiling module xil_defaultlib.mbv_system_axi_timebase_wdt_0_0_...
Compiling module xil_defaultlib.mbv_system_axi_timebase_wdt_0_0_...
Compiling module xil_defaultlib.mbv_system_axi_timebase_wdt_0_0_...
Compiling module xil_defaultlib.mbv_system_axi_timebase_wdt_0_0_...
Compiling module xil_defaultlib.mbv_system_axi_timebase_wdt_0_0_...
Compiling module xil_defaultlib.mbv_system_axi_timebase_wdt_0_0_...
Compiling module xil_defaultlib.mbv_system_axi_timebase_wdt_0_0_...
Compiling module xil_defaultlib.mbv_system_axi_timebase_wdt_0_0_...
Compiling module xil_defaultlib.mbv_system_axi_timebase_wdt_0_0_...
Compiling module xil_defaultlib.mbv_system_axi_timebase_wdt_0_0_...
Compiling module xil_defaultlib.mbv_system_axi_timebase_wdt_0_0_...
Compiling module xil_defaultlib.mbv_system_axi_timebase_wdt_0_0_...
Compiling module xil_defaultlib.mbv_system_axi_timebase_wdt_0_0
Compiling module xil_defaultlib.mbv_system_axi_uartlite_0_0_psel...
Compiling module xil_defaultlib.mbv_system_axi_uartlite_0_0_psel...
Compiling module xil_defaultlib.mbv_system_axi_uartlite_0_0_addr...
Compiling module xil_defaultlib.mbv_system_axi_uartlite_0_0_slav...
Compiling module xil_defaultlib.mbv_system_axi_uartlite_0_0_axi_...
Compiling module xil_defaultlib.mbv_system_axi_uartlite_0_0_baud...
Compiling module xil_defaultlib.mbv_system_axi_uartlite_0_0_xpm_...
Compiling module xil_defaultlib.mbv_system_axi_uartlite_0_0_srl_...
Compiling module xil_defaultlib.mbv_system_axi_uartlite_0_0_uart...
Compiling module xil_defaultlib.mbv_system_axi_uartlite_0_0_srl_...
Compiling module xil_defaultlib.mbv_system_axi_uartlite_0_0_uart...
Compiling module xil_defaultlib.mbv_system_axi_uartlite_0_0_uart...
Compiling module xil_defaultlib.mbv_system_axi_uartlite_0_0_axi_...
Compiling module xil_defaultlib.mbv_system_axi_uartlite_0_0
Compiling module simprims_ver.MMCME2_ADV(CLKFBOUT_MULT_F=40.12...
Compiling module xil_defaultlib.mbv_system_clk_wiz_1_1_clk_wiz
Compiling module xil_defaultlib.mbv_system_clk_wiz_1_1
Compiling module xil_defaultlib.mbv_system_fit_timer_0_0_Divide_...
Compiling module xil_defaultlib.mbv_system_fit_timer_0_0_Divide_...
Compiling module xil_defaultlib.mbv_system_fit_timer_0_0_Divide_...
Compiling module xil_defaultlib.mbv_system_fit_timer_0_0_Divide_...
Compiling module xil_defaultlib.mbv_system_fit_timer_0_0_Divide_...
Compiling module xil_defaultlib.mbv_system_fit_timer_0_0_FIT_tim...
Compiling module xil_defaultlib.mbv_system_fit_timer_0_0
Compiling module simprims_ver.RB36_INTERNAL_VLOG(READ_WIDTH_A=...
Compiling module simprims_ver.RAMB36E1(INIT_00=256'b01,READ_WI...
Compiling module simprims_ver.RB36_INTERNAL_VLOG(READ_WIDTH_A=...
Compiling module simprims_ver.RAMB36E1(READ_WIDTH_A=1,READ_WID...
Compiling module xil_defaultlib.mbv_system_lmb_bram_1
Compiling module xil_defaultlib.mbv_system_dlmb_bram_if_cntlr_1_...
Compiling module xil_defaultlib.mbv_system_dlmb_bram_if_cntlr_1
Compiling module xil_defaultlib.mbv_system_dlmb_v10_1_lmb_v10
Compiling module xil_defaultlib.mbv_system_dlmb_v10_1
Compiling module xil_defaultlib.mbv_system_ilmb_bram_if_cntlr_1_...
Compiling module xil_defaultlib.mbv_system_ilmb_bram_if_cntlr_1
Compiling module xil_defaultlib.mbv_system_ilmb_v10_1_lmb_v10
Compiling module xil_defaultlib.mbv_system_ilmb_v10_1
Compiling module xil_defaultlib.mbv_local_memory_imp_1NP638B
Compiling module simprims_ver.FDCE_default
Compiling module simprims_ver.BUFGCTRL(INIT_OUT=1,PRESELECT_I0...
Compiling module xil_defaultlib.mbv_system_mdm_1_1_MB_BUFGCE_1_8...
Compiling module xil_defaultlib.mbv_system_mdm_1_1_MB_BUFG_83
Compiling module simprims_ver.FDRE(IS_C_INVERTED=1'b1)
Compiling module xil_defaultlib.mbv_system_mdm_1_1_JTAG_CONTROL
Compiling module xil_defaultlib.mbv_system_mdm_1_1_MDM_Core
Compiling module xil_defaultlib.mbv_system_mdm_1_1_MB_FDRE_39
Compiling module xil_defaultlib.mbv_system_mdm_1_1_MB_MUXCY_XORC...
Compiling module xil_defaultlib.mbv_system_mdm_1_1_MB_FDRE_41
Compiling module xil_defaultlib.mbv_system_mdm_1_1_MB_MUXCY_XORC...
Compiling module xil_defaultlib.mbv_system_mdm_1_1_MB_FDRE_43
Compiling module xil_defaultlib.mbv_system_mdm_1_1_MB_MUXCY_XORC...
Compiling module xil_defaultlib.mbv_system_mdm_1_1_MB_FDRE_45
Compiling module xil_defaultlib.mbv_system_mdm_1_1_MB_MUXCY_XORC...
Compiling module xil_defaultlib.mbv_system_mdm_1_1_MB_FDRE_47
Compiling module xil_defaultlib.mbv_system_mdm_1_1_MB_XORCY_48
Compiling module simprims_ver.SRLC32E_default
Compiling module xil_defaultlib.mbv_system_mdm_1_1_MB_SRLC32E_49
Compiling module xil_defaultlib.mbv_system_mdm_1_1_MB_SRLC32E_50
Compiling module xil_defaultlib.mbv_system_mdm_1_1_MB_SRLC32E_51
Compiling module xil_defaultlib.mbv_system_mdm_1_1_MB_SRLC32E_52
Compiling module xil_defaultlib.mbv_system_mdm_1_1_MB_SRLC32E_53
Compiling module xil_defaultlib.mbv_system_mdm_1_1_MB_SRLC32E_54
Compiling module xil_defaultlib.mbv_system_mdm_1_1_MB_SRLC32E_55
Compiling module xil_defaultlib.mbv_system_mdm_1_1_MB_SRLC32E_56
Compiling module xil_defaultlib.mbv_system_mdm_1_1_MB_SRLC32E_57
Compiling module xil_defaultlib.mbv_system_mdm_1_1_MB_SRLC32E_58
Compiling module xil_defaultlib.mbv_system_mdm_1_1_MB_SRLC32E_59
Compiling module xil_defaultlib.mbv_system_mdm_1_1_MB_SRLC32E_60
Compiling module xil_defaultlib.mbv_system_mdm_1_1_MB_SRLC32E_61
Compiling module xil_defaultlib.mbv_system_mdm_1_1_MB_SRLC32E_62
Compiling module xil_defaultlib.mbv_system_mdm_1_1_MB_SRLC32E_63
Compiling module xil_defaultlib.mbv_system_mdm_1_1_MB_SRLC32E_64
Compiling module xil_defaultlib.mbv_system_mdm_1_1_MB_SRLC32E_65
Compiling module xil_defaultlib.mbv_system_mdm_1_1_MB_SRLC32E_66
Compiling module xil_defaultlib.mbv_system_mdm_1_1_MB_SRLC32E_67
Compiling module xil_defaultlib.mbv_system_mdm_1_1_MB_SRLC32E_68
Compiling module xil_defaultlib.mbv_system_mdm_1_1_MB_SRLC32E_69
Compiling module xil_defaultlib.mbv_system_mdm_1_1_MB_SRLC32E_70
Compiling module xil_defaultlib.mbv_system_mdm_1_1_MB_SRLC32E_71
Compiling module xil_defaultlib.mbv_system_mdm_1_1_MB_SRLC32E_72
Compiling module xil_defaultlib.mbv_system_mdm_1_1_MB_SRLC32E_73
Compiling module xil_defaultlib.mbv_system_mdm_1_1_MB_SRLC32E_74
Compiling module xil_defaultlib.mbv_system_mdm_1_1_MB_SRLC32E_75
Compiling module xil_defaultlib.mbv_system_mdm_1_1_MB_SRLC32E_76
Compiling module xil_defaultlib.mbv_system_mdm_1_1_MB_SRLC32E_77
Compiling module xil_defaultlib.mbv_system_mdm_1_1_MB_SRLC32E_78
Compiling module xil_defaultlib.mbv_system_mdm_1_1_MB_SRLC32E_79
Compiling module xil_defaultlib.mbv_system_mdm_1_1_MB_SRLC32E_80
Compiling module xil_defaultlib.mbv_system_mdm_1_1_SRL_FIFO
Compiling module xil_defaultlib.mbv_system_mdm_1_1_MB_FDRE
Compiling module xil_defaultlib.mbv_system_mdm_1_1_MB_MUXCY_XORC...
Compiling module xil_defaultlib.mbv_system_mdm_1_1_MB_FDRE_1
Compiling module xil_defaultlib.mbv_system_mdm_1_1_MB_MUXCY_XORC...
Compiling module xil_defaultlib.mbv_system_mdm_1_1_MB_FDRE_3
Compiling module xil_defaultlib.mbv_system_mdm_1_1_MB_MUXCY_XORC...
Compiling module xil_defaultlib.mbv_system_mdm_1_1_MB_FDRE_5
Compiling module xil_defaultlib.mbv_system_mdm_1_1_MB_MUXCY_XORC...
Compiling module xil_defaultlib.mbv_system_mdm_1_1_MB_FDRE_7
Compiling module xil_defaultlib.mbv_system_mdm_1_1_MB_XORCY
Compiling module xil_defaultlib.mbv_system_mdm_1_1_MB_SRLC32E
Compiling module xil_defaultlib.mbv_system_mdm_1_1_MB_SRLC32E_8
Compiling module xil_defaultlib.mbv_system_mdm_1_1_MB_SRLC32E_9
Compiling module xil_defaultlib.mbv_system_mdm_1_1_MB_SRLC32E_10
Compiling module xil_defaultlib.mbv_system_mdm_1_1_MB_SRLC32E_11
Compiling module xil_defaultlib.mbv_system_mdm_1_1_MB_SRLC32E_12
Compiling module xil_defaultlib.mbv_system_mdm_1_1_MB_SRLC32E_13
Compiling module xil_defaultlib.mbv_system_mdm_1_1_MB_SRLC32E_14
Compiling module xil_defaultlib.mbv_system_mdm_1_1_MB_SRLC32E_18
Compiling module xil_defaultlib.mbv_system_mdm_1_1_MB_SRLC32E_21
Compiling module xil_defaultlib.mbv_system_mdm_1_1_MB_SRLC32E_22
Compiling module xil_defaultlib.mbv_system_mdm_1_1_MB_SRLC32E_24
Compiling module xil_defaultlib.mbv_system_mdm_1_1_MB_SRLC32E_25
Compiling module xil_defaultlib.mbv_system_mdm_1_1_MB_SRLC32E_26
Compiling module xil_defaultlib.mbv_system_mdm_1_1_MB_SRLC32E_27
Compiling module xil_defaultlib.mbv_system_mdm_1_1_MB_SRLC32E_28
Compiling module xil_defaultlib.mbv_system_mdm_1_1_MB_SRLC32E_29
Compiling module xil_defaultlib.mbv_system_mdm_1_1_MB_SRLC32E_30
Compiling module xil_defaultlib.mbv_system_mdm_1_1_MB_SRLC32E_31
Compiling module xil_defaultlib.mbv_system_mdm_1_1_MB_SRLC32E_32
Compiling module xil_defaultlib.mbv_system_mdm_1_1_MB_SRLC32E_33
Compiling module xil_defaultlib.mbv_system_mdm_1_1_MB_SRLC32E_34
Compiling module xil_defaultlib.mbv_system_mdm_1_1_MB_SRLC32E_35
Compiling module xil_defaultlib.mbv_system_mdm_1_1_MB_SRLC32E_36
Compiling module xil_defaultlib.mbv_system_mdm_1_1_MB_SRLC32E_37
Compiling module xil_defaultlib.mbv_system_mdm_1_1_MB_SRLC32E_38
Compiling module xil_defaultlib.mbv_system_mdm_1_1_SRL_FIFO_0
Compiling module xil_defaultlib.mbv_system_mdm_1_1_bus_master
Compiling module simprims_ver.BSCANE2(JTAG_CHAIN=2)
Compiling module xil_defaultlib.mbv_system_mdm_1_1_MB_BSCANE2
Compiling module xil_defaultlib.mbv_system_mdm_1_1_MB_LUT1
Compiling module xil_defaultlib.mbv_system_mdm_1_1_MB_BUFGCE_1
Compiling module xil_defaultlib.mbv_system_mdm_1_1_MDM_RISCV
Compiling module xil_defaultlib.mbv_system_mdm_1_1
Compiling module xil_defaultlib.LUT6_2_UNIQ_BASE_
Compiling module xil_defaultlib.LUT6_2_HD832
Compiling module xil_defaultlib.LUT6_2_HD833
Compiling module xil_defaultlib.LUT6_2_HD834
Compiling module xil_defaultlib.LUT6_2_HD835
Compiling module xil_defaultlib.LUT6_2_HD836
Compiling module xil_defaultlib.LUT6_2_HD837
Compiling module xil_defaultlib.LUT6_2_HD838
Compiling module xil_defaultlib.LUT6_2_HD839
Compiling module xil_defaultlib.LUT6_2_HD840
Compiling module xil_defaultlib.LUT6_2_HD841
Compiling module xil_defaultlib.LUT6_2_HD842
Compiling module xil_defaultlib.LUT6_2_HD843
Compiling module xil_defaultlib.LUT6_2_HD844
Compiling module xil_defaultlib.LUT6_2_HD845
Compiling module xil_defaultlib.LUT6_2_HD846
Compiling module xil_defaultlib.LUT6_2_HD847
Compiling module xil_defaultlib.LUT6_2_HD848
Compiling module xil_defaultlib.LUT6_2_HD849
Compiling module xil_defaultlib.LUT6_2_HD850
Compiling module xil_defaultlib.LUT6_2_HD851
Compiling module xil_defaultlib.LUT6_2_HD852
Compiling module xil_defaultlib.LUT6_2_HD853
Compiling module xil_defaultlib.LUT6_2_HD854
Compiling module xil_defaultlib.LUT6_2_HD855
Compiling module xil_defaultlib.LUT6_2_HD856
Compiling module xil_defaultlib.LUT6_2_HD857
Compiling module xil_defaultlib.LUT6_2_HD858
Compiling module xil_defaultlib.LUT6_2_HD859
Compiling module xil_defaultlib.LUT6_2_HD860
Compiling module xil_defaultlib.LUT6_2_HD861
Compiling module xil_defaultlib.LUT6_2_HD862
Compiling module xil_defaultlib.LUT6_2_HD863
Compiling module xil_defaultlib.LUT6_2_HD864
Compiling module xil_defaultlib.LUT6_2_HD865
Compiling module simprims_ver.DSP48E1(ACASCREG=0,ALUMODEREG=0,...
Compiling module simprims_ver.DSP48E1(ACASCREG=0,ALUMODEREG=0,...
Compiling module simprims_ver.DSP48E1(ACASCREG=0,ALUMODEREG=0,...
Compiling module xil_defaultlib.RAM32M_HD866
Compiling module xil_defaultlib.RAM32M_HD867
Compiling module xil_defaultlib.RAM32M_HD868
Compiling module xil_defaultlib.RAM32M_HD869
Compiling module xil_defaultlib.RAM32M_HD870
Compiling module xil_defaultlib.RAM32M_HD871
Compiling module xil_defaultlib.RAM32M_HD872
Compiling module xil_defaultlib.RAM32M_HD873
Compiling module xil_defaultlib.RAM32M_HD874
Compiling module xil_defaultlib.RAM32M_HD875
Compiling module xil_defaultlib.RAM32M_HD876
Compiling module xil_defaultlib.RAM32M_HD877
Compiling module xil_defaultlib.RAM32M_HD878
Compiling module xil_defaultlib.RAM32M_HD879
Compiling module xil_defaultlib.RAM32M_HD880
Compiling module xil_defaultlib.RAM32M_HD881
Compiling module xil_defaultlib.LUT6_2_HD882
Compiling module xil_defaultlib.LUT6_2_HD883
Compiling module xil_defaultlib.LUT6_2_HD884
Compiling module xil_defaultlib.LUT6_2_HD885
Compiling module xil_defaultlib.LUT6_2_HD886
Compiling module xil_defaultlib.LUT6_2_HD887
Compiling module xil_defaultlib.LUT6_2_HD888
Compiling module xil_defaultlib.LUT6_2_HD889
Compiling module xil_defaultlib.LUT6_2_HD890
Compiling module xil_defaultlib.LUT6_2_HD891
Compiling module xil_defaultlib.LUT6_2_HD892
Compiling module xil_defaultlib.LUT6_2_HD893
Compiling module xil_defaultlib.LUT6_2_HD894
Compiling module xil_defaultlib.LUT6_2_HD895
Compiling module xil_defaultlib.LUT6_2_HD896
Compiling module xil_defaultlib.LUT6_2_HD897
Compiling module xil_defaultlib.LUT6_2_HD898
Compiling module xil_defaultlib.LUT6_2_HD899
Compiling module xil_defaultlib.LUT6_2_HD900
Compiling module xil_defaultlib.LUT6_2_HD901
Compiling module xil_defaultlib.LUT6_2_HD902
Compiling module xil_defaultlib.LUT6_2_HD903
Compiling module xil_defaultlib.LUT6_2_HD904
Compiling module xil_defaultlib.LUT6_2_HD905
Compiling module xil_defaultlib.LUT6_2_HD906
Compiling module xil_defaultlib.LUT6_2_HD907
Compiling module xil_defaultlib.LUT6_2_HD908
Compiling module xil_defaultlib.LUT6_2_HD909
Compiling module xil_defaultlib.LUT6_2_HD910
Compiling module xil_defaultlib.LUT6_2_HD911
Compiling module xil_defaultlib.LUT6_2_HD912
Compiling module simprims_ver.DSP48E1(ACASCREG=0,ALUMODEREG=0,...
Compiling module simprims_ver.DSP48E1(ACASCREG=0,ALUMODEREG=0,...
Compiling module xil_defaultlib.RAM32M_HD913
Compiling module xil_defaultlib.RAM32M_HD914
Compiling module xil_defaultlib.RAM32M_HD915
Compiling module xil_defaultlib.RAM32M_HD916
Compiling module xil_defaultlib.RAM32M_HD917
Compiling module xil_defaultlib.RAM32M_HD918
Compiling module xil_defaultlib.RAM32M_HD919
Compiling module xil_defaultlib.RAM32M_HD920
Compiling module xil_defaultlib.RAM32M_HD921
Compiling module xil_defaultlib.RAM32M_HD922
Compiling module xil_defaultlib.RAM32M_HD923
Compiling module xil_defaultlib.RAM32M_HD924
Compiling module xil_defaultlib.RAM32M_HD925
Compiling module xil_defaultlib.RAM32M_HD926
Compiling module xil_defaultlib.RAM32M_HD927
Compiling module xil_defaultlib.RAM32M_HD928
Compiling module simprims_ver.RAMS64E
Compiling module xil_defaultlib.RAM64X1S_UNIQ_BASE_
Compiling module xil_defaultlib.RAM64X1S_HD929
Compiling module simprims_ver.RB36_INTERNAL_VLOG(READ_WIDTH_A=...
Compiling module simprims_ver.RAMB36E1(READ_WIDTH_A=36,READ_WI...
Compiling module simprims_ver.FDPE_default
Compiling module simprims_ver.FDSE(XON="FALSE")
Compiling module simprims_ver.RB18_INTERNAL_VLOG(RAM_MODE="SDP...
Compiling module simprims_ver.RAMB18E1(RAM_MODE="SDP",READ_WID...
Compiling module xil_defaultlib.LUT6_2_HD930
Compiling module xil_defaultlib.LUT6_2_HD931
Compiling module xil_defaultlib.LUT6_2_HD932
Compiling module xil_defaultlib.LUT6_2_HD933
Compiling module xil_defaultlib.LUT6_2_HD934
Compiling module xil_defaultlib.LUT6_2_HD935
Compiling module xil_defaultlib.LUT6_2_HD936
Compiling module xil_defaultlib.LUT6_2_HD937
Compiling module xil_defaultlib.LUT6_2_HD938
Compiling module xil_defaultlib.LUT6_2_HD939
Compiling module xil_defaultlib.LUT6_2_HD940
Compiling module xil_defaultlib.LUT6_2_HD941
Compiling module xil_defaultlib.LUT6_2_HD942
Compiling module xil_defaultlib.LUT6_2_HD943
Compiling module xil_defaultlib.LUT6_2_HD944
Compiling module xil_defaultlib.LUT6_2_HD945
Compiling module xil_defaultlib.mbv_system_microblaze_riscv_0_0
Compiling module xil_defaultlib.mbv_system_rst_clk_wiz_1_100M_1_...
Compiling module xil_defaultlib.mbv_system_rst_clk_wiz_1_100M_1_...
Compiling module xil_defaultlib.mbv_system_rst_clk_wiz_1_100M_1_...
Compiling module xil_defaultlib.mbv_system_rst_clk_wiz_1_100M_1_...
Compiling module xil_defaultlib.mbv_system_rst_clk_wiz_1_100M_1_...
Compiling module xil_defaultlib.mbv_system_rst_clk_wiz_1_100M_1_...
Compiling module xil_defaultlib.mbv_system_rst_clk_wiz_1_100M_1
Compiling module xil_defaultlib.mbv_system
Compiling module xil_defaultlib.IOBUF_HD946
Compiling module xil_defaultlib.IOBUF_HD947
Compiling module xil_defaultlib.IOBUF_HD948
Compiling module xil_defaultlib.IOBUF_HD949
Compiling module xil_defaultlib.IOBUF_HD950
Compiling module xil_defaultlib.IOBUF_HD951
Compiling module xil_defaultlib.IOBUF_HD952
Compiling module xil_defaultlib.IOBUF_HD953
Compiling module xil_defaultlib.IOBUF_HD954
Compiling module xil_defaultlib.IOBUF_HD955
Compiling module xil_defaultlib.IOBUF_HD956
Compiling module xil_defaultlib.IOBUF_HD957
Compiling module xil_defaultlib.IOBUF_HD958
Compiling module xil_defaultlib.IOBUF_HD959
Compiling module xil_defaultlib.IOBUF_HD960
Compiling module xil_defaultlib.IOBUF_HD961
Compiling module xil_defaultlib.IOBUF_HD962
Compiling module xil_defaultlib.IOBUF_HD963
Compiling module xil_defaultlib.IOBUF_HD964
Compiling module xil_defaultlib.IOBUF_HD965
Compiling module xil_defaultlib.IOBUF_HD966
Compiling module xil_defaultlib.IOBUF_HD967
Compiling module xil_defaultlib.IOBUF_HD968
Compiling module xil_defaultlib.IOBUF_HD969
Compiling module xil_defaultlib.IOBUF_HD970
Compiling module xil_defaultlib.IOBUF_HD971
Compiling module xil_defaultlib.IOBUF_HD972
Compiling module xil_defaultlib.IOBUF_HD973
Compiling module xil_defaultlib.IOBUF_HD974
Compiling module xil_defaultlib.IOBUF_HD975
Compiling module xil_defaultlib.IOBUF_HD976
Compiling module xil_defaultlib.IOBUF_HD977
Compiling module xil_defaultlib.IOBUF_HD978
Compiling module xil_defaultlib.IOBUF_HD979
Compiling module xil_defaultlib.IOBUF_HD980
Compiling module xil_defaultlib.IOBUF_HD981
Compiling module xil_defaultlib.IOBUF_HD982
Compiling module xil_defaultlib.IOBUF_HD983
Compiling module xil_defaultlib.IOBUF_HD984
Compiling module xil_defaultlib.IOBUF_HD985
Compiling module xil_defaultlib.IOBUF_HD986
Compiling module xil_defaultlib.IOBUF_HD987
Compiling module xil_defaultlib.IOBUF_HD988
Compiling module xil_defaultlib.IOBUF_HD989
Compiling module xil_defaultlib.IOBUF_HD990
Compiling module xil_defaultlib.IOBUF_HD991
Compiling module xil_defaultlib.mbv_system_wrapper
Compiling module xil_defaultlib.glbl
Built simulation snapshot mbv_system_wrapper_time_impl
